01-13 20:05:51.654   344   491 D vndksupport: Loading /vendor/lib/hw/audio.usb.default.so from current namespace instead of sphal namespace.
01-13 20:05:51.658   365   365 I AudioFlinger: loadHwModule() Loaded usb audio interface, handle 26
01-13 20:05:51.659   344   491 D vndksupport: Loading /vendor/lib/hw/audio.r_submix.default.so from current namespace instead of sphal namespace.
01-13 20:05:51.662   344   491 I r_submix: adev_open(name=audio_hw_if)
01-13 20:05:51.663   344   491 I r_submix: adev_init_check()
01-13 20:05:51.664   344   491 W DeviceHAL: Device 0xab903540 set_master_mute: Function not implemented
01-13 20:05:51.664   365   365 I AudioFlinger: loadHwModule() Loaded r_submix audio interface, handle 34
01-13 20:05:51.664   344   491 D r_submix: adev_open_input_stream(addr=0)
01-13 20:05:51.664   344   491 D r_submix: submix_audio_device_create_pipe_l(addr=0, idx=9)
01-13 20:05:51.664   344   491 D r_submix:   now using address 0 for route 9
01-13 20:05:51.666   365   528 I AudioFlinger: AudioFlinger's thread 0xaa383f00 tid=528 ready to run
01-13 20:05:51.667   365   365 D AudioPolicyManagerCustom: USE_XML_AUDIO_POLICY_CONF is TRUE
01-13 20:05:51.670   235   235 W /system/bin/hwservicemanager: getTransport: Cannot find entry android.hardware.soundtrigger@2.0::ISoundTriggerHw/default in either framework or device manifest.
01-13 20:05:51.672   365   365 I SoundTriggerHalHidl: getProperties res implementor 
01-13 20:05:51.672   365   365 I SoundTriggerHalHidl: getProperties ret -19
01-13 20:05:51.672   365   365 E SoundTriggerHwService: could not read implementation properties
01-13 20:05:51.672   344   491 D r_submix: adev_close_input_stream()
01-13 20:05:51.672   344   491 D r_submix: submix_audio_device_release_pipe_l(idx=9) addr=0
01-13 20:05:51.673   344   491 D r_submix: submix_audio_device_destroy_pipe_l(): pipe destroyed
01-13 20:05:51.692   354   354 I qdutils : PartialUpdate status: Disabled
01-13 20:05:51.692   354   354 I qdutils : Left Align: 0
01-13 20:05:51.693   354   354 I qdutils : Width Align: 0
01-13 20:05:51.693   354   354 I qdutils : Top Align: 0
01-13 20:05:51.693   354   354 I qdutils : Height Align: 0
01-13 20:05:51.693   354   354 I qdutils : Min ROI Width: 0
01-13 20:05:51.693   354   354 I qdutils : Min ROI Height: 0
01-13 20:05:51.693   354   354 I qdutils : Needs ROI Merge: 0
01-13 20:05:51.693   354   354 I qdutils : Dynamic Fps: Disabled
01-13 20:05:51.693   354   354 I qdutils : Min Panel fps: 0
01-13 20:05:51.693   354   354 I qdutils : Max Panel fps: 0
01-13 20:05:51.693   358   358 E mm-camera-sensor: parse_module_xml:151 freeing doc
01-13 20:05:51.693   358   358 E mm-camera-sensor: [mm]check_version:745 FIRMWARE: core_version(0x41) resolution(0x30 0x35) isp(0x51) sensor_maker(0x46)
01-13 20:05:51.693   358   358 E mm-camera-sensor: [mm]check_version:748 EEPROM:   core_version(0x43) resolution(0x30 0x35) isp(0x51) sensor_maker(0x46)
01-13 20:05:51.693   358   358 E mm-camera-sensor: [mm]check_version:754 [FW_DBG] FIRMWARE: A 05 Q F H I 01 N A
01-13 20:05:51.693   354   354 E qdutils : getHDMINode: Failed to open fb node 2
01-13 20:05:51.693   354   354 E qdutils : getHDMINode: Failed to find HDMI node
01-13 20:05:51.693   358   358 E mm-camera-sensor: [mm]check_version:759 [FW_DBG] EEPROM:   C 05 Q F I B 02 C M
01-13 20:05:51.693   358   358 E mm-camera-sensor: [mm]check_version:767 EEPROM has a new sensor module. Loading from EEPROM
01-13 20:05:51.693   358   358 E mm-camera-sensor: [mm]read_eeprom_sensor_lib_info:947 firmware version file system/etc/C05QF_sr544_module_info.xml
01-13 20:05:51.694   358   358 E mm-camera-sensor: parse_module_xml:151 freeing doc
01-13 20:05:51.694   358   358 E mm-camera-sensor: read_eeprom_sensor_lib_info:964 [FW_DBG] PHONE cl_number : 1450080
01-13 20:05:51.694   358   358 E mm-camera-sensor: [mm]write_sysfs_firmware_version:818 [FW_DBG][/sys/class/camera/rear/rear_camfw] C05QFIB02CM A05QFHI01NA
01-13 20:05:51.694   358   358 E mm-camera-sensor: [mm]read_eeprom_sensor_lib_info:990 check F/W header size : 48
01-13 20:05:51.694   358   358 E mm-camera-sensor: [mm]read_eeprom_sensor_lib_info:992 check F/W header size : 48 is not matched!
01-13 20:05:51.694   358   358 E mm-camera-sensor: check_all_eeprom_dev:344 Done enumerating media devices
01-13 20:05:51.694   358   358 E mm-camera-sensor: check_all_eeprom_dev:388 EEPROM device found count: 1
01-13 20:05:51.694   358   358 E mm-camera-sensor: sensor_init_probe:531 Loading from EEPROM(new or higher version), but no actual F/W bin at F-ROM
01-13 20:05:51.694   358   358 E mm-camera-sensor: sensor_init_probe:610 sensor name : sr544 actuator name : dw9804_rossa
01-13 20:05:51.695   358   358 E mm-camera-sensor: sensor_probe:180 LOAD from Phone
01-13 20:05:51.695   358   358 E mm-camera-sensor: sensor_load_library:79 sr544 : load from phone
01-13 20:05:51.696   354   354 E qdutils : getHDMINode: Failed to open fb node 2
01-13 20:05:51.696   354   354 E qdutils : getHDMINode: Failed to find HDMI node
01-13 20:05:51.698   354   354 D vndksupport: Loading /vendor/lib/hw/copybit.msm8916.so from current namespace instead of sphal namespace.
01-13 20:05:51.698   354   530 E qdhwcomposer: timeout_handler: HWC proc not registered
01-13 20:05:51.701   354   354 W qdcopybit: open_copybit i = 0 surface_id=-1026555902
01-13 20:05:51.702   354   354 W qdcopybit: open_copybit i = 1 surface_id=-1026555901
01-13 20:05:51.702   354   354 W qdcopybit: open_copybit i = 2 surface_id=-1026555900
01-13 20:05:51.702   354   354 W qdcopybit: open_copybit i = 3 surface_id=-1026555899
01-13 20:05:51.702   354   354 W qdcopybit: open_copybit i = 4 surface_id=-1026555898
01-13 20:05:51.702   354   354 W qdcopybit: open_copybit i = 5 surface_id=-1026555897
01-13 20:05:51.702   354   354 W qdcopybit: open_copybit i = 6 surface_id=-1026555896
01-13 20:05:51.702   354   354 W qdcopybit: open_copybit i = 7 surface_id=-1026555895
01-13 20:05:51.702   354   354 W qdcopybit: open_copybit i = 8 surface_id=-1026555894
01-13 20:05:51.702   354   354 W qdcopybit: open_copybit i = 9 surface_id=-1026555893
01-13 20:05:51.702   354   354 W qdcopybit: open_copybit i = 10 surface_id=-1026555892
01-13 20:05:51.702   354   354 W qdcopybit: open_copybit i = 11 surface_id=-1026555891
01-13 20:05:51.702   354   354 W qdcopybit: open_copybit i = 12 surface_id=-1026555890
01-13 20:05:51.702   354   354 W qdcopybit: open_copybit i = 13 surface_id=-1026555889
01-13 20:05:51.702   354   354 W qdcopybit: open_copybit i = 14 surface_id=-1026555888
01-13 20:05:51.702   354   354 W qdcopybit: open_copybit i = 15 surface_id=-1026555887
01-13 20:05:51.702   354   354 W qdcopybit: open_copybit i = 16 surface_id=-1026555886
01-13 20:05:51.702   354   354 W qdcopybit: open_copybit i = 17 surface_id=-1026555885
01-13 20:05:51.702   354   354 W qdcopybit: open_copybit i = 18 surface_id=-1026555884
01-13 20:05:51.702   354   354 W qdcopybit: open_copybit i = 19 surface_id=-1026555883
01-13 20:05:51.702   354   354 W qdcopybit: open_copybit i = 20 surface_id=-1026555882
01-13 20:05:51.702   354   354 W qdcopybit: open_copybit i = 21 surface_id=-1026555881
01-13 20:05:51.702   354   354 W qdcopybit: open_copybit i = 22 surface_id=-1026555880
01-13 20:05:51.702   354   354 W qdcopybit: open_copybit i = 23 surface_id=-1026555879
01-13 20:05:51.702   354   354 W qdcopybit: open_copybit i = 24 surface_id=-1026555878
01-13 20:05:51.702   354   354 W qdcopybit: open_copybit i = 25 surface_id=-1026555877
01-13 20:05:51.702   354   354 W qdcopybit: open_copybit i = 26 surface_id=-1026555876
01-13 20:05:51.702   354   354 W qdcopybit: open_copybit i = 27 surface_id=-1026555875
01-13 20:05:51.702   354   354 W qdcopybit: open_copybit i = 28 surface_id=-1026555874
01-13 20:05:51.702   354   354 W qdcopybit: open_copybit i = 29 surface_id=-1026555873
01-13 20:05:51.702   354   354 W qdcopybit: open_copybit i = 30 surface_id=-1026555872
01-13 20:05:51.702   354   354 W qdcopybit: open_copybit i = 31 surface_id=-1026555871
01-13 20:05:51.702   354   354 W qdcopybit: open_copybit: 2 Plane YUV i=0 surface_id=-1026555869
01-13 20:05:51.702   354   354 W qdcopybit: open_copybit: 2 Plane YUV i=1 surface_id=-1026555868
01-13 20:05:51.702   354   354 W qdcopybit: open_copybit: 2 Plane YUV i=2 surface_id=-1026555867
01-13 20:05:51.702   354   354 W qdcopybit: open_copybit: 2 Plane YUV i=3 surface_id=-1026555866
01-13 20:05:51.702   354   354 W qdcopybit: open_copybit: 3 Plane YUV i=0 surface_id=-1026555864
01-13 20:05:51.705   354   354 I qdhwcomposer: Initializing Qualcomm Hardware Composer
01-13 20:05:51.705   354   354 I qdhwcomposer: MDP version: 500
01-13 20:05:51.705   354   354 I SurfaceFlinger: Using composer version 1.5
01-13 20:05:51.705   354   354 I qdhwcomposer: hwc_registerProcs
01-13 20:05:51.705   354   354 I qdhwcomposer: Initializing UEVENT Thread
01-13 20:05:51.705   354   354 I qdhwcomposer: Initializing VSYNC Thread
01-13 20:05:51.705   354   354 D qdhwcomposer: hwc_getDisplayAttributes disp = 0, width = 768
01-13 20:05:51.705   354   354 D qdhwcomposer: hwc_getDisplayAttributes disp = 0, height = 1024
01-13 20:05:51.705   354   354 E qdhwcomposer: Unknown display attribute 6
01-13 20:05:51.705   354   354 D qdhwcomposer: hwc_getDisplayAttributes disp = 0, width = 768
01-13 20:05:51.705   354   354 D qdhwcomposer: hwc_getDisplayAttributes disp = 0, height = 1024
01-13 20:05:51.705   354   534 I qdhwcomposer: vsync_loop: Reading event 0 for dpy 0 from /sys/class/graphics/fb0/vsync_event
01-13 20:05:51.706   354   534 I qdhwcomposer: vsync_loop: Reading event 1 for dpy 0 from /sys/class/graphics/fb0/show_blank_event
01-13 20:05:51.706   354   534 I qdhwcomposer: vsync_loop: Reading event 2 for dpy 0 from /sys/class/graphics/fb0/msm_fb_thermal_level
01-13 20:05:51.706   354   534 I qdhwcomposer: vsync_loop: Reading event 0 for dpy 1 from /sys/class/graphics/fb-1/vsync_event
01-13 20:05:51.706   354   534 I qdhwcomposer: vsync_loop: Reading event 1 for dpy 1 from /sys/class/graphics/fb-1/show_blank_event
01-13 20:05:51.706   354   534 I qdhwcomposer: vsync_loop: Reading event 2 for dpy 1 from /sys/class/graphics/fb-1/msm_fb_thermal_level
01-13 20:05:51.710   354   354 I SurfaceFlinger: EGL information:
01-13 20:05:51.710   354   354 I SurfaceFlinger: vendor    : Android
01-13 20:05:51.710   354   354 I SurfaceFlinger: version   : 1.4 Android META-EGL
01-13 20:05:51.710   354   354 I SurfaceFlinger: extensions: EGL_KHR_get_all_proc_addresses EGL_ANDROID_presentation_time EGL_KHR_swap_buffers_with_damage EGL_ANDROID_get_native_client_buffer EGL_ANDROID_front_buffer_auto_refresh EGL_ANDROID_get_frame_timestamps EGL_KHR_image EGL_KHR_image_base EGL_KHR_lock_surface EGL_KHR_gl_colorspace EGL_KHR_gl_texture_2D_image EGL_KHR_gl_texture_3D_image EGL_KHR_gl_texture_cubemap_image EGL_KHR_gl_renderbuffer_image EGL_KHR_fence_sync EGL_KHR_create_context EGL_EXT_create_context_robustness EGL_ANDROID_image_native_buffer EGL_KHR_wait_sync EGL_ANDROID_recordable EGL_KHR_partial_update EGL_IMG_context_priority 
01-13 20:05:51.710   354   354 I SurfaceFlinger: Client API: OpenGL_ES
01-13 20:05:51.710   354   354 I SurfaceFlinger: EGLSurface: 8-8-8-8, config=0x5
01-13 20:05:51.710   354   354 W Adreno-EGL: <qeglDrvAPI_eglGetConfigAttrib:607>: EGL_BAD_ATTRIBUTE
01-13 20:05:51.711   354   354 I SurfaceFlinger: OpenGL ES informations:
01-13 20:05:51.711   354   354 I SurfaceFlinger: vendor    : Qualcomm
01-13 20:05:51.711   354   354 I SurfaceFlinger: renderer  : Adreno (TM) 306
01-13 20:05:51.711   354   354 I SurfaceFlinger: version   : OpenGL ES 3.0 V@145.0 AU@ (GIT@I38fdb1353f)
01-13 20:05:51.711   354   354 I SurfaceFlinger: extensions: GL_AMD_compressed_ATC_texture GL_AMD_performance_monitor GL_AMD_program_binary_Z400 GL_EXT_debug_label GL_EXT_debug_marker GL_EXT_discard_framebuffer GL_EXT_robustness GL_EXT_texture_format_BGRA8888 GL_EXT_texture_type_2_10_10_10_REV GL_NV_fence GL_OES_compressed_ETC1_RGB8_texture GL_OES_depth_texture GL_OES_depth24 GL_OES_EGL_image GL_OES_EGL_sync GL_OES_EGL_image_external GL_OES_element_index_uint GL_OES_fbo_render_mipmap GL_OES_fragment_precision_high GL_OES_get_program_binary GL_OES_packed_depth_stencil GL_OES_depth_texture_cube_map GL_OES_rgb8_rgba8 GL_OES_standard_derivatives GL_OES_texture_3D GL_OES_texture_float GL_OES_texture_half_float GL_OES_texture_half_float_linear GL_OES_texture_npot GL_OES_vertex_half_float GL_OES_vertex_type_10_10_10_2 GL_OES_vertex_array_object GL_QCOM_alpha_test GL_QCOM_binning_control GL_QCOM_driver_control GL_QCOM_perfmon_global_mode GL_QCOM_extended_get GL_QCOM_extended_get2 GL_QCOM_tiled_rendering GL_QCOM_writeonly_rendering GL_EXT_sRGB GL_EXT_sRGB_write_con
01-13 20:05:51.711   354   354 I SurfaceFlinger: GL_MAX_TEXTURE_SIZE = 4096
01-13 20:05:51.711   354   354 I SurfaceFlinger: GL_MAX_VIEWPORT_DIMS = 4096
01-13 20:05:51.715   354   354 W Adreno-EGL: <qeglDrvAPI_eglGetConfigAttrib:607>: EGL_BAD_ATTRIBUTE
01-13 20:05:51.716   354   354 D vndksupport: Loading /vendor/lib/hw/gralloc.msm8916.so from current namespace instead of sphal namespace.
01-13 20:05:51.718   354   354 D vndksupport: Loading /vendor/lib/hw/android.hardware.graphics.mapper@2.0-impl.so from current namespace instead of sphal namespace.
01-13 20:05:51.722   354   354 D vndksupport: Loading /vendor/lib/hw/gralloc.msm8916.so from current namespace instead of sphal namespace.
01-13 20:05:51.750   358   506 E mm-camera-sensor: sensor_write_init_settings:440 CFG_SET_SENSOR_OTP_CAL:sr544, 0
01-13 20:05:51.750   358   506 E mm-camera-sensor: eeprom_process:1459 eeprom_process:1459: event: 73 e_ctrl->fd: 26
01-13 20:05:51.750   358   506 E mm-camera-sensor: eeprom_process:1526 EEPROM_GET_ACTUATOR_NAME: E
01-13 20:05:51.750   358   506 E mm-camera-sensor: module_sensor_load_3a_libs:441 s_bundle->eeprom_data: 0xa9c30040
01-13 20:05:51.750   358   506 E mm-camera-sensor: [mm]hwinfo_make_3a_name:1702 hw info C05QF
01-13 20:05:51.750   358   506 E mm-camera-sensor: [mm]hwinfo_make_3a_name:1721 3a name (type : 0) libTsAe.so
01-13 20:05:51.750   358   506 E mm-camera-sensor: module_sensor_load_3a_libs:468 aec 0x0
01-13 20:05:51.750   358   506 E mm-camera-sensor: [mm]hwinfo_make_3a_name:1702 hw info C05QF
01-13 20:05:51.750   358   506 E mm-camera-sensor: [mm]hwinfo_make_3a_name:1721 3a name (type : 2) libTs_J_Awb.so
01-13 20:05:51.750   358   506 E mm-camera-sensor: module_sensor_load_3a_libs:494 awb 0x0
01-13 20:05:51.750   358   506 E mm-camera-sensor: [mm]hwinfo_make_3a_name:1702 hw info C05QF
01-13 20:05:51.750   358   506 E mm-camera-sensor: [mm]hwinfo_make_3a_name:1721 3a name (type : 3) libTs_J_Accm.so
01-13 20:05:51.750   358   506 E mm-camera-sensor: module_sensor_load_3a_libs:520 accm 0x0
01-13 20:05:51.750   358   506 E mm-camera-sensor: [mm]hwinfo_make_3a_name:1702 hw info C05QF
01-13 20:05:51.750   358   506 E mm-camera-sensor: [mm]hwinfo_make_3a_name:1721 3a name (type : 1) libTsAf.so
01-13 20:05:51.750   358   506 E mm-camera-sensor: module_sensor_load_3a_libs:548 af 0x0
01-13 20:05:51.750   358   506 E mm-camera-sensor: module_sensor_init_session:968 rajeshb in func module_sensor_init_session line 968
01-13 20:05:51.750   358   506 E mm-camera-sensor: 
01-13 20:05:51.750   358   506 E mm-camera-sensor: module_sensor_start_session:1164 func module_sensor_start_session line 1164
01-13 20:05:51.750   358   506 E mm-camera-sensor: 
01-13 20:05:51.750   358   358 E mm-camera: pproc_module_query_mod:1690] feature_mask 0x21e X
01-13 20:05:51.750   358   358 E mm-camera: stats_module_set_session: E,kur sessionid=0x2, module=0xa9c193e0
01-13 20:05:51.750   358   358 E mm-camera: aec_module_set_session E kur module 0xa9c194a0 sessionid=131072
01-13 20:05:51.750   358   358 E mm-camera-AEC: aec_load_function: loading QTI Rear algorithm
01-13 20:05:51.751   358   358 E mm-camera: awb_module_set_session E kur module 0xa9c19500 sessionid=131072
01-13 20:05:51.751   358   358 E mm-camera: awb_port_load_lib: loading AL or QTI AWB: session = 0x20000, session_id = 2
01-13 20:05:51.751   358   358 E mm-camera: awb_load_function: loading QTI Rear algorithm
01-13 20:05:51.751   358   358 D alPrinter: AWBVersion
01-13 20:05:51.751   358   358 D alPrinter:     AWB Inst   4.4.0.2914  :R 
01-13 20:05:51.751   358   358 D alPrinter:     Date:9999/99/99(2014/12/12 11:08)
01-13 20:05:51.751   358   358 D alPrinter: AwbVersion
01-13 20:05:51.751   358   358 D alPrinter:     Awb core  gta/j1 1.4.12.746 gta/j1 :R(M) 
01-13 20:05:51.751   358   358 D alPrinter:     Date:9999/99/99(2015/03/26 16:40)
01-13 20:05:51.751   358   358 D alPrinter: AwbVersion
01-13 20:05:51.751   358   358 D alPrinter:     Awb Sp  gta/j1 1.4.12.746 gta/j1 :R(M) 
01-13 20:05:51.751   358   358 D alPrinter:     Date:9999/99/99(2015/03/26 16:40)
01-13 20:05:51.752   358   358 E mm-camera: af_module_set_session E kur module 0xa9c19560 sessionid=131072
01-13 20:05:51.752   358   358 E AF_PORT : af_port_load_lib: loading QTI AF: session = 0x20000, session_id = 2
01-13 20:05:51.752   358   358 E mm-camera: af_load_function: loading QTI Rear algorithm
01-13 20:05:51.752   358   358 E         : af_init: X
01-13 20:05:51.752   358   358 E mm-camera: server_process_hal_event:__DBG__ X sucess event id=1
01-13 20:05:51.752   372   372 E mm-camera-intf: mm_camera_open:  opened, break out while loop
01-13 20:05:51.752   372   372 E mm-camera-intf: mm_camera_socket_create: socket_fd =8
01-13 20:05:51.753   372   372 W QCameraHWI_Mem: alloc: use ION_SYSTEM_HEAP_ID memory: (33554432)
01-13 20:05:51.754   358   358 E mm-camera: server_process_hal_event:__DBG__ E event id=4
01-13 20:05:51.754   358   358 E mm-camera: server_process_hal_event:__DBG__ X sucess event id=4
01-13 20:05:51.754   358   540 E mm-camera: pproc_module_query_mod:1690] feature_mask 0x21e X
01-13 20:05:51.776   358   358 E         : open lib sr544_open_lib hwver = 4   rev = 4 
01-13 20:05:51.776   358   358 E mm-camera-sensor: sensor_probe:204 actuator name is : dw9804_rossa
01-13 20:05:51.776   358   358 E mm-camera-sensor: 
01-13 20:05:51.776   358   358 E mm-camera-sensor: sensor_probe:211 eeprom name is : silicon_sr544
01-13 20:05:51.776   358   358 E mm-camera-sensor: 
01-13 20:05:51.776   358   358 E mm-camera-sensor: sensor_probe:218 func sensor_probe line 218 sensor_id = 17413
01-13 20:05:51.776   358   358 E mm-camera-sensor: 
01-13 20:05:51.778   375   375 W /vendor/bin/hw/android.hardware.media.omx@1.0-service: libminijail[375]: allowing syscall: clock_gettime
01-13 20:05:51.778   375   375 W /vendor/bin/hw/android.hardware.media.omx@1.0-service: libminijail[375]: allowing syscall: connect
01-13 20:05:51.778   375   375 W /vendor/bin/hw/android.hardware.media.omx@1.0-service: libminijail[375]: allowing syscall: fcntl64
01-13 20:05:51.778   375   375 W /vendor/bin/hw/android.hardware.media.omx@1.0-service: libminijail[375]: allowing syscall: socket
01-13 20:05:51.778   375   375 W /vendor/bin/hw/android.hardware.media.omx@1.0-service: libminijail[375]: allowing syscall: writev
01-13 20:05:51.779   375   375 W /vendor/bin/hw/android.hardware.media.omx@1.0-service: libminijail[375]: logging seccomp filter failures
01-13 20:05:51.819   372   372 E qomx_image_core: OMX_Init:94] Complete 2
01-13 20:05:51.820   372   372 W QCameraHWI_Mem: alloc: use ION_SYSTEM_HEAP_ID memory: (33554432)
01-13 20:05:51.820   372   372 I QCameraParameters: initDefaultParameters: supported preview sizes: 1280x960,1280x720,800x480,720x720,720x480,640x480,352x288,320x240,176x144
01-13 20:05:51.821   372   372 I QCameraParameters: set Default prview sizes : 1280x960
01-13 20:05:51.821   372   372 I QCameraParameters: initDefaultParameters: supported video sizes: 1280x720,720x480,640x480,352x288,320x240,176x144
01-13 20:05:51.821   372   372 I QCameraParameters: initDefaultParameters: supported live snapshot sizes: 2592x1944,2576x1932,2560x1440,2048x1536,2048x1152,1920x1080,1600x1200,1440x1080,1280x768,1280x720,1024x768,800x600,800x480,800x450,720x480,640x480,352x288,320x240
01-13 20:05:51.821   372   372 W QCameraParameters: [PARM_DBG] Setting focus mode auto
01-13 20:05:51.822   372   372 W QCameraParameters: [PARM_DBG] setAutoExposure: Setting auto exposure center
01-13 20:05:51.822   372   372 E QCameraParameters: setExposureCompensation : Setting Exposure Compensation = 0 
01-13 20:05:51.822   372   372 E QCameraParameters:  
01-13 20:05:51.822   372   372 W QCameraParameters: [PARM_DBG] Antibanding value from CSC = []
01-13 20:05:51.822   372   372 E QCameraParameters: Invalid AntiBanding value: 
01-13 20:05:51.822   372   372 W QCameraParameters: [PARM_DBG] Antibanding is bad value []
01-13 20:05:51.822   372   372 W QCameraParameters: [PARM_DBG] Antibanding will be set as 50Hz
01-13 20:05:51.822   372   372 W QCameraParameters: [PARM_DBG] zoom_level = 0
01-13 20:05:51.822   372   372 W QCameraParameters: [PARM_DBG] Denoise enable=1, plates=0
01-13 20:05:51.822   372   372 W QCameraParameters: [PARM_DBG] m_bVisionMode = 0
01-13 20:05:51.823   358   358 E mm-camera: server_process_hal_event:__DBG__ E event id=3
01-13 20:05:51.823   358   358 E mm-camera: server_process_hal_event:__DBG__ X sucess event id=3
01-13 20:05:51.823   358   540 E mm-camera: mct_pipeline_process_set:command=800000e
01-13 20:05:51.824   372   372 W QCameraParameters: [PARM_DBG] setNumOfSnapshot : nBurstNum = 1, nExpnum = 1
01-13 20:05:51.824   372   372 W QCamera2HWI: [KPI Perf] openCamera: X
01-13 20:05:51.824   372   372 I QCamera2HWI: [KPI Perf] openCamera: X
01-13 20:05:51.824   372   372 W QCamera2Factory: cameraDeviceOpen : X
01-13 20:05:51.824   372   372 V CameraWrapper: camera_device_open: got vendor camera device 0xAC6C7540
01-13 20:05:51.824   372   372 V CameraWrapper: camera_set_callbacks->AC6A50E0->AC6C7540
01-13 20:05:51.824   372   372 W QCamera2HWI: set_CallBacks : E
01-13 20:05:51.825   372   546 I QCamera2HWI: cbNotifyRoutine: E
01-13 20:05:51.825   372   372 W QCamera2HWI: set_CallBacks : X
01-13 20:05:51.825   372   372 V CameraWrapper: camera_get_parameters->AC6A50E0->AC6C7540
01-13 20:05:51.825   372   372 W QCamera2HWI: get_parameters : E
01-13 20:05:51.826   372   372 W QCamera2HWI: get_parameters : X
01-13 20:05:51.826   372   372 V CameraWrapper: camera_fixup_getparams: original parameters:
01-13 20:05:51.826   372   372 D CameraParams: dump: mMap.size = 138
01-13 20:05:51.826   372   372 D CameraParams: ae-bracket-hdr: Off
01-13 20:05:51.826   372   372 D CameraParams: ae-bracket-hdr-values: Off,AE-Bracket
01-13 20:05:51.826   372   372 D CameraParams: anti-shake: 0
01-13 20:05:51.826   372   372 D CameraParams: antibanding: 50hz
01-13 20:05:51.826   372   372 D CameraParams: antibanding-values: off,60hz,50hz,auto
01-13 20:05:51.826   372   372 D CameraParams: auto-exposure-lock: false
01-13 20:05:51.826   372   372 D CameraParams: auto-exposure-lock-supported: true
01-13 20:05:51.826   372   372 D CameraParams: auto-exposure-values: matrix,center,spot
01-13 20:05:51.826   372   372 D CameraParams: auto-whitebalance-lock: false
01-13 20:05:51.826   372   372 D CameraParams: auto-whitebalance-lock-supported: true
01-13 20:05:51.826   372   372 D CameraParams: brightness-step: 1
01-13 20:05:51.826   372   372 D CameraParams: burstshot-fps-values: (5,5)
01-13 20:05:51.826   372   372 D CameraParams: camera-mode: 0
01-13 20:05:51.826   372   372 D CameraParams: contrast: 5
01-13 20:05:51.826   372   372 D CameraParams: contrast-step: 1
01-13 20:05:51.826   372   372 D CameraParams: denoise: denoise-on
01-13 20:05:51.827   372   372 D CameraParams: denoise-values: denoise-off,denoise-on
01-13 20:05:51.827   372   372 D CameraParams: dis: disable
01-13 20:05:51.827   372   372 D CameraParams: dis-values: enable,disable
01-13 20:05:51.827   372   372 D CameraParams: dual_mode: 0
01-13 20:05:51.827   372   372 D CameraParams: dualrecording-hint: 0
01-13 20:05:51.827   372   372 D CameraParams: effect: none
01-13 20:05:51.827   372   372 D CameraParams: effect-values: none,mono,negative,solarize,sepia,posterize,whiteboard,blackboard,aqua,vintage-cold,point-blue,point-red-yellow,emboss,sketch,neon,beauty
01-13 20:05:51.827   372   372 D CameraParams: exposure-compensation: 0
01-13 20:05:51.827   372   372 D CameraParams: exposure-compensation-step: 0.1
01-13 20:05:51.827   372   372 D CameraParams: face-detection: off
01-13 20:05:51.827   372   372 D CameraParams: face-detection-values: off,on
01-13 20:05:51.827   372   372 D CameraParams: face-recognition: off
01-13 20:05:51.827   372   372 D CameraParams: face-recognition-values: off,on
01-13 20:05:51.827   372   372 D CameraParams: fast-fps-mode: 0
01-13 20:05:51.827   372   372 D CameraParams: firmware-mode: none
01-13 20:05:51.827   372   372 D CameraParams: flip-mode-values: off,flip-v,flip-h,flip-vh
01-13 20:05:51.827   372   372 D CameraParams: fnumber-value-denominator: 100
01-13 20:05:51.827   372   372 D CameraParams: fnumber-value-numerator: 220
01-13 20:05:51.827   372   372 D CameraParams: focal-length: 3.30
01-13 20:05:51.827   372   372 D CameraParams: focallength-35mm-value: 31
01-13 20:05:51.827   372   372 D CameraParams: focallength-value-denominator: 100
01-13 20:05:51.827   372   372 D CameraParams: focallength-value-numerator: 330
01-13 20:05:51.827   372   372 D CameraParams: focus-areas: (0,0,0,0,0)
01-13 20:05:51.827   372   372 D CameraParams: focus-distances: 0.10,1.20,Infinity
01-13 20:05:51.827   372   372 D CameraParams: focus-mode: auto
01-13 20:05:51.827   372   372 D CameraParams: focus-mode-values: auto,infinity,macro,continuous-video,continuous-picture
01-13 20:05:51.827   372   372 D CameraParams: hfr-size-values: 648x488
01-13 20:05:51.827   372   372 D CameraParams: histogram: disable
01-13 20:05:51.827   372   372 D CameraParams: histogram-values: enable,disable
01-13 20:05:51.827   372   372 D CameraParams: horizontal-view-angle: 57
01-13 20:05:51.827   372   372 D CameraParams: intelligent-mode: 0
01-13 20:05:51.827   372   372 D CameraParams: iso: auto
01-13 20:05:51.827   372   372 D CameraParams: iso-values: auto,ISO_HJR,100,200,400,800,1600
01-13 20:05:51.827   372   372 D CameraParams: jpeg-quality: 96
01-13 20:05:51.827   372   372 D CameraParams: jpeg-thumbnail-height: 288
01-13 20:05:51.827   372   372 D CameraParams: jpeg-thumbnail-quality: 96
01-13 20:05:51.827   372   372 D CameraParams: jpeg-thumbnail-size-values: 512x288,480x288,256x154,432x288,512x384,352x288,320x240,176x144,160x160,0x0
01-13 20:05:51.827   372   372 D CameraParams: jpeg-thumbnail-width: 512
01-13 20:05:51.827   372   372 D CameraParams: lensshade: enable
01-13 20:05:51.827   372   372 D CameraParams: lensshade-values: enable,disable
01-13 20:05:51.827   372   372 D CameraParams: llv_mode: 0
01-13 20:05:51.827   372   372 D CameraParams: luma-adaptation: 3
01-13 20:05:51.827   372   372 D CameraParams: max-brightness: 6
01-13 20:05:51.827   372   372 D CameraParams: max-contrast: 10
01-13 20:05:51.827   372   372 D CameraParams: max-exposure-compensation: 20
01-13 20:05:51.827   372   372 D CameraParams: max-num-detected-faces-hw: 2
01-13 20:05:51.827   372   372 D CameraParams: max-num-detected-faces-sw: 2
01-13 20:05:51.827   372   372 D CameraParams: max-num-focus-areas: 1
01-13 20:05:51.827   372   372 D CameraParams: max-num-metering-areas: 10
01-13 20:05:51.827   372   372 D CameraParams: max-saturation: 10
01-13 20:05:51.827   372   372 D CameraParams: max-sce-factor: 100
01-13 20:05:51.827   372   372 D CameraParams: max-sharpness: 36
01-13 20:05:51.827   372   372 D CameraParams: max-zoom: 78
01-13 20:05:51.827   372   372 D CameraParams: maxaperture-value-denominator: 100
01-13 20:05:51.827   372   372 D CameraParams: maxaperture-value-numerator: 228
01-13 20:05:51.827   372   372 D CameraParams: mce: enable
01-13 20:05:51.827   372   372 D CameraParams: mce-values: enable,disable
01-13 20:05:51.827   372   372 D CameraParams: metering: center
01-13 20:05:51.827   372   372 D CameraParams: metering-areas: (0,0,0,0,0)
01-13 20:05:51.827   372   372 D CameraParams: min-brightness: 0
01-13 20:05:51.827   372   372 D CameraParams: min-contrast: 0
01-13 20:05:51.827   372   372 D CameraParams: min-exposure-compensation: -20
01-13 20:05:51.827   372   372 D CameraParams: min-saturation: 0
01-13 20:05:51.827   372   372 D CameraParams: min-sce-factor: -100
01-13 20:05:51.827   372   372 D CameraParams: min-sharpness: 0
01-13 20:05:51.827   372   372 D CameraParams: num-snaps-per-shutter: 1
01-13 20:05:51.827   372   372 D CameraParams: picture-format: jpeg
01-13 20:05:51.827   372   372 D CameraParams: picture-format-values: jpeg,bayer-qcom-10gbrg,bayer-qcom-10grbg,bayer-qcom-10rggb,bayer-qcom-10bggr,bayer-mipi-10gbrg,bayer-mipi-10grbg,bayer-mipi-10rggb,bayer-mipi-10bggr,yuv422sp,bayer-ideal-qcom-10grbg,yuv420sp-nv21e
01-13 20:05:51.827   372   372 D CameraParams: picture-size: 2592x1944
01-13 20:05:51.827   372   372 D CameraParams: picture-size-values: 2592x1944,2576x1932,2560x1920,2560x1536,2592x1458,1920x1920,2560x1440,2048x1536,2048x1152,1920x1080,1600x1200,1280x720,960x720,800x480,640x480,320x240
01-13 20:05:51.827   372   372 D CameraParams: preferred-preview-size-for-video: 1280x720
01-13 20:05:51.827   372   372 D CameraParams: preview-flip: off
01-13 20:05:51.827   372   372 D CameraParams: preview-format: yuv420sp
01-13 20:05:51.827   372   372 D CameraParams: preview-format-values: yuv420sp,yuv420p
01-13 20:05:51.827   372   372 D CameraParams: preview-fps-range: 7000,30000
01-13 20:05:51.827   372   372 D CameraParams: preview-fps-range-values: (7000,7000),(15000,15000),(24000,24000),(7000,30000),(10000,30000),(15000,30000),(30000,30000)
01-13 20:05:51.827   372   372 D CameraParams: preview-frame-rate: 30
01-13 20:05:51.827   372   372 D CameraParams: preview-frame-rate-values: 15,24,30
01-13 20:05:51.828   372   372 D CameraParams: preview-size: 1280x960
01-13 20:05:51.828   372   372 D CameraParams: preview-size-values: 1280x960,1280x720,800x480,720x720,720x480,640x480,352x288,320x240,176x144
01-13 20:05:51.828   372   372 D CameraParams: qc-camera-features: 542
01-13 20:05:51.828   372   372 D CameraParams: qc-max-num-requested-faces: 2
01-13 20:05:51.828   372   372 D CameraParams: raw-size: 2592x1944
01-13 20:05:51.828   372   372 D CameraParams: redeye-reduction: disable
01-13 20:05:51.828   372   372 D CameraParams: redeye-reduction-values: enable,disable
01-13 20:05:51.828   372   372 D CameraParams: saturation: 5
01-13 20:05:51.828   372   372 D CameraParams: saturation-step: 1
01-13 20:05:51.828   372   372 D CameraParams: sce-factor-step: 10
01-13 20:05:51.828   372   372 D CameraParams: scene-detect: off
01-13 20:05:51.828   372   372 D CameraParams: scene-detect-values: off,on
01-13 20:05:51.828   372   372 D CameraParams: selectable-zone-af: auto
01-13 20:05:51.828   372   372 D CameraParams: selectable-zone-af-values: 
01-13 20:05:51.828   372   372 D CameraParams: sharpness: 36
01-13 20:05:51.828   372   372 D CameraParams: sharpness-step: 6
01-13 20:05:51.828   372   372 D CameraParams: shot-mode: 0
01-13 20:05:51.828   372   372 D CameraParams: skinToneEnhancement: 0
01-13 20:05:51.828   372   372 D CameraParams: skinToneEnhancement-values: enable,disable
01-13 20:05:51.828   372   372 D CameraParams: smart-screen-exposure: 0
01-13 20:05:51.828   372   372 D CameraParams: smart-screen-exposure-values: vision-ae-normal,vision-ac-backlight
01-13 20:05:51.828   372   372 D CameraParams: smooth-zoom-supported: false
01-13 20:05:51.828   372   372 D CameraParams: snapshot-picture-flip: off
01-13 20:05:51.828   372   372 D CameraParams: supported-live-snapshot-sizes: 2592x1944,2576x1932,2560x1440,2048x1536,2048x1152,1920x1080,1600x1200,1440x1080,1280x768,1280x720,1024x768,800x600,800x480,800x450,720x480,640x480,352x288,320x240
01-13 20:05:51.828   372   372 D CameraParams: supported-shot-modes: normal-shot,panorama-burst
01-13 20:05:51.828   372   372 D CameraParams: touch-af-aec: touch-off
01-13 20:05:51.828   372   372 D CameraParams: touch-af-aec-values: touch-off,touch-on
01-13 20:05:51.828   372   372 D CameraParams: vertical-view-angle: 44.2
01-13 20:05:51.828   372   372 D CameraParams: video-flip: off
01-13 20:05:51.828   372   372 D CameraParams: video-frame-format: yuv420sp
01-13 20:05:51.828   372   372 D CameraParams: video-hfr: off
01-13 20:05:51.828   372   372 D CameraParams: video-hfr-values: 90
01-13 20:05:51.828   372   372 D CameraParams: video-size: 1280x720
01-13 20:05:51.828   372   372 D CameraParams: video-size-values: 1280x720,720x480,640x480,352x288,320x240,176x144
01-13 20:05:51.828   372   372 D CameraParams: video-snapshot-supported: false
01-13 20:05:51.828   372   372 D CameraParams: video-stabilization-supported: false
01-13 20:05:51.828   372   372 D CameraParams: vtmode: 0
01-13 20:05:51.828   372   372 D CameraParams: whitebalance: auto
01-13 20:05:51.828   372   372 D CameraParams: whitebalance-values: auto,incandescent,fluorescent,warm-fluorescent,daylight,cloudy-daylight,twilight,shade
01-13 20:05:51.828   372   372 D CameraParams: zoom: 0
01-13 20:05:51.828   372   372 D CameraParams: zoom-ratios: 100,104,109,114,119,125,129,134,139,144,150,154,159,164,169,175,179,184,189,194,200,204,209,214,219,225,229,234,239,244,250,254,259,264,269,275,279,284,289,294,300,304,309,314,319,325,329,334,339,344,350,354,359,364,369,375,379,384,389,394,400,404,409,414,419,425,429,434,439,444,450,454,459,464,469,475,479,484,489
01-13 20:05:51.828   372   372 D CameraParams: zoom-supported: true
01-13 20:05:51.828   372   372 D CameraParams: zsl: off
01-13 20:05:51.828   372   372 D CameraParams: zsl-values: off,on
01-13 20:05:51.829   372   372 V CameraWrapper: camera_fixup_getparams: fixed parameters:
01-13 20:05:51.829   372   372 D CameraParams: dump: mMap.size = 138
01-13 20:05:51.829   372   372 D CameraParams: ae-bracket-hdr: Off
01-13 20:05:51.829   372   372 D CameraParams: ae-bracket-hdr-values: Off,AE-Bracket
01-13 20:05:51.829   372   372 D CameraParams: anti-shake: 0
01-13 20:05:51.829   372   372 D CameraParams: antibanding: 50hz
01-13 20:05:51.829   372   372 D CameraParams: antibanding-values: off,60hz,50hz,auto
01-13 20:05:51.829   372   372 D CameraParams: auto-exposure-lock: false
01-13 20:05:51.829   372   372 D CameraParams: auto-exposure-lock-supported: true
01-13 20:05:51.829   372   372 D CameraParams: auto-exposure-values: matrix,center,spot
01-13 20:05:51.829   372   372 D CameraParams: auto-whitebalance-lock: false
01-13 20:05:51.829   372   372 D CameraParams: auto-whitebalance-lock-supported: true
01-13 20:05:51.829   372   372 D CameraParams: brightness-step: 1
01-13 20:05:51.829   372   372 D CameraParams: burstshot-fps-values: (5,5)
01-13 20:05:51.829   372   372 D CameraParams: camera-mode: 0
01-13 20:05:51.829   372   372 D CameraParams: contrast: 5
01-13 20:05:51.829   372   372 D CameraParams: contrast-step: 1
01-13 20:05:51.829   372   372 D CameraParams: denoise: denoise-on
01-13 20:05:51.829   372   372 D CameraParams: denoise-values: denoise-off,denoise-on
01-13 20:05:51.829   372   372 D CameraParams: dis: disable
01-13 20:05:51.829   372   372 D CameraParams: dis-values: enable,disable
01-13 20:05:51.829   372   372 D CameraParams: dual_mode: 0
01-13 20:05:51.829   372   372 D CameraParams: dualrecording-hint: 0
01-13 20:05:51.829   372   372 D CameraParams: effect: none
01-13 20:05:51.829   372   372 D CameraParams: effect-values: none,mono,negative,solarize,sepia,posterize,whiteboard,blackboard,aqua,vintage-cold,point-blue,point-red-yellow,emboss,sketch,neon,beauty
01-13 20:05:51.829   372   372 D CameraParams: exposure-compensation: 0
01-13 20:05:51.829   372   372 D CameraParams: exposure-compensation-step: 0.5
01-13 20:05:51.829   372   372 D CameraParams: face-detection: off
01-13 20:05:51.829   372   372 D CameraParams: face-detection-values: off,on
01-13 20:05:51.829   372   372 D CameraParams: face-recognition: off
01-13 20:05:51.829   372   372 D CameraParams: face-recognition-values: off,on
01-13 20:05:51.829   372   372 D CameraParams: fast-fps-mode: 0
01-13 20:05:51.829   372   372 D CameraParams: firmware-mode: none
01-13 20:05:51.829   372   372 D CameraParams: flip-mode-values: off,flip-v,flip-h,flip-vh
01-13 20:05:51.829   372   372 D CameraParams: fnumber-value-denominator: 100
01-13 20:05:51.829   372   372 D CameraParams: fnumber-value-numerator: 220
01-13 20:05:51.829   372   372 D CameraParams: focal-length: 3.30
01-13 20:05:51.829   372   372 D CameraParams: focallength-35mm-value: 31
01-13 20:05:51.829   372   372 D CameraParams: focallength-value-denominator: 100
01-13 20:05:51.829   372   372 D CameraParams: focallength-value-numerator: 330
01-13 20:05:51.829   372   372 D CameraParams: focus-areas: (0,0,0,0,0)
01-13 20:05:51.829   372   372 D CameraParams: focus-distances: 0.10,1.20,Infinity
01-13 20:05:51.829   372   372 D CameraParams: focus-mode: auto
01-13 20:05:51.829   372   372 D CameraParams: focus-mode-values: auto,infinity,macro,continuous-video,continuous-picture
01-13 20:05:51.829   372   372 D CameraParams: hfr-size-values: 648x488
01-13 20:05:51.829   372   372 D CameraParams: histogram: disable
01-13 20:05:51.829   372   372 D CameraParams: histogram-values: enable,disable
01-13 20:05:51.829   372   372 D CameraParams: horizontal-view-angle: 57
01-13 20:05:51.829   372   372 D CameraParams: intelligent-mode: 0
01-13 20:05:51.829   372   372 D CameraParams: iso: auto
01-13 20:05:51.829   372   372 D CameraParams: iso-values: auto,ISO_HJR,100,200,400,800,1600
01-13 20:05:51.829   372   372 D CameraParams: jpeg-quality: 96
01-13 20:05:51.829   372   372 D CameraParams: jpeg-thumbnail-height: 288
01-13 20:05:51.829   372   372 D CameraParams: jpeg-thumbnail-quality: 96
01-13 20:05:51.829   372   372 D CameraParams: jpeg-thumbnail-size-values: 512x288,480x288,256x154,432x288,512x384,352x288,320x240,176x144,160x160,0x0
01-13 20:05:51.829   372   372 D CameraParams: jpeg-thumbnail-width: 512
01-13 20:05:51.829   372   372 D CameraParams: lensshade: enable
01-13 20:05:51.829   372   372 D CameraParams: lensshade-values: enable,disable
01-13 20:05:51.830   372   372 D CameraParams: llv_mode: 0
01-13 20:05:51.830   372   372 D CameraParams: luma-adaptation: 3
01-13 20:05:51.830   372   372 D CameraParams: max-brightness: 6
01-13 20:05:51.830   372   372 D CameraParams: max-contrast: 10
01-13 20:05:51.830   372   372 D CameraParams: max-exposure-compensation: 2
01-13 20:05:51.830   372   372 D CameraParams: max-num-detected-faces-hw: 2
01-13 20:05:51.830   372   372 D CameraParams: max-num-detected-faces-sw: 2
01-13 20:05:51.830   372   372 D CameraParams: max-num-focus-areas: 1
01-13 20:05:51.830   372   372 D CameraParams: max-num-metering-areas: 10
01-13 20:05:51.830   372   372 D CameraParams: max-saturation: 10
01-13 20:05:51.830   372   372 D CameraParams: max-sce-factor: 100
01-13 20:05:51.830   372   372 D CameraParams: max-sharpness: 36
01-13 20:05:51.830   372   372 D CameraParams: max-zoom: 78
01-13 20:05:51.830   372   372 D CameraParams: maxaperture-value-denominator: 100
01-13 20:05:51.830   372   372 D CameraParams: maxaperture-value-numerator: 228
01-13 20:05:51.830   372   372 D CameraParams: mce: enable
01-13 20:05:51.830   372   372 D CameraParams: mce-values: enable,disable
01-13 20:05:51.830   372   372 D CameraParams: metering: center
01-13 20:05:51.830   372   372 D CameraParams: metering-areas: (0,0,0,0,0)
01-13 20:05:51.830   372   372 D CameraParams: min-brightness: 0
01-13 20:05:51.830   372   372 D CameraParams: min-contrast: 0
01-13 20:05:51.830   372   372 D CameraParams: min-exposure-compensation: -2
01-13 20:05:51.830   372   372 D CameraParams: min-saturation: 0
01-13 20:05:51.830   372   372 D CameraParams: min-sce-factor: -100
01-13 20:05:51.830   372   372 D CameraParams: min-sharpness: 0
01-13 20:05:51.830   372   372 D CameraParams: num-snaps-per-shutter: 1
01-13 20:05:51.830   372   372 D CameraParams: picture-format: jpeg
01-13 20:05:51.830   372   372 D CameraParams: picture-format-values: jpeg,bayer-qcom-10gbrg,bayer-qcom-10grbg,bayer-qcom-10rggb,bayer-qcom-10bggr,bayer-mipi-10gbrg,bayer-mipi-10grbg,bayer-mipi-10rggb,bayer-mipi-10bggr,yuv422sp,bayer-ideal-qcom-10grbg,yuv420sp-nv21e
01-13 20:05:51.830   372   372 D CameraParams: picture-size: 2592x1944
01-13 20:05:51.830   372   372 D CameraParams: picture-size-values: 2592x1944,2576x1932,2560x1920,2560x1536,2592x1458,1920x1920,2560x1440,2048x1536,2048x1152,1920x1080,1600x1200,1280x720,960x720,800x480,640x480,320x240
01-13 20:05:51.830   372   372 D CameraParams: preferred-preview-size-for-video: 1280x720
01-13 20:05:51.830   372   372 D CameraParams: preview-flip: off
01-13 20:05:51.830   372   372 D CameraParams: preview-format: yuv420sp
01-13 20:05:51.830   372   372 D CameraParams: preview-format-values: yuv420sp,yuv420p
01-13 20:05:51.830   372   372 D CameraParams: preview-fps-range: 7000,30000
01-13 20:05:51.830   372   372 D CameraParams: preview-fps-range-values: (7000,7000),(15000,15000),(24000,24000),(7000,30000),(10000,30000),(15000,30000),(30000,30000)
01-13 20:05:51.830   372   372 D CameraParams: preview-frame-rate: 30
01-13 20:05:51.830   372   372 D CameraParams: preview-frame-rate-values: 15,24,30
01-13 20:05:51.830   372   372 D CameraParams: preview-size: 1280x960
01-13 20:05:51.830   372   372 D CameraParams: preview-size-values: 640x360,640x480,352x288,320x240,176x144
01-13 20:05:51.830   372   372 D CameraParams: qc-camera-features: 542
01-13 20:05:51.830   372   372 D CameraParams: qc-max-num-requested-faces: 2
01-13 20:05:51.830   372   372 D CameraParams: raw-size: 2592x1944
01-13 20:05:51.830   372   372 D CameraParams: redeye-reduction: disable
01-13 20:05:51.830   372   372 D CameraParams: redeye-reduction-values: enable,disable
01-13 20:05:51.830   372   372 D CameraParams: saturation: 5
01-13 20:05:51.830   372   372 D CameraParams: saturation-step: 1
01-13 20:05:51.830   372   372 D CameraParams: sce-factor-step: 10
01-13 20:05:51.830   372   372 D CameraParams: scene-detect: off
01-13 20:05:51.830   372   372 D CameraParams: scene-detect-values: off,on
01-13 20:05:51.830   372   372 D CameraParams: selectable-zone-af: auto
01-13 20:05:51.830   372   372 D CameraParams: selectable-zone-af-values: 
01-13 20:05:51.830   372   372 D CameraParams: sharpness: 36
01-13 20:05:51.830   372   372 D CameraParams: sharpness-step: 6
01-13 20:05:51.830   372   372 D CameraParams: shot-mode: 0
01-13 20:05:51.830   372   372 D CameraParams: skinToneEnhancement: 0
01-13 20:05:51.830   372   372 D CameraParams: skinToneEnhancement-values: enable,disable
01-13 20:05:51.830   372   372 D CameraParams: smart-screen-exposure: 0
01-13 20:05:51.830   372   372 D CameraParams: smart-screen-exposure-values: vision-ae-normal,vision-ac-backlight
01-13 20:05:51.830   372   372 D CameraParams: smooth-zoom-supported: false
01-13 20:05:51.830   372   372 D CameraParams: snapshot-picture-flip: off
01-13 20:05:51.830   372   372 D CameraParams: supported-live-snapshot-sizes: 2592x1944,2576x1932,2560x1440,2048x1536,2048x1152,1920x1080,1600x1200,1440x1080,1280x768,1280x720,1024x768,800x600,800x480,800x450,720x480,640x480,352x288,320x240
01-13 20:05:51.830   372   372 D CameraParams: supported-shot-modes: normal-shot,panorama-burst
01-13 20:05:51.830   372   372 D CameraParams: touch-af-aec: touch-off
01-13 20:05:51.830   372   372 D CameraParams: touch-af-aec-values: touch-off,touch-on
01-13 20:05:51.830   372   372 D CameraParams: vertical-view-angle: 44.2
01-13 20:05:51.830   372   372 D CameraParams: video-flip: off
01-13 20:05:51.830   372   372 D CameraParams: video-frame-format: yuv420sp
01-13 20:05:51.830   372   372 D CameraParams: video-hfr: off
01-13 20:05:51.830   372   372 D CameraParams: video-hfr-values: off
01-13 20:05:51.830   372   372 D CameraParams: video-size: 1280x720
01-13 20:05:51.830   372   372 D CameraParams: video-size-values: 1280x720,720x480,640x480,352x288,320x240,176x144
01-13 20:05:51.830   372   372 D CameraParams: video-snapshot-supported: true
01-13 20:05:51.830   372   372 D CameraParams: video-stabilization-supported: false
01-13 20:05:51.830   372   372 D CameraParams: vtmode: 0
01-13 20:05:51.830   372   372 D CameraParams: whitebalance: auto
01-13 20:05:51.830   372   372 D CameraParams: whitebalance-values: auto,incandescent,fluorescent,warm-fluorescent,daylight,cloudy-daylight,twilight,shade
01-13 20:05:51.830   372   372 D CameraParams: zoom: 0
01-13 20:05:51.830   372   372 D CameraParams: zoom-ratios: 100,104,109,114,119,125,129,134,139,144,150,154,159,164,169,175,179,184,189,194,200,204,209,214,219,225,229,234,239,244,250,254,259,264,269,275,279,284,289,294,300,304,309,314,319,325,329,334,339,344,350,354,359,364,369,375,379,384,389,394,400,404,409,414,419,425,429,434,439,444,450,454,459,464,469,475,479,484,489
01-13 20:05:51.831   372   372 D CameraParams: zoom-supported: true
01-13 20:05:51.831   372   372 D CameraParams: zsl: off
01-13 20:05:51.831   372   372 D CameraParams: zsl-values: off,on
01-13 20:05:51.831   372   372 W QCamera2HWI: put_parameters : E
01-13 20:05:51.834   372   372 W QCamera2HWI: put_parameters : X
01-13 20:05:51.834   372   372 I CamDev@1.0-impl.legacy: Closing camera 0
01-13 20:05:51.834   372   372 V CameraWrapper: camera_device_close
01-13 20:05:51.834   372   372 V CameraWrapper: camera_get_number_of_cameras
01-13 20:05:51.834   372   372 V CameraWrapper: check_vendor_module
01-13 20:05:51.834   372   372 V CameraWrapper: camera_get_number_of_cameras
01-13 20:05:51.834   372   372 V CameraWrapper: check_vendor_module
01-13 20:05:51.834   372   372 V CameraWrapper: camera_get_number_of_cameras
01-13 20:05:51.834   372   372 V CameraWrapper: check_vendor_module
01-13 20:05:51.834   372   372 I CameraWrapper: camera_device_close: releasing camera device with id 0
01-13 20:05:51.834   372   372 W QCamera2HWI: [KPI Perf] release: E
01-13 20:05:51.834   372   505 W QCamera2HWI: [KPI Perf] release: E
01-13 20:05:51.834   372   505 I QCamera2HWI: setGammaMode : Same Gamma mode, mGammamode=1
01-13 20:05:51.834   372   505 W QCamera2HWI: [KPI Perf] release: X
01-13 20:05:51.847   358   358 E mm-camera-sensor: sensor_probe:226 subdev name v4l-subdev11
01-13 20:05:51.847   358   358 E mm-camera-sensor: sensor_probe:228 
01-13 20:05:51.847   358   358 E mm-camera-sensor: sensor_probe:230 
01-13 20:05:51.847   358   358 E mm-camera-sensor: sensor_probe:233 
01-13 20:05:51.847   358   358 E mm-camera-sensor: sensor_probe:240 
01-13 20:05:51.847   358   358 E mm-camera-sensor: sensor_probe:242 sensor_lib_params.sensor_lib_ptr->eeprom_name silicon_sr544
01-13 20:05:51.848   358   358 E mm-camera-sensor: [mm]write_sysfs_firmware_version:818 [FW_DBG][/sys/class/camera/rear/rear_camfw_load] NULL
01-13 20:05:51.848   358   358 E mm-camera-sensor: sensor_init_probe:644 sensor_probe_list[i].sensor_name = sr544
01-13 20:05:51.848   358   358 E mm-camera-sensor: sensor_init_probe:652 , hw version info C05QF
01-13 20:05:51.848   358   358 E mm-camera-sensor: sensor_init_probe:658 sensor_probe_list[i].sensor_name = sr544
01-13 20:05:51.848   358   358 E mm-camera-sensor: sensor_init_probe:664 subdev name silicon_sr544
01-13 20:05:51.848   358   358 E mm-camera-sensor: module_sensor_create_sbundle:4639 sensor_bundle->eeprom_lib_name silicon_sr544
01-13 20:05:51.848   358   358 E mm-camera-sensor: sensor_init_probe:531 Loading from EEPROM(new or higher version), but no actual F/W bin at F-ROM
01-13 20:05:51.848   358   358 E mm-camera-sensor: sensor_probe:180 LOAD from Phone
01-13 20:05:51.848   358   358 E mm-camera-sensor: sensor_load_library:79 sr200pc20 : load from phone
01-13 20:05:51.868   370   370 V MediaUtils: physMem: 1473171456
01-13 20:05:51.869   370   370 V MediaUtils: requested limit: 294634280
01-13 20:05:51.869   370   370 V MediaUtils: actual limit: 294634280
01-13 20:05:51.869   370   370 V MediaUtils: original limits: 4294967295/4294967295
01-13 20:05:51.869   370   370 V MediaUtils: new limits: 294634280/4294967295
01-13 20:05:51.869   370   370 D vndksupport: Loading libutils.so from current namespace instead of sphal namespace.
01-13 20:05:51.917   358   358 E mm-camera-sensor: sensor_probe:218 func sensor_probe line 218 sensor_id = 180
01-13 20:05:51.917   358   358 E mm-camera-sensor: 
01-13 20:05:51.919   346   346 W /vendor/bin/hw/android.hardware.configstore@1.0-service: Could not find seccomp policy file at: /vendor/etc/seccomp_policy/configstore@1.0.policy
01-13 20:05:51.919   349   349 I ServiceManagement: Removing namespace from process name android.hardware.usb@1.0-service to usb@1.0-service.
01-13 20:05:51.920   346   346 I ServiceManagement: Removing namespace from process name android.hardware.configstore@1.0-service to configstore@1.0.
01-13 20:05:51.924   349   349 I android.hardware.usb@1.0-service: USB HAL Ready.
01-13 20:05:51.924   351   351 I ServiceManagement: Removing namespace from process name vendor.lineage.livedisplay@1.0-service-legacymm to livedisplay@1.0.
01-13 20:05:51.926   369   369 I mediaserver: ServiceManager: 0xa700e940
01-13 20:05:51.926   376   376 D QC-time-services: Daemon:genoff_boot_tod_init: Setting system time to sec =1109151, nsec =0
01-13 20:05:51.935   372   372 W QCamera2HWI: [KPI Perf] release: X
01-13 20:05:51.935   372   372 W QCamera2HWI: [KPI Perf] close_camera_device: E
01-13 20:05:51.935   372   372 W QCamera2HWI: [KPI Perf] closeCamera: E
01-13 20:05:51.935   372   372 I QCamera2HWI: [DBG] closeCamera: mParameter deinit done.
01-13 20:05:51.935   372   372 I QCamera2HWI: stopSnapshots
01-13 20:05:51.935   372   372 I QCameraPostProc: stop: __DEBUG__ before sendCmd
01-13 20:05:51.935   372   545 W QCameraPostProc: dataProcessRoutine: stop data proc
01-13 20:05:51.936   372   545 W QCamera2HWI: setGPUMinClock : 6
01-13 20:05:51.936   372   545 E QCamera2HWI: setGPUMinClock : cannot open file
