01-13 20:05:51.286   358   358 I mm-qcamera-daem: type=1400 audit(0.0:174): avc: denied { ioctl } for path="/dev/ion" dev="tmpfs" ino=9463 ioctlcmd=4900 scontext=u:r:init:s0 tcontext=u:object_r:ion_device:s0 tclass=chr_file permissive=1
01-13 20:05:51.287   358   358 E cac2    : (cac2_pre_allocate_buffers:117)
01-13 20:05:51.289   376   376 D QC-time-services: Daemon:genoff_pre_init::Base = 0
01-13 20:05:51.290   402   402 I getprop : type=1400 audit(0.0:58): avc: denied { getattr } for path="pipe:[10865]" dev="pipefs" ino=10865 scontext=u:r:toolbox:s0 tcontext=u:r:init:s0 tclass=fifo_file permissive=1
01-13 20:05:51.290   376   376 D QC-time-services: Daemon:ats_rtc_init: Time read from RTC -- year = 70, month = 0,day = 13
01-13 20:05:51.290   376   376 D QC-time-services: Daemon:Value read from RTC seconds = 1109151000
01-13 20:05:51.290   376   376 D QC-time-services: Daemon:genoff_init_config: ATS_RTC initialized with rc: 0
01-13 20:05:51.290   376   376 D QC-time-services: Daemon:genoff_pre_init::Base = 1
01-13 20:05:51.290   376   376 D QC-time-services: Daemon: Storage Name: ats_1 
01-13 20:05:51.290   376   376 D QC-time-services: Daemon:Opening File: /data/time/ats_1
01-13 20:05:51.290   376   376 D QC-time-services: Daemon:time_persistent_memory_opr:Genoff Read operation 
01-13 20:05:51.290   358   358 E libaprpmem: 
01-13 20:05:51.290   358   358 E libaprpmem:  Ion allocation success virtaddr : ret=2833260544 fd=13 heapid=33554432
01-13 20:05:51.290   358   358 E cac2    : Allocated 4182016 bytes
01-13 20:05:51.295   358   358 E libaprpmem: 
01-13 20:05:51.295   358   358 E libaprpmem:  Ion allocation success virtaddr : ret=2829291520 fd=14 heapid=33554432
01-13 20:05:51.296   358   358 E cac2    : Allocated 3969024 bytes
01-13 20:05:51.303   358   358 E libaprpmem: 
01-13 20:05:51.303   358   358 E libaprpmem:  Ion allocation success virtaddr : ret=2821353472 fd=15 heapid=33554432
01-13 20:05:51.303   358   358 E cac2    : Allocated 7938048 bytes
01-13 20:05:51.304   356   404 I rmt_storage: rmt_storage_client_thread: /boot/modem_fs2: clnt_h=0x2: req_h=0xa msg_id=3: Bytes read = 916480
01-13 20:05:51.304   356   404 I rmt_storage: rmt_storage_client_thread: /boot/modem_fs2: clnt_h=0x2: req_h=0xa msg_id=3: Send response: res=0 err=0
01-13 20:05:51.304   356   404 I rmt_storage: rmt_storage_client_thread: /boot/modem_fs2: clnt_h=0x2 About to block rmt_storage client thread (th_id: -1461126800) wakelock released: 1, error no: 0
01-13 20:05:51.304   356   404 I rmt_storage: 
01-13 20:05:51.308   358   358 E cac2    : (cac2_pre_allocate_buffers:200)
01-13 20:05:51.308   358   358 E mm-camera-img: cac_comp_load:705] CAC library loaded successfully
01-13 20:05:51.308   358   358 E mm-camera-img: img_core_get_comp:36] role 2 name qcom.faceproc
01-13 20:05:51.308   358   358 E mm-camera-img: img_core_get_comp:40] comp_index[0] role 0 name qcom.wavelet
01-13 20:05:51.308   358   358 E mm-camera-img: img_core_get_comp:40] comp_index[1] role 1 name qcom.hdr
01-13 20:05:51.308   358   358 E mm-camera-img: img_core_get_comp:40] comp_index[2] role 2 name qcom.faceproc
01-13 20:05:51.308   358   358 E mm-camera-img: img_core_get_comp:47] find component role 2 name qcom.faceproc
01-13 20:05:51.309   380   380 I gatekeeperd: Starting gatekeeperd...
01-13 20:05:51.310   376   376 W time_daemon: type=1400 audit(0.0:59): avc: granted { read } for name="rtc0" dev="tmpfs" ino=7554 scontext=u:r:init:s0 tcontext=u:object_r:rtc_device:s0 tclass=chr_file
01-13 20:05:51.310   376   376 W time_daemon: type=1400 audit(0.0:60): avc: granted { read open } for path="/dev/rtc0" dev="tmpfs" ino=7554 scontext=u:r:init:s0 tcontext=u:object_r:rtc_device:s0 tclass=chr_file
01-13 20:05:51.310   376   376 W time_daemon: type=1400 audit(0.0:61): avc: granted { read } for name="rtc0" dev="tmpfs" ino=7554 scontext=u:r:init:s0 tcontext=u:object_r:rtc_device:s0 tclass=chr_file
01-13 20:05:51.310   376   376 W time_daemon: type=1400 audit(0.0:62): avc: granted { read open } for path="/dev/rtc0" dev="tmpfs" ino=7554 scontext=u:r:init:s0 tcontext=u:object_r:rtc_device:s0 tclass=chr_file
01-13 20:05:51.310   376   376 I time_daemon: type=1400 audit(0.0:63): avc: denied { write } for name="alarm" dev="tmpfs" ino=7721 scontext=u:r:init:s0 tcontext=u:object_r:alarm_device:s0 tclass=chr_file permissive=1
01-13 20:05:51.310   376   376 D QC-time-services: Daemon:Unable to open filefor read
01-13 20:05:51.310   376   376 D QC-time-services: Daemon:genoff_post_init:Error in accessing storage
01-13 20:05:51.310   376   376 D QC-time-services: Daemon:genoff_pre_init::Base = 2
01-13 20:05:51.310   376   376 D QC-time-services: Daemon: Storage Name: ats_2 
01-13 20:05:51.310   376   376 D QC-time-services: Daemon:Opening File: /data/time/ats_2
01-13 20:05:51.310   376   376 D QC-time-services: Daemon:time_persistent_memory_opr:Genoff Read operation 
01-13 20:05:51.310   376   376 D QC-time-services: Daemon:Unable to open filefor read
01-13 20:05:51.310   376   376 D QC-time-services: Daemon:genoff_post_init:Error in accessing storage
01-13 20:05:51.310   376   376 D QC-time-services: Daemon:genoff_pre_init::Base = 3
01-13 20:05:51.310   376   376 D QC-time-services: Daemon: Storage Name: ats_3 
01-13 20:05:51.310   376   376 D QC-time-services: Daemon:Opening File: /data/time/ats_3
01-13 20:05:51.310   376   376 D QC-time-services: Daemon:time_persistent_memory_opr:Genoff Read operation 
01-13 20:05:51.310   376   376 D QC-time-services: Daemon:Unable to open filefor read
01-13 20:05:51.310   376   376 D QC-time-services: Daemon:genoff_post_init:Error in accessing storage
01-13 20:05:51.310   376   376 D QC-time-services: Daemon:genoff_pre_init::Base = 4
01-13 20:05:51.310   376   376 D QC-time-services: Daemon: Storage Name: ats_4 
01-13 20:05:51.310   376   376 D QC-time-services: Daemon:Opening File: /data/time/ats_4
01-13 20:05:51.310   376   376 D QC-time-services: Daemon:time_persistent_memory_opr:Genoff Read operation 
01-13 20:05:51.310   376   376 D QC-time-services: Daemon:Unable to open filefor read
01-13 20:05:51.311   376   376 D QC-time-services: Daemon:genoff_post_init:Error in accessing storage
01-13 20:05:51.311   376   376 D QC-time-services: Daemon:genoff_pre_init::Base = 5
01-13 20:05:51.311   376   376 D QC-time-services: Daemon: Storage Name: ats_5 
01-13 20:05:51.311   376   376 D QC-time-services: Daemon:Opening File: /data/time/ats_5
01-13 20:05:51.311   376   376 D QC-time-services: Daemon:time_persistent_memory_opr:Genoff Read operation 
01-13 20:05:51.311   376   376 D QC-time-services: Daemon:Unable to open filefor read
01-13 20:05:51.311   376   376 D QC-time-services: Daemon:genoff_post_init:Error in accessing storage
01-13 20:05:51.311   376   376 D QC-time-services: Daemon:genoff_pre_init::Base = 6
01-13 20:05:51.311   376   376 D QC-time-services: Daemon: Storage Name: ats_6 
01-13 20:05:51.311   376   376 D QC-time-services: Daemon:Opening File: /data/time/ats_6
01-13 20:05:51.311   376   376 D QC-time-services: Daemon:time_persistent_memory_opr:Genoff Read operation 
01-13 20:05:51.311   376   376 D QC-time-services: Daemon:Unable to open filefor read
01-13 20:05:51.311   376   376 D QC-time-services: Daemon:genoff_post_init:Error in accessing storage
01-13 20:05:51.311   376   376 D QC-time-services: Daemon:genoff_pre_init::Base = 7
01-13 20:05:51.311   376   376 D QC-time-services: Daemon: Storage Name: ats_7 
01-13 20:05:51.311   376   376 D QC-time-services: Daemon:Opening File: /data/time/ats_7
01-13 20:05:51.311   376   376 D QC-time-services: Daemon:time_persistent_memory_opr:Genoff Read operation 
01-13 20:05:51.311   376   376 D QC-time-services: Daemon:Unable to open filefor read
01-13 20:05:51.311   376   376 D QC-time-services: Daemon:genoff_post_init:Error in accessing storage
01-13 20:05:51.311   376   376 D QC-time-services: Daemon:genoff_pre_init::Base = 8
01-13 20:05:51.311   376   376 D QC-time-services: Daemon: Storage Name: ats_8 
01-13 20:05:51.311   376   376 D QC-time-services: Daemon:Opening File: /data/time/ats_8
01-13 20:05:51.311   376   376 D QC-time-services: Daemon:time_persistent_memory_opr:Genoff Read operation 
01-13 20:05:51.311   376   376 D QC-time-services: Daemon:Unable to open filefor read
01-13 20:05:51.311   376   376 D QC-time-services: Daemon:genoff_post_init:Error in accessing storage
01-13 20:05:51.311   376   376 D QC-time-services: Daemon:genoff_pre_init::Base = 9
01-13 20:05:51.311   376   376 D QC-time-services: Daemon: Storage Name: ats_9 
01-13 20:05:51.311   376   376 D QC-time-services: Daemon:Opening File: /data/time/ats_9
01-13 20:05:51.311   376   376 D QC-time-services: Daemon:time_persistent_memory_opr:Genoff Read operation 
01-13 20:05:51.311   376   376 D QC-time-services: Daemon:Unable to open filefor read
01-13 20:05:51.311   376   376 D QC-time-services: Daemon:genoff_post_init:Error in accessing storage
01-13 20:05:51.311   376   376 D QC-time-services: Daemon:genoff_pre_init::Base = 10
01-13 20:05:51.311   376   376 D QC-time-services: Daemon: Storage Name: ats_10 
01-13 20:05:51.311   376   376 D QC-time-services: Daemon:Opening File: /data/time/ats_10
01-13 20:05:51.311   376   376 D QC-time-services: Daemon:time_persistent_memory_opr:Genoff Read operation 
01-13 20:05:51.311   376   376 D QC-time-services: Daemon:Unable to open filefor read
01-13 20:05:51.311   376   376 D QC-time-services: Daemon:genoff_post_init:Error in accessing storage
01-13 20:05:51.311   376   376 D QC-time-services: Daemon:genoff_pre_init::Base = 11
01-13 20:05:51.311   376   376 D QC-time-services: Daemon: Storage Name: ats_11 
01-13 20:05:51.311   376   376 D QC-time-services: Daemon:Opening File: /data/time/ats_11
01-13 20:05:51.311   376   376 D QC-time-services: Daemon:time_persistent_memory_opr:Genoff Read operation 
01-13 20:05:51.311   376   376 D QC-time-services: Daemon:Unable to open filefor read
01-13 20:05:51.311   376   376 D QC-time-services: Daemon:genoff_post_init:Error in accessing storage
01-13 20:05:51.311   376   376 D QC-time-services: Daemon:genoff_pre_init::Base = 12
01-13 20:05:51.311   376   376 D QC-time-services: Daemon: Storage Name: ats_12 
01-13 20:05:51.311   376   376 D QC-time-services: Daemon:Opening File: /data/time/ats_12
01-13 20:05:51.311   376   376 D QC-time-services: Daemon:time_persistent_memory_opr:Genoff Read operation 
01-13 20:05:51.311   376   376 D QC-time-services: Daemon:Unable to open filefor read
01-13 20:05:51.311   376   376 D QC-time-services: Daemon:genoff_post_init:Error in accessing storage
01-13 20:05:51.311   376   376 D QC-time-services: Daemon:genoff_pre_init::Base = 13
01-13 20:05:51.311   376   376 D QC-time-services: Daemon: Storage Name: ats_13 
01-13 20:05:51.311   376   376 D QC-time-services: Daemon:Opening File: /data/time/ats_13
01-13 20:05:51.311   376   376 D QC-time-services: Daemon:time_persistent_memory_opr:Genoff Read operation 
01-13 20:05:51.312   376   376 D QC-time-services: Daemon:Unable to open filefor read
01-13 20:05:51.312   376   376 D QC-time-services: Daemon:genoff_post_init:Error in accessing storage
01-13 20:05:51.312   376   376 D QC-time-services: Daemon:genoff_pre_init::Base = 14
01-13 20:05:51.312   376   376 D QC-time-services: Daemon: Storage Name: ats_14 
01-13 20:05:51.312   376   376 D QC-time-services: Daemon:Opening File: /data/time/ats_14
01-13 20:05:51.312   376   376 D QC-time-services: Daemon:time_persistent_memory_opr:Genoff Read operation 
01-13 20:05:51.312   376   376 D QC-time-services: Daemon:Unable to open filefor read
01-13 20:05:51.312   376   376 D QC-time-services: Daemon:genoff_post_init:Error in accessing storage
01-13 20:05:51.312   376   376 D QC-time-services: Daemon:genoff_init_config: Other bases initilized, exiting genoff_init
01-13 20:05:51.312   376   376 D QC-time-services: Daemon:rtc_get: Time read from RTC -- MM/DD/YY HH:MM:SS0/13/70 20:5:51
01-13 20:05:51.312   376   376 D QC-time-services: Daemon:genoff_opr: Base = 1, val = 21474836531, operation = 1
01-13 20:05:51.312   376   376 D QC-time-services: Daemon: genoff get for 1
01-13 20:05:51.312   376   376 D QC-time-services: Daemon:rtc_get: Time read from RTC -- MM/DD/YY HH:MM:SS0/13/70 20:5:51
01-13 20:05:51.312   376   376 D QC-time-services: Daemon:Value read from RTC seconds = 1109151000
01-13 20:05:51.312   376   376 D QC-time-services: Daemon:Value read from generic offset = 0
01-13 20:05:51.312   376   376 D QC-time-services: Daemon:Final Time = 1109151000
01-13 20:05:51.320   497   497 I mm-qcamera-daem: type=1400 audit(0.0:175): avc: denied { write } for name="kgsl-3d0" dev="tmpfs" ino=7570 scontext=u:r:init:s0 tcontext=u:object_r:gpu_device:s0 tclass=chr_file permissive=1
01-13 20:05:51.320   497   497 W mm-qcamera-daem: type=1400 audit(0.0:176): avc: granted { read open } for path="/dev/kgsl-3d0" dev="tmpfs" ino=7570 scontext=u:r:init:s0 tcontext=u:object_r:gpu_device:s0 tclass=chr_file
01-13 20:05:51.324   354   354 D vndksupport: Loading /vendor/lib/egl/libGLESv1_CM_adreno.so from current namespace instead of sphal namespace.
01-13 20:05:51.324   359   359 I ThermalEngine: Thermal daemon started
01-13 20:05:51.328   359   359 I ThermalEngine: No target config file, falling back to '/vendor/etc/thermal-engine.conf'
01-13 20:05:51.328   359   359 I ThermalEngine: devices_manager_init: Init
01-13 20:05:51.329   359   359 I ThermalEngine: Number of gpus :1
01-13 20:05:51.329   359   359 I Thermal-IOCTL: KTM IOCTL interface "/dev/msm_thermal_query" opened
01-13 20:05:51.329   359   359 E ThermalEngine: update_cpu_topology: Error reading cluster info node /sys/module/msm_thermal/cluster_info
01-13 20:05:51.330   359   359 E ThermalEngine: cpu[0] not found in any cluster
01-13 20:05:51.330   359   359 E ThermalEngine: cpu[1] not found in any cluster
01-13 20:05:51.330   359   359 E ThermalEngine: cpu[2] not found in any cluster
01-13 20:05:51.330   359   359 E ThermalEngine: cpu[3] not found in any cluster
01-13 20:05:51.330   359   359 E ThermalEngine: tmd_init_cluster_devs: Can't read number of clusters
01-13 20:05:51.331   359   359 E ThermalEngine: devices_init: Init cluster TMD failed -5
01-13 20:05:51.331   359   359 I ThermalEngine: vdd_rstr_init: Init KTM VDD RSTR enabled: 0
01-13 20:05:51.331   359   359 I ThermalEngine: sensors_manager_init: Init
01-13 20:05:51.338   354   354 D libEGL  : loaded /vendor/lib/egl/libGLESv1_CM_adreno.so
01-13 20:05:51.339   357   392 I adbd    : functionfs successfully initialized
01-13 20:05:51.339   357   392 I adbd    : registering usb transport
01-13 20:05:51.340   344   491 D vndksupport: Loading /vendor/lib/hw/audio.primary.msm8916.so from current namespace instead of sphal namespace.
01-13 20:05:51.343   359   413 I ThermalEngine: qmi: Instance id 157 for fusion TS
01-13 20:05:51.344   359   359 E ThermalEngine: bcl_setup: Unexpected node error
01-13 20:05:51.344   359   359 E ThermalEngine: add_tgt_sensors_set: Error adding bcl
01-13 20:05:51.344   359   359 E ThermalEngine: sensors_init: Error adding BCL TS
01-13 20:05:51.346   359   359 I ThermalEngine: Loading config file for virtual sensor
01-13 20:05:51.346   359   359 I ThermalEngine: Loading configuration file /vendor/etc/thermal-engine.conf
01-13 20:05:51.346   359   359 E ThermalEngine: Unable to open config file '/vendor/etc/thermal-engine.conf'
01-13 20:05:51.346   359   359 E ThermalEngine: virtual_sensors_init: Error getting virtual sensors set
01-13 20:05:51.346   359   359 I ThermalEngine: Loading configuration file /vendor/etc/thermal-engine.conf
01-13 20:05:51.346   359   359 E ThermalEngine: Unable to open config file '/vendor/etc/thermal-engine.conf'
01-13 20:05:51.346   359   359 E ThermalEngine: Error in SOCKET CREATE. CREATING IT LOCALLY
01-13 20:05:51.346   359   359 I ThermalEngine: [CPU2-3_MONITOR]
01-13 20:05:51.346   359   359 I ThermalEngine: #algo_type monitor
01-13 20:05:51.346   359   359 I ThermalEngine: sampling 1000
01-13 20:05:51.346   359   359 I ThermalEngine: sensor cpu2-3
01-13 20:05:51.346   359   359 I ThermalEngine: thresholds 97000
01-13 20:05:51.346   359   359 I ThermalEngine: thresholds_clr 92000
01-13 20:05:51.346   359   359 I ThermalEngine: actions shutdown
01-13 20:05:51.346   359   359 I ThermalEngine: action_info 0
01-13 20:05:51.346   359   359 I ThermalEngine: [CPU0-1_MONITOR]
01-13 20:05:51.346   359   359 I ThermalEngine: #algo_type monitor
01-13 20:05:51.346   359   359 I ThermalEngine: sampling 1000
01-13 20:05:51.346   359   359 I ThermalEngine: sensor cpu0-1
01-13 20:05:51.346   359   359 I ThermalEngine: thresholds 97000
01-13 20:05:51.346   359   359 I ThermalEngine: thresholds_clr 92000
01-13 20:05:51.346   359   359 I ThermalEngine: actions shutdown
01-13 20:05:51.346   359   359 I ThermalEngine: action_info 0
01-13 20:05:51.347   359   359 I ThermalEngine: [SS-POPMEM]
01-13 20:05:51.347   359   359 I ThermalEngine: #algo_type ss
01-13 20:05:51.347   359   359 I ThermalEngine: sampling 1000
01-13 20:05:51.347   359   359 I ThermalEngine: sensor pop_mem
01-13 20:05:51.347   359   359 I ThermalEngine: device cpu
01-13 20:05:51.347   359   359 I ThermalEngine: set_point 70000
01-13 20:05:51.347   359   359 I ThermalEngine: set_point_clr 45000
01-13 20:05:51.347   359   359 I ThermalEngine: time_constant 2
01-13 20:05:51.347   359   359 I ThermalEngine: [SS-CPU2-3]
01-13 20:05:51.347   359   359 I ThermalEngine: #algo_type ss
01-13 20:05:51.347   359   359 I ThermalEngine: sampling 250
01-13 20:05:51.347   359   359 I ThermalEngine: sensor cpu2-3
01-13 20:05:51.347   359   359 I ThermalEngine: device cpu
01-13 20:05:51.347   359   359 I ThermalEngine: set_point 85000
01-13 20:05:51.347   359   359 I ThermalEngine: set_point_clr 55000
01-13 20:05:51.347   359   359 I ThermalEngine: time_constant 0
01-13 20:05:51.347   359   359 I ThermalEngine: [SS-CPU0-1]
01-13 20:05:51.347   359   359 I ThermalEngine: #algo_type ss
01-13 20:05:51.347   359   359 I ThermalEngine: sampling 250
01-13 20:05:51.347   359   359 I ThermalEngine: sensor cpu0-1
01-13 20:05:51.347   359   359 I ThermalEngine: device cpu
01-13 20:05:51.347   359   359 I ThermalEngine: set_point 85000
01-13 20:05:51.347   359   359 I ThermalEngine: set_point_clr 55000
01-13 20:05:51.347   359   359 I ThermalEngine: time_constant 0
01-13 20:05:51.347   347   347 I ServiceManagement: Removing namespace from process name android.hardware.graphics.allocator@2.0-service to allocator@2.0-s.
01-13 20:05:51.349   359   431 I ThermalEngine: vdd_restrict_qmi_request: MODEM req level(0) is recorded and waiting for completing QMI registration
01-13 20:05:51.349   359   431 I ThermalEngine: vdd_restrict_qmi_request: ADSP req level(0) is recorded and waiting for completing QMI registration
01-13 20:05:51.349   359   431 I ThermalEngine: hotplug_ktm_disable_cb: write out 0
01-13 20:05:51.350   358   358 I mm-qcamera-daem: type=1400 audit(0.0:177): avc: denied { ioctl } for path="/dev/video0" dev="tmpfs" ino=1081 ioctlcmd=565a scontext=u:r:init:s0 tcontext=u:object_r:video_device:s0 tclass=chr_file permissive=1
01-13 20:05:51.353   372   372 D mm-camera-intf: index = 0 flag = 1 mount_angle = 90 facing = 0
01-13 20:05:51.353   372   372 D mm-camera-intf: index = 1 flag = 103 mount_angle = 270 facing = 1
01-13 20:05:51.353   372   372 W QCamera2Factory: QCamera2Factory : Num of camera 2
01-13 20:05:51.353   372   372 W QCamera2HWI:  : Antibanding value from CSC = setAntiBandingSocCamera
01-13 20:05:51.353   372   372 W QCamera2HWI: setAntiBandingSocCamera - Setting Default : 50hz
01-13 20:05:51.356   497   497 W mm-qcamera-daem: type=1400 audit(0.0:178): avc: granted { read } for name="ion" dev="tmpfs" ino=9463 scontext=u:r:init:s0 tcontext=u:object_r:ion_device:s0 tclass=chr_file
01-13 20:05:51.356   497   497 W mm-qcamera-daem: type=1400 audit(0.0:179): avc: granted { read open } for path="/dev/ion" dev="tmpfs" ino=9463 scontext=u:r:init:s0 tcontext=u:object_r:ion_device:s0 tclass=chr_file
01-13 20:05:51.356   497   497 I mm-qcamera-daem: type=1400 audit(0.0:180): avc: denied { ioctl } for path="/dev/kgsl-3d0" dev="tmpfs" ino=7570 ioctlcmd=940 scontext=u:r:init:s0 tcontext=u:object_r:gpu_device:s0 tclass=chr_file permissive=1
01-13 20:05:51.356   497   497 W mm-qcamera-daem: type=1400 audit(0.0:181): avc: granted { read } for path="/dev/kgsl-3d0" dev="tmpfs" ino=7570 scontext=u:r:init:s0 tcontext=u:object_r:gpu_device:s0 tclass=chr_file
01-13 20:05:51.360   497   497 W mm-qcamera-daem: type=1400 audit(0.0:182): avc: granted { read } for name="kgsl-3d0" dev="tmpfs" ino=7570 scontext=u:r:init:s0 tcontext=u:object_r:gpu_device:s0 tclass=chr_file
01-13 20:05:51.360   497   497 W mm-qcamera-daem: type=1400 audit(0.0:183): avc: granted { read open } for path="/dev/kgsl-3d0" dev="tmpfs" ino=7570 scontext=u:r:init:s0 tcontext=u:object_r:gpu_device:s0 tclass=chr_file
01-13 20:05:51.360   372   372 I CamProvider@2.4-impl.legacy: Loaded "Samsung MSM8916 Camera Wrapper" camera module
01-13 20:05:51.360   372   372 I CamProvider@2.4-impl.legacy: setUpVendorTags: No vendor tags defined for this device.
01-13 20:05:51.360   372   372 V CameraWrapper: camera_get_number_of_cameras
01-13 20:05:51.360   372   372 V CameraWrapper: check_vendor_module
01-13 20:05:51.360   372   372 V CameraWrapper: camera_get_camera_info
01-13 20:05:51.360   372   372 V CameraWrapper: check_vendor_module
01-13 20:05:51.360   372   372 W QCamera2Factory: getCameraInfo: E, camera_id = 0
01-13 20:05:51.360   372   372 W QCamera2Factory: getCameraInfo: X
01-13 20:05:51.360   372   372 V CameraWrapper: camera_get_camera_info
01-13 20:05:51.360   372   372 V CameraWrapper: check_vendor_module
01-13 20:05:51.360   372   372 W QCamera2Factory: getCameraInfo: E, camera_id = 1
01-13 20:05:51.360   372   372 W QCamera2Factory: getCameraInfo: X
01-13 20:05:51.360   347   347 I android.hardware.graphics.allocator@2.0-service: Registration complete for android.hardware.graphics.allocator@2.0::IAllocator/default.
01-13 20:05:51.362   372   372 I CameraProviderManager: Connecting to new camera provider: legacy/0, isRemote? 0
01-13 20:05:51.362   372   372 I CameraProviderManager: Enumerating new camera device: device@1.0/legacy/0
01-13 20:05:51.362   372   372 V CameraWrapper: camera_get_number_of_cameras
01-13 20:05:51.362   372   372 V CameraWrapper: check_vendor_module
01-13 20:05:51.365   344   491 D audio_hw_primary: adev_open: enter
01-13 20:05:51.365   372   372 I CamDev@1.0-impl.legacy: Opening camera 0
01-13 20:05:51.365   372   372 V CameraWrapper: camera_get_camera_info
01-13 20:05:51.365   372   372 V CameraWrapper: check_vendor_module
01-13 20:05:51.365   372   372 W QCamera2Factory: getCameraInfo: E, camera_id = 0
01-13 20:05:51.365   372   372 W QCamera2Factory: getCameraInfo: X
01-13 20:05:51.365   372   372 V CameraWrapper: camera_device_open
01-13 20:05:51.365   372   372 V CameraWrapper: check_vendor_module
01-13 20:05:51.365   372   372 W QCamera2Factory: cameraDeviceOpen : E
01-13 20:05:51.366   372   372 E QCamera2HWI: loadPerfLockAPI : can't open libqti-perfd-client.so extension library
01-13 20:05:51.366   372   372 E QCamera2HWI: QCamera2HardwareInterface : [CORELOCK_DBG] can't load perf APIs
01-13 20:05:51.366   372   372 E QCamera2HWI: HAL_perf_lock_acq : [CORELOCK_DBG] can't support perf APIs
01-13 20:05:51.366   372   372 I QCamera2HWI: [KPI Perf] openCamera: E
01-13 20:05:51.366   372   372 W QCamera2HWI: [KPI Perf] openCamera: E PROFILE_OPEN_CAMERA camera id 0
01-13 20:05:51.366   372   372 E mm-camera-intf: mm_camera_open:  begin
01-13 20:05:51.366   372   372 E mm-camera-intf: mm_camera_open: dev name = /dev/video2, cam_idx = 2
01-13 20:05:51.366   358   358 E mm-camera: server_process_hal_event:__DBG__ E event id=1
01-13 20:05:51.366   358   358 E mm-camera: server_process_hal_event: new session __debug__
01-13 20:05:51.366   358   358 E mm-camera: server_process_bind_hal_ds:__DBG__ E
01-13 20:05:51.367   354   354 D vndksupport: Loading /vendor/lib/egl/libGLESv2_adreno.so from current namespace instead of sphal namespace.
01-13 20:05:51.369   354   354 D libEGL  : loaded /vendor/lib/egl/libGLESv2_adreno.so
01-13 20:05:51.370   497   497 W mm-qcamera-daem: type=1400 audit(0.0:184): avc: granted { read } for name="ion" dev="tmpfs" ino=9463 scontext=u:r:init:s0 tcontext=u:object_r:ion_device:s0 tclass=chr_file
01-13 20:05:51.370   497   497 W mm-qcamera-daem: type=1400 audit(0.0:185): avc: granted { read open } for path="/dev/ion" dev="tmpfs" ino=9463 scontext=u:r:init:s0 tcontext=u:object_r:ion_device:s0 tclass=chr_file
01-13 20:05:51.370   497   497 W mm-qcamera-daem: type=1400 audit(0.0:186): avc: granted { read } for path="/dev/kgsl-3d0" dev="tmpfs" ino=7570 scontext=u:r:init:s0 tcontext=u:object_r:gpu_device:s0 tclass=chr_file
01-13 20:05:51.370   358   506 E mm-camera-sensor: module_sensor_start_session:1119 sensor_bundle = a9c0fd20 session id = 2
01-13 20:05:51.370   358   506 E mm-camera-sensor: module_sensor_init_session:657 func module_sensor_init_session line 657
01-13 20:05:51.370   358   506 E mm-camera-sensor: 
01-13 20:05:51.370   358   506 E mm-camera-sensor: module_sensor_init_session:696 func module_sensor_init_session line 696
01-13 20:05:51.370   358   506 E mm-camera-sensor: 
01-13 20:05:51.370   358   506 E mm-camera-sensor: sensor_load_library:79 sr544 : load from phone
01-13 20:05:51.373   508   508 W mm-qcamera-daem: type=1400 audit(0.0:187): avc: granted { read } for name="ion" dev="tmpfs" ino=9463 scontext=u:r:init:s0 tcontext=u:object_r:ion_device:s0 tclass=chr_file
01-13 20:05:51.373   508   508 W mm-qcamera-daem: type=1400 audit(0.0:188): avc: granted { read open } for path="/dev/ion" dev="tmpfs" ino=9463 scontext=u:r:init:s0 tcontext=u:object_r:ion_device:s0 tclass=chr_file
01-13 20:05:51.373   508   508 W mm-qcamera-daem: type=1400 audit(0.0:189): avc: granted { read } for name="ion" dev="tmpfs" ino=9463 scontext=u:r:init:s0 tcontext=u:object_r:ion_device:s0 tclass=chr_file
01-13 20:05:51.373   508   508 W mm-qcamera-daem: type=1400 audit(0.0:190): avc: granted { read open } for path="/dev/ion" dev="tmpfs" ino=9463 scontext=u:r:init:s0 tcontext=u:object_r:ion_device:s0 tclass=chr_file
01-13 20:05:51.380   344   491 D audio_hw_utils: audio_extn_utils_get_snd_card_num: snd_card_name: msm8x16-snd-card
01-13 20:05:51.380   344   491 D audio_hw_utils: audio_extn_utils_get_snd_card_num: Opened sound card:0
01-13 20:05:51.381   344   491 D msm8916_platform: platform_init: Opened sound card:0
01-13 20:05:51.381   358   509 E mm-camera: stats_module_start_session: E, kur sessionid=2, module=0xa9c193e0
01-13 20:05:51.381   358   509 E mm-camera: aec_module_start_session E kur module 0xa9c194a0 sessionid=131072
01-13 20:05:51.383   511   511 I mm-qcamera-daem: type=1400 audit(0.0:191): avc: denied { write } for name="v4l-subdev7" dev="tmpfs" ino=1093 scontext=u:r:init:s0 tcontext=u:object_r:video_device:s0 tclass=chr_file permissive=1
01-13 20:05:51.383   358   509 E mm-camera: stats_port_init: E
01-13 20:05:51.383   358   509 E mm-camera: stats_port_init: X
01-13 20:05:51.384   358   511 E mm-camera: cpp_module_start_session:297, info: starting session 2
01-13 20:05:51.393   354   354 I Adreno-EGL: <qeglDrvAPI_eglInitialize:379>: EGL 1.4 QUALCOMM build: Nondeterministic_AU_msm8916_64_LA.BR.1.2.9_RB1__release_AU (I38fdb1353f)
01-13 20:05:51.393   354   354 I Adreno-EGL: OpenGL ES Shader Compiler Version: XE031.09.00.03
01-13 20:05:51.393   354   354 I Adreno-EGL: Build Date: 10/24/16 Mon
01-13 20:05:51.393   354   354 I Adreno-EGL: Local Branch: mybranch22985090
01-13 20:05:51.393   354   354 I Adreno-EGL: Remote Branch: quic/LA.BR.1.2.9_rb1.8
01-13 20:05:51.393   354   354 I Adreno-EGL: Local Patches: NONE
01-13 20:05:51.393   354   354 I Adreno-EGL: Reconstruct Branch: NOTHING
01-13 20:05:51.394   358   513 E mm-camera-img: module_imglib_msg_thread: __ZZZZ__: E
01-13 20:05:51.394   358   513 E mm-camera-img: module_imglib_msg_thread:66 abort 0 0
01-13 20:05:51.397   344   491 D msm8916_platform: platform_init: snd_card_name: msm8x16-snd-card
01-13 20:05:51.397   344   491 D msm8916_platform: platform_init: mixer path file is /vendor/etc/mixer_paths.xml
01-13 20:05:51.400   354   354 I /system/bin/surfaceflinger: android::hardware::configstore::V1_0::ISurfaceFlingerConfigs::hasWideColorDisplay retrieved: 0
01-13 20:05:51.402   354   354 D vndksupport: Loading /vendor/lib/hw/gralloc.msm8916.so from current namespace instead of sphal namespace.
01-13 20:05:51.407   354   354 D vndksupport: Loading /vendor/lib/hw/hwcomposer.msm8916.so from current namespace instead of sphal namespace.
01-13 20:05:51.429   374   374 I wificond: wificond is starting up...
01-13 20:05:51.431   358   511 E mm-camera: cpp_module_start_session:343, info: cpp_thread created.
01-13 20:05:51.431   358   519 E mm-camera: cpp_thread_func:55: cpp_thread entering the polling loop...
01-13 20:05:51.431   358   511 E mm-camera: cpp_module_start_session:348, info: session 2 started.
01-13 20:05:51.431   358   511 E mm-camera: c2d_module_start_session:218, info: starting session 2
01-13 20:05:51.434   358   520 E mm-camera: c2d_thread_func:39: c2d_thread entering the polling loop...
01-13 20:05:51.434   358   511 E mm-camera: c2d_module_start_session:256, info: c2d_thread created.
01-13 20:05:51.440   360   360 I qcom-system-dae: type=1400 audit(0.0:64): avc: denied { write } for name="diag" dev="tmpfs" ino=7717 scontext=u:r:init:s0 tcontext=u:object_r:diag_device:s0 tclass=chr_file permissive=1
01-13 20:05:51.440   360   360 W qcom-system-dae: type=1400 audit(0.0:65): avc: granted { read open } for path="/dev/diag" dev="tmpfs" ino=7717 scontext=u:r:init:s0 tcontext=u:object_r:diag_device:s0 tclass=chr_file
01-13 20:05:51.443   350   350 I android.hardware.wifi@1.0-service: Wifi Hal is booting up...
01-13 20:05:51.443   360   360 E QCOMSysDaemon: Can't find/open bootselect node: (No such file or directory)
01-13 20:05:51.443   360   360 I QCOMSysDaemon: Starting qcom system daemon
01-13 20:05:51.447   344   491 E audio_route: unknown enum value string Off for ctl TTY Mode
01-13 20:05:51.447   344   491 E audio_route: Control 'HPHL Volume' doesn't exist - skipping
01-13 20:05:51.448   344   491 E audio_route: Control 'HPHR Volume' doesn't exist - skipping
01-13 20:05:51.449   344   491 E audio_route: Control 'RX2 MIX2 INP2' doesn't exist - skipping
01-13 20:05:51.449   344   491 E audio_route: Control 'RX1 MIX2 INP2' doesn't exist - skipping
01-13 20:05:51.450   358   511 E mm-camera: c2d_module_start_session:278, info: session 2 started.
01-13 20:05:51.450   358   521 E mm-camera-img: module_imglib_msg_thread: __ZZZZ__: E
01-13 20:05:51.450   358   521 E mm-camera-img: module_imglib_msg_thread:66 abort 0 0
01-13 20:05:51.451   358   506 E         : open lib sr544_open_lib hwver = 4   rev = 4 
01-13 20:05:51.451   344   491 E audio_route: unknown enum value string 8000 for ctl Internal BTSCO SampleRate
01-13 20:05:51.452   358   506 E mm-camera-sensor: actuator_open:665 actuator_open: E
01-13 20:05:51.452   344   491 E audio_route: unknown enum value string 8000 for ctl Internal BTSCO SampleRate
01-13 20:05:51.452   358   506 E mm-camera-sensor: actuator_open:690 actuator_open: X
01-13 20:05:51.452   358   506 E mm-camera-sensor: csid_open:124 sd name /dev/v4l-subdev2
01-13 20:05:51.452   344   491 E audio_route: Control 'MI2S_DL_HL Switch' doesn't exist - skipping
01-13 20:05:51.453   358   506 E mm-camera-sensor: csiphy_open:90 csiphy subdev name = /dev/v4l-subdev0
01-13 20:05:51.453   358   506 E mm-camera-sensor: 
01-13 20:05:51.455   344   491 E audio_route: Control 'MI2S_DL_HL Switch' doesn't exist - skipping
01-13 20:05:51.455   344   491 E audio_route: unknown enum value string 16000 for ctl Internal BTSCO SampleRate
01-13 20:05:51.458   344   491 I chatty  : uid=1041(audioserver) HwBinder:344_2 identical 4 lines
01-13 20:05:51.459   344   491 E audio_route: unknown enum value string 16000 for ctl Internal BTSCO SampleRate
01-13 20:05:51.459   344   491 E audio_route: Control 'MI2S_DL_HL Switch' doesn't exist - skipping
01-13 20:05:51.460   344   491 E audio_route: unknown enum value string 16000 for ctl Internal BTSCO SampleRate
01-13 20:05:51.460   344   491 E audio_route: unknown enum value string 16000 for ctl Internal BTSCO SampleRate
01-13 20:05:51.460   358   506 E mm-camera-sensor: module_sensor_init_session:796 sensor position 0
01-13 20:05:51.460   358   506 E mm-camera-sensor: module_sensor_init_session:805 reload_bin : 0, RELOAD_PROPERTY_VALUE=3757
01-13 20:05:51.460   358   506 E mm-camera-sensor: eeprom_process:1459 eeprom_process:1459: event: 68 e_ctrl->fd: 26
01-13 20:05:51.460   358   506 E mm-camera-sensor: eeprom_set_bytestream:1371 e_ctrl->eeprom_params.num_bytes =2128
01-13 20:05:51.461   344   491 E audio_route: unknown enum value string 16000 for ctl Internal BTSCO SampleRate
01-13 20:05:51.464   344   491 E audio_route: Control 'IIR1 Enable Band1' already exists in path 'voice-headphones'
01-13 20:05:51.466   344   491 E audio_route: Control 'MI2S_DL_HL Switch' doesn't exist - skipping
01-13 20:05:51.469   358   506 E mm-camera-sensor: sensor_init:474 subdev name v4l-subdev12
01-13 20:05:51.469   358   506 E mm-camera-sensor: sensor_init:481 50hz
01-13 20:05:51.478   344   491 D msm8916_platform: Opening /sys/class/thermal/thermal_zone0/type
01-13 20:05:51.479   344   491 D msm8916_platform: Opening /sys/class/thermal/thermal_zone1/type
01-13 20:05:51.479   344   491 D msm8916_platform: Opening /sys/class/thermal/thermal_zone2/type
01-13 20:05:51.479   344   491 D msm8916_platform: Opening /sys/class/thermal/thermal_zone3/type
01-13 20:05:51.479   344   491 D msm8916_platform: Opening /sys/class/thermal/thermal_zone4/type
01-13 20:05:51.479   344   491 D msm8916_platform: Opening /sys/class/thermal/thermal_zone5/type
01-13 20:05:51.480   344   491 D msm8916_platform: Opening /sys/class/thermal/thermal_zone6/type
01-13 20:05:51.480   344   491 D msm8916_platform: Opening /sys/class/thermal/thermal_zone7/type
01-13 20:05:51.480   344   491 D msm8916_platform: Opening /sys/class/thermal/thermal_zone8/type
01-13 20:05:51.480   344   491 D msm8916_platform: Opening /sys/class/thermal/thermal_zone9/type
01-13 20:05:51.516   344   491 E audio_hw_acdb: acdb_init: dlsym error undefined symbol: acdb_loader_init_v3 for acdb_loader_init_v3
01-13 20:05:51.516   344   491 D ACDB-LOADER: ACDB_CMD_INITIALIZE_V2 snd_card = msm8x16-snd-card, cvd_ver = 2.1, key =946697069
01-13 20:05:51.516   344   491 D ACDB-LOADER: ACDB -> Load file: /etc/Bluetooth_cal.acdb
01-13 20:05:51.516   344   491 D ACDB-LOADER: ACDB -> Load file: /etc/General_cal.acdb
01-13 20:05:51.516   344   491 D ACDB-LOADER: ACDB -> Load file: /etc/Global_cal.acdb
01-13 20:05:51.516   344   491 D ACDB-LOADER: ACDB -> Load file: /etc/Handset_cal.acdb
01-13 20:05:51.516   344   491 D ACDB-LOADER: ACDB -> Load file: /etc/Hdmi_cal.acdb
01-13 20:05:51.516   344   491 D ACDB-LOADER: ACDB -> Load file: /etc/Headset_cal.acdb
01-13 20:05:51.516   344   491 D ACDB-LOADER: ACDB -> Load file: /etc/Speaker_cal.acdb
01-13 20:05:51.519   344   491 D         : [ACDB Command]->SW Minor/Major/Revision version info for /etc/Bluetooth_cal.acdb
01-13 20:05:51.519   344   491 D         : [ACDB Command]->ACDB Sw Major = 9, ACDB Sw Minor = 0, ACDB Sw Revision = 2, ACDB Sw Cpl Number = 0
01-13 20:05:51.519   344   491 D         : [ACDB Command]->ACDB File Major = 4, ACDB File Minor = 1, ACDB File Revision = 0
01-13 20:05:51.520   344   491 D         : [AcdbIsDeltaFileAvailable] failed to open delta file /data/misc/audio/acdbdata/delta/Bluetooth_cal.acdbdelta
01-13 20:05:51.520   344   491 D         : [ACDB Command]->SW Minor/Major/Revision version info for /etc/General_cal.acdb
01-13 20:05:51.520   344   491 D         : [ACDB Command]->ACDB Sw Major = 9, ACDB Sw Minor = 0, ACDB Sw Revision = 2, ACDB Sw Cpl Number = 0
01-13 20:05:51.520   344   491 D         : [ACDB Command]->ACDB File Major = 4, ACDB File Minor = 1, ACDB File Revision = 0
01-13 20:05:51.520   344   491 D         : [AcdbIsDeltaFileAvailable] failed to open delta file /data/misc/audio/acdbdata/delta/General_cal.acdbdelta
01-13 20:05:51.521   344   491 D         : [ACDB Command]->SW Minor/Major/Revision version info for /etc/Global_cal.acdb
01-13 20:05:51.521   344   491 D         : [ACDB Command]->ACDB Sw Major = 9, ACDB Sw Minor = 0, ACDB Sw Revision = 2, ACDB Sw Cpl Number = 0
01-13 20:05:51.521   344   491 D         : [ACDB Command]->ACDB File Major = 4, ACDB File Minor = 1, ACDB File Revision = 0
01-13 20:05:51.521   344   491 D         : [AcdbIsDeltaFileAvailable] failed to open delta file /data/misc/audio/acdbdata/delta/Global_cal.acdbdelta
01-13 20:05:51.524   344   491 D         : [ACDB Command]->SW Minor/Major/Revision version info for /etc/Handset_cal.acdb
01-13 20:05:51.524   344   491 D         : [ACDB Command]->ACDB Sw Major = 9, ACDB Sw Minor = 0, ACDB Sw Revision = 2, ACDB Sw Cpl Number = 0
01-13 20:05:51.524   344   491 D         : [ACDB Command]->ACDB File Major = 4, ACDB File Minor = 1, ACDB File Revision = 0
01-13 20:05:51.524   344   491 D         : [AcdbIsDeltaFileAvailable] failed to open delta file /data/misc/audio/acdbdata/delta/Handset_cal.acdbdelta
01-13 20:05:51.525   344   491 D         : [ACDB Command]->SW Minor/Major/Revision version info for /etc/Hdmi_cal.acdb
01-13 20:05:51.525   344   491 D         : [ACDB Command]->ACDB Sw Major = 9, ACDB Sw Minor = 0, ACDB Sw Revision = 2, ACDB Sw Cpl Number = 0
01-13 20:05:51.525   344   491 D         : [ACDB Command]->ACDB File Major = 4, ACDB File Minor = 1, ACDB File Revision = 0
01-13 20:05:51.525   344   491 D         : [AcdbIsDeltaFileAvailable] failed to open delta file /data/misc/audio/acdbdata/delta/Hdmi_cal.acdbdelta
01-13 20:05:51.526   344   491 D         : [ACDB Command]->SW Minor/Major/Revision version info for /etc/Headset_cal.acdb
01-13 20:05:51.526   344   491 D         : [ACDB Command]->ACDB Sw Major = 9, ACDB Sw Minor = 0, ACDB Sw Revision = 2, ACDB Sw Cpl Number = 0
01-13 20:05:51.526   344   491 D         : [ACDB Command]->ACDB File Major = 4, ACDB File Minor = 1, ACDB File Revision = 0
01-13 20:05:51.526   344   491 D         : [AcdbIsDeltaFileAvailable] failed to open delta file /data/misc/audio/acdbdata/delta/Headset_cal.acdbdelta
01-13 20:05:51.528   344   491 D         : [ACDB Command]->SW Minor/Major/Revision version info for /etc/Speaker_cal.acdb
01-13 20:05:51.528   344   491 D         : [ACDB Command]->ACDB Sw Major = 9, ACDB Sw Minor = 0, ACDB Sw Revision = 2, ACDB Sw Cpl Number = 0
01-13 20:05:51.528   344   491 D         : [ACDB Command]->ACDB File Major = 4, ACDB File Minor = 1, ACDB File Revision = 0
01-13 20:05:51.528   344   491 D         : [AcdbIsDeltaFileAvailable] failed to open delta file /data/misc/audio/acdbdata/delta/Speaker_cal.acdbdelta
01-13 20:05:51.528   344   491 D ACDB-LOADER: ACDB -> ACPH INIT
01-13 20:05:51.528   344   491 D         : [ACPH]->Online service registered with ACPH
01-13 20:05:51.528   344   491 E Diag_Lib:  Diag_LSM_Init: Failed to open handle to diag driver, error = 13
01-13 20:05:51.529   344   491 E Diag_Lib:  diagpkt_tbl_reg: Registration failed.
01-13 20:05:51.529   344   491 D         : [ACPH]->ACPH init success
01-13 20:05:51.529   344   491 D ACDB-LOADER: ACDB -> RTAC INIT
01-13 20:05:51.529   344   491 D         : [ACPH]->DSP RTC service registered with ACPH
01-13 20:05:51.529   344   491 D ACDB-LOADER: ACDB -> MCS, FTS INIT
01-13 20:05:51.529   344   491 E MCS-RT-CTL: Can't open the configuration file /system/etc/aanc_tuning_mixer.txt.
01-13 20:05:51.529   344   491 E ACDB-MCS: acdb_mcs_init: MCS routing control initialization failed.
01-13 20:05:51.529   344   491 D         : [ACPH]->FTS RTC service registered with ACPH
01-13 20:05:51.529   344   491 D ACDB-LOADER: ACDB -> ADIE RTAC INIT
01-13 20:05:51.529   344   491 D         : [ACPH]->ADIE RTC service registered with ACPH
01-13 20:05:51.529   344   491 D ACDB-LOADER: ACDB -> ACDB_CMD_GET_VOC_PROC_DYNAMIC_TABLE_SIZE
01-13 20:05:51.529   344   491 D         : Invalid AV file. It doesnt contain LUT for tblid 00000017 
01-13 20:05:51.529   344   491 D         : Failed to fetch the Table in ACDB files Table-ID 00000017 
01-13 20:05:51.529   344   491 D ACDB-LOADER: ACDB -> send_meta_info, lic 386d736d
01-13 20:05:51.529   344   491 D         : Couldnt find the key 386D736D 
01-13 20:05:51.529   344   491 D         : Output from GetMetaInfoSize command : 0
01-13 20:05:51.571   344   491 D ACDB-LOADER: ACDB -> send_common_custom_topology
01-13 20:05:51.571   344   491 D ACDB-LOADER: ACDB -> ACDB_CMD_GET_AVCS_CUSTOM_TOPO_INFO
01-13 20:05:51.571   344   491 D         : ACDBFILE_MGR: Property for the pid 000131A7 not found
01-13 20:05:51.571   344   491 D         : ACDB_COMMAND: Failed to fetch the property info for pid 000131A7 
01-13 20:05:51.571   344   491 E ACDB-LOADER: Error: ACDB get common custom topologies returned = -18
01-13 20:05:51.571   344   491 D ACDB-LOADER: ACDB -> ACDB_CMD_GET_AVCS_CUSTOM_TOPO_INFO: size:0x0 ret=-18 
01-13 20:05:51.571   344   491 D ACDB-LOADER: ACDB -> CORE_CUSTOM_TOPOLOGIES
01-13 20:05:51.571   344   491 D ACDB-LOADER: ACDB -> acdb_loader_send_common_custom_topology: Common custom topology not in use
01-13 20:05:51.571   344   491 D ACDB-LOADER: ACDB -> send_adm_custom_topology
01-13 20:05:51.571   344   491 D ACDB-LOADER: ACDB -> ACDB_CMD_GET_AUDIO_COPP_TOPOLOGIES
01-13 20:05:51.571   344   491 D ACDB-LOADER: ACDB -> AUDIO_SET_ADM_CUSTOM_TOPOLOGY
01-13 20:05:51.571   344   491 D ACDB-LOADER: ACDB -> send_asm_custom_topology
01-13 20:05:51.571   344   491 D ACDB-LOADER: ACDB -> ACDB_CMD_GET_AUDIO_POPP_TOPOLOGIES
01-13 20:05:51.571   344   491 D         : ACDBFILE_MGR: Property for the pid 00012E48 not found
01-13 20:05:51.571   344   491 D         : ACDB_COMMAND: Failed to fetch the property info for pid 00012E48 
01-13 20:05:51.571   344   491 E ACDB-LOADER: Error: ACDB get asm topologies returned = -18
01-13 20:05:51.571   344   491 D ACDB-LOADER: ACDB -> AUDIO_SET_ASM_CUSTOM_TOPOLOGY
01-13 20:05:51.571   344   491 D ACDB-LOADER: ACDB -> send_lsm_custom_topology
01-13 20:05:51.571   344   491 D ACDB-LOADER: ACDB -> ACDB_CMD_GET_LSM_TOPOLOGIES
01-13 20:05:51.571   344   491 D         : ACDBFILE_MGR: Property for the pid 000130DF not found
01-13 20:05:51.571   344   491 D         : ACDB_COMMAND: Failed to fetch the property info for pid 000130DF 
01-13 20:05:51.571   344   491 E ACDB-LOADER: Error: ACDB get lsm custom topologies returned = -18
01-13 20:05:51.571   344   491 D ACDB-LOADER: ACDB -> AUDIO_SET_LSM_CUSTOM_TOPOLOGY
01-13 20:05:51.571   344   491 D ACDB-LOADER: ACDB -> send_meta_info Enter
01-13 20:05:51.571   344   491 E ACDB-LOADER: Fail to allocate memory for metainfo
01-13 20:05:51.571   344   491 D ACDB-LOADER: ACDB ->send_meta_info failed
01-13 20:05:51.571   344   491 D ACDB-LOADER: ACDB -> init done!
01-13 20:05:51.572   344   491 D msm8916_platform: ACDB initialized
01-13 20:05:51.572   344   491 D msm8916_platform: hw_util_open Opening device /dev/snd/hwC0D1000
01-13 20:05:51.572   344   491 E msm8916_platform: hw_util_open: cannot open device '/dev/snd/hwC0D1000'
01-13 20:05:51.572   344   491 E msm8916_platform: audio_hwdep_send_cal error open
01-13 20:05:51.572   344   491 D platform_info: platform_info_init: Failed to open /vendor/etc/audio_platform_info.xml, using defaults.
01-13 20:05:51.572   344   491 D msm8916_platform: platform_init: Fluence_Type(0) max_mic_count(2) mic_type(0x3) fluence_in_voice_call(0) fluence_in_voice_rec(0) fluence_in_spkr_mode(0) 
01-13 20:05:51.572   344   491 D msm8916_platform: native: native audio: disabled for sound card msm8x16-snd-card
01-13 20:05:51.581   344   491 E audio_hw_primary: Amplifier initialization failed
01-13 20:05:51.584   344   344 W DeviceHAL: Device 0xac52f000 get_master_volume: Function not implemented
01-13 20:05:51.584   344   344 W DeviceHAL: Device 0xac52f000 get_master_mute: Function not implemented
01-13 20:05:51.584   344   344 W DeviceHAL: Device 0xac52f000 set_master_volume: Function not implemented
01-13 20:05:51.584   344   344 W DeviceHAL: Device 0xac52f000 set_master_mute: Function not implemented
01-13 20:05:51.584   365   365 I AudioFlinger: loadHwModule() Loaded primary audio interface, handle 10
01-13 20:05:51.584   365   365 I AudioFlinger: openOutput() this 0xab132000, module 10 Device 2, SamplingRate 48000, Format 0x000001, Channels 3, flags 2
01-13 20:05:51.585   344   344 D audio_hw_primary: adev_open_output_stream: enter: sample_rate(48000) channel_mask(0x3) devices(0x2) flags(0x2)        stream_handle(0xac530800)
01-13 20:05:51.585   344   344 D audio_hw_primary: adev_open_output_stream: Stream (0xac530800) picks up usecase (deep-buffer-playback)
01-13 20:05:51.587   365   365 I AudioFlinger: HAL output buffer size 1920 frames, normal sink buffer size 1920 frames
01-13 20:05:51.603   358   358 E mm-camera: server_process_module_init:59, int mods
01-13 20:05:51.610   358   358 E mm-camera-sensor: module_sensor_init:5090 Enter 
01-13 20:05:51.610   358   358 E mm-camera-sensor: sensor_init_probe:439 sensor_init_probe
01-13 20:05:51.611   358   358 E mm-camera-sensor: sensor_init_probe:475 Done enumerating media entities
01-13 20:05:51.611   358   358 E mm-camera-sensor: sensor_init_probe:450 Done enumerating media devices
01-13 20:05:51.611   358   358 E mm-camera-sensor: sensor_init_probe:490 subdev_name /dev/v4l-subdev6
01-13 20:05:51.611   358   358 E mm-camera-sensor: sensor_init_probe:498 Open subdev
01-13 20:05:51.611   358   358 E mm-camera-sensor: check_all_eeprom_dev:376 found eeprom : /dev/v4l-subdev5 cam_position: 0
01-13 20:05:51.611   358   358 E mm-camera-sensor: [mm]write_sysfs_latest_module_check:831 [FW_DBG][/sys/class/camera/rear/rear_checkfw_user] OK
01-13 20:05:51.611   358   358 E mm-camera-sensor: [mm]write_sysfs_latest_module_check:831 [FW_DBG][/sys/class/camera/rear/rear_checkfw_factory] OK
01-13 20:05:51.611   358   358 E mm-camera-sensor: [mm]read_EEPROM_header_version:445 EEPROM HEADER: core_version(0x43) resolution(0x30 0x35) isp(0x51) sensor_maker(0x46)
01-13 20:05:51.611   358   358 E mm-camera-sensor: [mm]read_EEPROM_header_version:447 EEPROM HEADER: year(0x49) month(0x42) iter(0x30 0x32)
01-13 20:05:51.611   358   358 E mm-camera-sensor: [mm]read_EEPROM_header_version:453 [FW_DBG] EEPROM HEADER: C 05 Q F I B 02 C M
01-13 20:05:51.611   358   358 E mm-camera-sensor: [mm]read_EEPROM_header_version:487 otp_dump_int : 0
01-13 20:05:51.611   358   358 E mm-camera-sensor: read_eeprom:207 eeprom header version : sensor maker : 0x46
01-13 20:05:51.611   358   358 E mm-camera-sensor: read_eeprom:283 [read_eeprom] SR544
01-13 20:05:51.611   358   358 E mm-camera-sensor: read_eeprom:297 firmware sensor name sr544
01-13 20:05:51.611   358   358 E mm-camera-sensor: read_eeprom:303 version_xml_name C05QF_sr544
01-13 20:05:51.612   358   358 E mm-camera-sensor: [mm]check_version:709 firmware version file system/etc/C05QF_sr544_module_info.xml
01-13 20:05:51.620   375   375 I /vendor/bin/hw/android.hardware.media.omx@1.0-service: mediacodecservice starting
01-13 20:05:51.621   365   365 I BufferProvider: found effect "Multichannel Downmix To Stereo" from The Android Open Source Project
01-13 20:05:51.622   365   365 I AudioFlinger: Using module 10 as the primary audio interface
01-13 20:05:51.622   365   365 W AudioFlinger: moveEffects() bad srcOutput 0
01-13 20:05:51.623   365   524 I AudioFlinger: AudioFlinger's thread 0xaaa03780 tid=524 ready to run
01-13 20:05:51.623   365   524 W AudioFlinger: no wake lock to update, system not ready yet
01-13 20:05:51.624   344   344 D audio_hw_primary: out_set_parameters: enter: usecase(0: deep-buffer-playback) kvpairs: routing=2
01-13 20:05:51.625   344   344 D audio_hw_primary: out_standby: enter: stream (0xac530800) usecase(0: deep-buffer-playback)
01-13 20:05:51.626   365   365 I AudioFlinger: openOutput() this 0xab132000, module 10 Device 2, SamplingRate 48000, Format 0x000001, Channels 3, flags 4
01-13 20:05:51.626   344   491 D audio_hw_primary: adev_open_output_stream: enter: sample_rate(48000) channel_mask(0x3) devices(0x2) flags(0x4)        stream_handle(0xac530980)
01-13 20:05:51.626   344   491 D audio_hw_primary: adev_open_output_stream: Stream (0xac530980) picks up usecase (low-latency-playback)
01-13 20:05:51.627   365   524 W AudioFlinger: no wake lock to update, system not ready yet
01-13 20:05:51.627   365   365 I AudioFlinger: HAL output buffer size 240 frames, normal sink buffer size 960 frames
01-13 20:05:51.629   365   526 I AudioFlinger: AudioFlinger's thread 0xaa683a00 tid=526 ready to run
01-13 20:05:51.629   365   526 W AudioFlinger: no wake lock to update, system not ready yet
01-13 20:05:51.629   344   491 D audio_hw_primary: out_set_parameters: enter: usecase(1: low-latency-playback) kvpairs: routing=2
01-13 20:05:51.629   344   491 D audio_hw_primary: out_standby: enter: stream (0xac530980) usecase(1: low-latency-playback)
01-13 20:05:51.631   344   491 D audio_hw_primary: adev_open_input_stream: enter: sample_rate(48000) channel_mask(0xc) devices(0x80000004)        stream_handle(0xabce0800) io_handle(14) source(1)
01-13 20:05:51.632   365   526 W AudioFlinger: no wake lock to update, system not ready yet
01-13 20:05:51.632   365   527 I AudioFlinger: AudioFlinger's thread 0xaa383b80 tid=527 ready to run
01-13 20:05:51.633   344   491 D audio_hw_primary: adev_close_input_stream: enter:stream_handle(0xabce0800)
01-13 20:05:51.633   344   491 D audio_hw_primary: in_standby: enter: stream (0xabce0800) usecase(16: audio-record)
01-13 20:05:51.654   365   365 I bt_a2dp_hw: adev_open:  adev_open in A2dp_hw module
01-13 20:05:51.654   365   365 I AudioFlinger: loadHwModule() Loaded a2dp audio interface, handle 18
