01-13 20:07:32.777   660   730 W PackageParser: Ignoring duplicate uses-permissions/uses-permissions-sdk-m: android.permission.INSTALL_GRANT_RUNTIME_PERMISSIONS in package: com.android.shell at: Binary XML file line #106
01-13 20:07:32.780   660   660 I PackageManager: /system/priv-app/MmsService changed; collecting certs
01-13 20:07:32.791   660   660 E PackageManager: Adding duplicate shared id: 1001 name=com.android.mms.service
01-13 20:07:32.795   660   660 I PackageManager: /system/priv-app/ManagedProvisioning changed; collecting certs
01-13 20:07:32.808   660   732 I PackageParser: Parse times for '/system/priv-app/Settings': parse=302ms, update_cache=55 ms
01-13 20:07:32.834   660   660 I PackageManager: /system/priv-app/MtpDocumentsProvider changed; collecting certs
01-13 20:07:32.849   660   660 E PackageManager: Adding duplicate user id: 10009 name=com.android.mtp
01-13 20:07:32.853   660   660 I PackageManager: /system/priv-app/OmniStyle changed; collecting certs
01-13 20:07:32.918   660   660 I PackageManager: /system/priv-app/OneTimeInitializer changed; collecting certs
01-13 20:07:32.925   660   660 I PackageManager: /system/priv-app/Provision changed; collecting certs
01-13 20:07:32.933   660   660 I PackageManager: /system/priv-app/PackageInstaller changed; collecting certs
01-13 20:07:32.944   660   733 W PackageParser: Ignoring duplicate uses-permissions/uses-permissions-sdk-m: android.permission.CONFIGURE_WIFI_DISPLAY in package: com.android.systemui at: Binary XML file line #125
01-13 20:07:32.945   660   733 W PackageParser: Ignoring duplicate uses-permissions/uses-permissions-sdk-m: android.permission.CAMERA in package: com.android.systemui at: Binary XML file line #127
01-13 20:07:32.945   660   733 W PackageParser: Ignoring duplicate uses-permissions/uses-permissions-sdk-m: android.permission.ACCESS_SURFACE_FLINGER in package: com.android.systemui at: Binary XML file line #213
01-13 20:07:33.003   660   733 I PackageParser: Parse times for '/system/priv-app/SystemUI': parse=136ms, update_cache=13 ms
01-13 20:07:33.028   660   731 I PackageParser: Parse times for '/system/priv-app/Telecom': parse=98ms, update_cache=4 ms
01-13 20:07:33.063   660   732 I PackageParser: Parse times for '/system/priv-app/TeleService': parse=135ms, update_cache=10 ms
01-13 20:07:33.074   660   660 I PackageManager: /system/priv-app/ProxyHandler changed; collecting certs
01-13 20:07:33.083   660   660 I PackageManager: /system/priv-app/ResurrectionOTA changed; collecting certs
01-13 20:07:33.099   660   660 I PackageManager: /system/priv-app/Recorder changed; collecting certs
01-13 20:07:33.138   660   660 I PackageManager: /system/priv-app/SettingsProvider changed; collecting certs
01-13 20:07:33.156   660   660 E PackageManager: Adding duplicate shared id: 1000 name=com.android.providers.settings
01-13 20:07:33.160   660   660 I PackageManager: /system/priv-app/SharedStorageBackup changed; collecting certs
01-13 20:07:33.166   660   660 I PackageManager: /system/priv-app/Shell changed; collecting certs
01-13 20:07:33.176   660   660 E PackageManager: Adding duplicate shared id: 2000 name=com.android.shell
01-13 20:07:33.180   660   660 I PackageManager: /system/priv-app/StatementService changed; collecting certs
01-13 20:07:33.190   660   660 I PackageManager: /system/priv-app/Settings changed; collecting certs
01-13 20:07:33.813   660   660 E PackageManager: Adding duplicate shared id: 1000 name=com.android.settings
01-13 20:07:33.839   660   660 I PackageManager: /system/priv-app/StorageManager changed; collecting certs
01-13 20:07:33.930   660   660 I PackageManager: /system/priv-app/SubstratumService changed; collecting certs
01-13 20:07:33.934   660   660 E PackageManager: Adding duplicate shared id: 1000 name=android.substratum.service
01-13 20:07:33.937   660   660 I PackageManager: /system/priv-app/SystemUI changed; collecting certs
01-13 20:07:34.197   660   660 I PackageManager: New shared user android.uid.systemui: id=10027
01-13 20:07:34.198   660   660 E PackageManager: Adding duplicate user id: 10027 name=com.android.systemui
01-13 20:07:34.204   660   660 I PackageManager: /system/priv-app/TelephonyProvider changed; collecting certs
01-13 20:07:34.228   660   660 E PackageManager: Adding duplicate shared id: 1001 name=com.android.providers.telephony
01-13 20:07:34.231   660   660 I PackageManager: /system/priv-app/Telecom changed; collecting certs
01-13 20:07:34.311   660   660 E PackageManager: Adding duplicate shared id: 1000 name=com.android.server.telecom
01-13 20:07:34.317   660   660 I PackageManager: /system/priv-app/TeleService changed; collecting certs
01-13 20:07:34.458   660   660 E PackageManager: Adding duplicate shared id: 1001 name=com.android.phone
01-13 20:07:34.466   660   660 I PackageManager: /system/priv-app/WallpaperCropper changed; collecting certs
01-13 20:07:34.476   660   660 I PackageManager: /system/priv-app/VpnDialogs changed; collecting certs
01-13 20:07:34.484   660   660 I PackageManager: /system/priv-app/Trebuchet changed; collecting certs
01-13 20:07:34.546   660   660 E PackageManager: Adding duplicate shared id: 1000 name=org.lineageos.trebuchet
01-13 20:07:34.551   660   660 I PackageManager: /system/priv-app/WeatherProvider changed; collecting certs
01-13 20:07:34.578   660   660 I PackageManager: /system/app/BasicDreams changed; collecting certs
01-13 20:07:34.589   660   660 I PackageManager: /system/app/BookmarkProvider changed; collecting certs
01-13 20:07:34.597   660   736 W PackageParser: Ignoring duplicate uses-permissions/uses-permissions-sdk-m: android.permission.READ_CONTACTS in package: com.android.bluetooth at: Binary XML file line #61
01-13 20:07:34.600   660   736 W PackageParser: No actions in intent filter at /system/app/Bluetooth/Bluetooth.apk Binary XML file line #225
01-13 20:07:34.601   660   660 I PackageManager: /system/app/BluetoothMidiService changed; collecting certs
01-13 20:07:34.609   660   660 I PackageManager: /system/app/BuiltInPrintService changed; collecting certs
01-13 20:07:34.623   660   660 I PackageManager: /system/app/CaptivePortalLogin changed; collecting certs
01-13 20:07:34.637   660   660 I PackageManager: /system/app/Bluetooth changed; collecting certs
01-13 20:07:34.710   660   660 E PackageManager: Adding duplicate shared id: 1002 name=com.android.bluetooth
01-13 20:07:34.726   660   660 I PackageManager: /system/app/CompanionDeviceManager changed; collecting certs
01-13 20:07:34.734   660   660 I PackageManager: /system/app/CtsShimPrebuilt changed; collecting certs
01-13 20:07:34.744   660   660 I PackageManager: /system/app/CertInstaller changed; collecting certs
01-13 20:07:34.752   660   737 I PackageParser: Parse times for '/system/app/Email': parse=120ms, update_cache=10 ms
01-13 20:07:34.758   660   660 I PackageManager: /system/app/DownloadProviderUi changed; collecting certs
01-13 20:07:34.768   660   660 E PackageManager: Adding duplicate user id: 10009 name=com.android.providers.downloads.ui
01-13 20:07:34.777   660   660 I PackageManager: /system/app/EasterEgg changed; collecting certs
01-13 20:07:34.813   660   660 I PackageManager: /system/app/Development changed; collecting certs
01-13 20:07:34.831   660   660 E PackageManager: Adding duplicate shared id: 1000 name=com.android.development
01-13 20:07:34.832   660   738 I PackageParser: Parse times for '/system/app/GoogleClock': parse=106ms, update_cache=6 ms
01-13 20:07:34.841   660   660 I PackageManager: /system/app/ExtShared changed; collecting certs
01-13 20:07:34.848   660   660 I PackageManager: /system/app/ExactCalculator changed; collecting certs
01-13 20:07:34.857   660   737 I PackageParser: Parse times for '/system/app/LatinIME': parse=100ms, update_cache=4 ms
01-13 20:07:34.873   660   660 I PackageManager: /system/app/FM2 changed; collecting certs
01-13 20:07:34.902   660   660 E PackageManager: Adding duplicate shared id: 1000 name=com.caf.fmradio
01-13 20:07:34.906   660   660 I PackageManager: /system/app/Email changed; collecting certs
01-13 20:07:35.040   660   660 I PackageManager: /system/app/HTMLViewer changed; collecting certs
01-13 20:07:35.048   660   660 I PackageManager: /system/app/LineageAmberAccent changed; collecting certs
01-13 20:07:35.055   660   660 I PackageManager: /system/app/KeyChain changed; collecting certs
01-13 20:07:35.062   660   660 E PackageManager: Adding duplicate shared id: 1000 name=com.android.keychain
01-13 20:07:35.065   660   660 I PackageManager: /system/app/LineageBlackAccent changed; collecting certs
01-13 20:07:35.072   660   660 I PackageManager: /system/app/GoogleClock changed; collecting certs
01-13 20:07:35.151   660   660 I PackageManager: /system/app/LineageBlackTheme changed; collecting certs
01-13 20:07:35.157   660   660 I PackageManager: /system/app/LineageBrownAccent changed; collecting certs
01-13 20:07:35.164   660   660 I PackageManager: /system/app/LineageCyanAccent changed; collecting certs
01-13 20:07:35.170   660   660 I PackageManager: /system/app/LatinIME changed; collecting certs
01-13 20:07:35.902   660   660 I PackageManager: /system/app/LineageOrangeAccent changed; collecting certs
01-13 20:07:35.910   660   660 I PackageManager: /system/app/LineageDarkTheme changed; collecting certs
01-13 20:07:35.916   660   660 I PackageManager: /system/app/LineageGreenAccent changed; collecting certs
01-13 20:07:35.922   660   660 I PackageManager: /system/app/LineagePinkAccent changed; collecting certs
01-13 20:07:35.931   660   660 I PackageManager: /system/app/LineagePurpleAccent changed; collecting certs
01-13 20:07:35.938   660   660 I PackageManager: /system/app/LineageRedAccent changed; collecting certs
01-13 20:07:35.946   660   660 I PackageManager: /system/app/LineageSettingsBlackTheme changed; collecting certs
01-13 20:07:35.954   660   660 I PackageManager: /system/app/LineageSettingsDarkTheme changed; collecting certs
01-13 20:07:35.963   660   660 I PackageManager: /system/app/LineageSysUIBlackTheme changed; collecting certs
01-13 20:07:35.970   660   660 I PackageManager: /system/app/LineageSysUIDarkTheme changed; collecting certs
01-13 20:07:35.978   660   660 I PackageManager: /system/app/LineageTealAccent changed; collecting certs
01-13 20:07:35.985   660   660 I PackageManager: /system/app/LineageWhiteAccent changed; collecting certs
01-13 20:07:35.992   660   660 I PackageManager: /system/app/LineageYellowAccent changed; collecting certs
01-13 20:07:35.998   660   660 I PackageManager: /system/app/LiveWallpapersPicker changed; collecting certs
01-13 20:07:36.043   660   660 I PackageManager: /system/app/PacProcessor changed; collecting certs
01-13 20:07:36.051   660   660 I PackageManager: /system/app/LockClock changed; collecting certs
01-13 20:07:36.082   660   660 I PackageManager: /system/app/OmniJaws changed; collecting certs
01-13 20:07:36.097   660   660 I PackageManager: /system/app/PhotoTable changed; collecting certs
01-13 20:07:36.112   660   660 I PackageManager: /system/app/PicoTts changed; collecting certs
01-13 20:07:36.120   660   660 I PackageManager: /system/app/PrintRecommendationService changed; collecting certs
01-13 20:07:36.128   660   660 I PackageManager: /system/app/Profiles changed; collecting certs
01-13 20:07:36.143   660   660 I PackageManager: /system/app/PrintSpooler changed; collecting certs
01-13 20:07:36.166   660   660 I PackageManager: /system/app/WAPPushManager changed; collecting certs
01-13 20:07:36.173   660   660 I PackageManager: /system/app/UserDictionaryProvider changed; collecting certs
01-13 20:07:36.178   660   660 E PackageManager: Adding duplicate user id: 10004 name=com.android.providers.userdictionary
01-13 20:07:36.182   660   660 I PackageManager: /system/app/Terminal changed; collecting certs
01-13 20:07:36.213   660   660 I PackageManager: /system/app/WallpaperBackup changed; collecting certs
01-13 20:07:36.218   660   660 E PackageManager: Adding duplicate shared id: 1000 name=com.android.wallpaperbackup
01-13 20:07:36.220   660   660 I PackageManager: /system/app/Wallpapers changed; collecting certs
01-13 20:07:36.262   660   660 I PackageManager: /system/app/webview changed; collecting certs
01-13 20:07:37.040   660   660 D PackageManager: No files in app dir /system/vendor/app
01-13 20:07:37.040   660   660 D PackageManager: No files in app dir /oem/app
01-13 20:07:37.045   660   660 I PackageManager: Finished scanning system apps. Time: 6114 ms, packageCount: 102 , timePerPackage: 59 , cached: 0
01-13 20:07:37.045   660   660 D PackageManager: No files in app dir /data/app
01-13 20:07:37.046   660   660 D PackageManager: No files in app dir /data/app-private
01-13 20:07:37.046   660   660 I PackageManager: Finished scanning non-system apps. Time: 1 ms, packageCount: 0 , timePerPackage: 0 , cached: 0
01-13 20:07:37.054   367   464 E installd: Invalid path /system/framework/org.lineageos.platform-res.apk: No such file or directory
01-13 20:07:37.056   367   464 E installd: Invalid path /system/framework/framework-res.apk: No such file or directory
01-13 20:07:37.058   660   660 I PackageManager: Time to scan packages: 6.127 seconds
01-13 20:07:37.218   660   660 W PackageManager: Unknown package com.android.carrierdefaultapp in sysconfig <app-link>
01-13 20:07:37.218   660   660 V PackageManager: reconcileAppsData for null u0 0x3 migrateAppData=true
01-13 20:07:37.219   660   660 W PackageManager: Destroying /data/user/0/media due to: com.android.server.pm.PackageManagerException: Package media is unknown
01-13 20:07:37.223   367   464 E cutils  : Expected path /data/data/com.android.providers.telephony with owner 1001:1001 but found 0:0
01-13 20:07:37.223   367   464 E installd: Failed to prepare /data/data/com.android.providers.telephony: No such file or directory
01-13 20:07:37.224   660   660 E PackageManager: Failed to create app data for com.android.providers.telephony, but trying to recover: com.android.server.pm.Installer$InstallerException: android.os.ServiceSpecificException: Failed to prepare /data/data/com.android.providers.telephony (code 2)
01-13 20:07:37.223   367   464 E installd: Failed to prepare /data/data/com.android.providers.telephony: No such file or directory
01-13 20:07:37.226   367   464 E         : Couldn't opendir /data/user_de/0/com.android.providers.telephony: No such file or directory
01-13 20:07:37.226   367   464 E installd: Failed to delete /data/user_de/0/com.android.providers.telephony: No such file or directory
01-13 20:07:37.227   660   660 W PackageManager: com.android.server.pm.Installer$InstallerException: android.os.ServiceSpecificException: Failed to delete /data/user_de/0/com.android.providers.telephony (code 2)
01-13 20:07:37.240   367   464 I SELinux : SELinux: Loaded file_contexts
01-13 20:07:37.265   660   660 D PackageManager: Recovery succeeded!
01-13 20:07:37.267   367   678 W installd: Requested default storage /data/user_de/0/com.android.providers.telephony is not active; migrating from /data/data/com.android.providers.telephony
01-13 20:07:37.303   367   678 W installd: Requested default storage /data/user_de/0/com.android.defcontainer is not active; migrating from /data/data/com.android.defcontainer
01-13 20:07:37.326   367   464 W installd: Requested default storage /data/user_de/0/android is not active; migrating from /data/data/android
01-13 20:07:37.345   367   678 W installd: Requested default storage /data/user_de/0/com.android.providers.settings is not active; migrating from /data/data/com.android.providers.settings
01-13 20:07:37.384   367   678 W installd: Requested default storage /data/user_de/0/com.android.inputdevices is not active; migrating from /data/data/com.android.inputdevices
01-13 20:07:37.406   367   678 W installd: Requested default storage /data/user_de/0/android.ext.shared is not active; migrating from /data/data/android.ext.shared
01-13 20:07:37.427   367   464 W installd: Requested default storage /data/user_de/0/com.android.server.telecom is not active; migrating from /data/data/com.android.server.telecom
01-13 20:07:37.448   367   464 W installd: Requested default storage /data/user_de/0/android.ext.services is not active; migrating from /data/data/android.ext.services
01-13 20:07:37.469   367   678 W installd: Requested default storage /data/user_de/0/com.android.packageinstaller is not active; migrating from /data/data/com.android.packageinstaller
01-13 20:07:37.490   367   464 W installd: Requested default storage /data/user_de/0/com.android.proxyhandler is not active; migrating from /data/data/com.android.proxyhandler
01-13 20:07:37.512   367   464 W installd: Requested default storage /data/user_de/0/com.android.inputmethod.latin is not active; migrating from /data/data/com.android.inputmethod.latin
01-13 20:07:37.533   367   678 W installd: Requested default storage /data/user_de/0/com.android.settings is not active; migrating from /data/data/com.android.settings
01-13 20:07:37.553   367   464 W installd: Requested default storage /data/user_de/0/org.lineageos.lineagesettings is not active; migrating from /data/data/org.lineageos.lineagesettings
01-13 20:07:37.591   367   678 W installd: Requested default storage /data/user_de/0/com.android.phone is not active; migrating from /data/data/com.android.phone
01-13 20:07:37.612   367   464 W installd: Requested default storage /data/user_de/0/com.android.shell is not active; migrating from /data/data/com.android.shell
01-13 20:07:37.631   367   464 W installd: Requested default storage /data/user_de/0/com.android.location.fused is not active; migrating from /data/data/com.android.location.fused
01-13 20:07:37.653   367   464 W installd: Requested default storage /data/user_de/0/com.android.systemui is not active; migrating from /data/data/com.android.systemui
01-13 20:07:37.663   660   660 V PackageManager: reconcileAppsData finished 20 packages
01-13 20:07:37.667   660   739 D SystemServerInitThreadPool: Started executing prepareAppData
01-13 20:07:37.669   367   678 W installd: Ignoring /data/data/com.android.defcontainer/lib with unexpected GID 0 instead of 10008
01-13 20:07:37.669   367   678 W installd: Ignoring /data/data/android/lib with unexpected GID 0 instead of 1000
01-13 20:07:37.669   367   678 W installd: Ignoring /data/data/com.android.providers.settings/lib with unexpected GID 0 instead of 1000
01-13 20:07:37.669   367   678 W installd: Ignoring /data/data/org.lineageos.trebuchet/lib with unexpected GID 0 instead of 1000
01-13 20:07:37.669   367   678 W installd: Ignoring /data/data/com.android.inputdevices/lib with unexpected GID 0 instead of 1000
01-13 20:07:37.670   367   678 W installd: Ignoring /data/data/com.android.server.telecom/lib with unexpected GID 0 instead of 1000
01-13 20:07:37.670   367   678 W installd: Ignoring /data/data/com.android.inputmethod.latin/lib with unexpected GID 0 instead of 10050
01-13 20:07:37.670   367   678 W installd: Ignoring /data/data/com.android.settings/lib with unexpected GID 0 instead of 1000
01-13 20:07:37.670   367   678 W installd: Ignoring /data/data/org.lineageos.lineagesettings/lib with unexpected GID 0 instead of 1000
01-13 20:07:37.670   367   678 W installd: Ignoring /data/data/lineageos.platform/lib with unexpected GID 0 instead of 1000
01-13 20:07:37.671   367   678 W installd: Ignoring /data/data/com.android.location.fused/lib with unexpected GID 0 instead of 1000
01-13 20:07:37.671   367   678 W installd: Ignoring /data/user_de/0/com.android.defcontainer/lib with unexpected GID 0 instead of 10008
01-13 20:07:37.671   367   678 W installd: Ignoring /data/user_de/0/android/lib with unexpected GID 0 instead of 1000
01-13 20:07:37.672   367   678 W installd: Ignoring /data/user_de/0/com.android.providers.settings/lib with unexpected GID 0 instead of 1000
01-13 20:07:37.672   367   678 W installd: Ignoring /data/user_de/0/com.android.inputdevices/lib with unexpected GID 0 instead of 1000
01-13 20:07:37.672   367   678 W installd: Ignoring /data/user_de/0/com.android.server.telecom/lib with unexpected GID 0 instead of 1000
01-13 20:07:37.672   367   678 W installd: Ignoring /data/user_de/0/com.android.inputmethod.latin/lib with unexpected GID 0 instead of 10050
01-13 20:07:37.672   367   678 W installd: Ignoring /data/user_de/0/com.android.settings/lib with unexpected GID 0 instead of 1000
01-13 20:07:37.672   367   678 W installd: Ignoring /data/user_de/0/org.lineageos.lineagesettings/lib with unexpected GID 0 instead of 1000
01-13 20:07:37.673   367   678 W installd: Ignoring /data/user_de/0/com.android.location.fused/lib with unexpected GID 0 instead of 1000
01-13 20:07:37.673   660   739 D SystemServerTimingAsync: AppDataFixup took to complete: 6ms
01-13 20:07:37.977   660   660 E PackageManager: There should probably be a verifier, but, none were found
01-13 20:07:37.984   660   660 D PackageManager: Ephemeral resolver not found with new action; try old one
01-13 20:07:37.984   660   660 D PackageManager: Ephemeral resolver NOT found; no matching intent filters
01-13 20:07:37.985   660   660 D PackageManager: Ephemeral installer not found with new action; try old one
01-13 20:07:37.985   660   660 D PackageManager: Clear ephemeral installer activity
01-13 20:07:38.108   660   660 I zygote  : Explicit concurrent copying GC freed 20052(832KB) AllocSpace objects, 5(228KB) LOS objects, 42% free, 2MB/5MB, paused 57us total 53.098ms
01-13 20:07:38.111   660   660 D FallbackCategoryProvider: Found 1 fallback categories
01-13 20:07:38.118   660   660 D SystemServerTiming: StartPackageManagerService took to complete: 7649ms
01-13 20:07:38.119   660   660 I SystemServer: StartOtaDexOptService
01-13 20:07:38.124   660   660 D OTADexopt: No upgrade, skipping A/B artifacts check.
01-13 20:07:38.124   660   660 D SystemServerTiming: StartOtaDexOptService took to complete: 5ms
01-13 20:07:38.124   660   660 I SystemServer: StartUserManagerService
01-13 20:07:38.124   660   660 I SystemServiceManager: Starting com.android.server.pm.UserManagerService$LifeCycle
01-13 20:07:38.127   660   660 D SystemServerTiming: StartUserManagerService took to complete: 3ms
01-13 20:07:38.127   660   660 I SystemServer: InitAttributerCache
01-13 20:07:38.128   660   660 D SystemServerTiming: InitAttributerCache took to complete: 1ms
01-13 20:07:38.128   660   660 I SystemServer: SetSystemProcess
01-13 20:07:38.147   353   353 I lowmemorykiller: ActivityManager connected
01-13 20:07:38.149   660   660 D SystemServerTiming: SetSystemProcess took to complete: 20ms
01-13 20:07:38.154   660   741 I ServiceThread: Enabled StrictMode logging for android.anim looper.
01-13 20:07:38.154   660   660 I SystemServer: StartOverlayManagerService
01-13 20:07:38.171   660   660 I SystemServer: StartSubstratumService
01-13 20:07:38.172   660   742 D SystemServerInitThreadPool: Started executing Init OverlayManagerService
01-13 20:07:38.186   660   660 D SystemServerTiming: StartSubstratumService took to complete: 15ms
01-13 20:07:38.187   660   660 I SystemServer: StartDropBoxManager
01-13 20:07:38.187   660   660 I SystemServiceManager: Starting com.android.server.DropBoxManagerService
01-13 20:07:38.187   660   743 D SystemServerInitThreadPool: Started executing StartSensorService
01-13 20:07:38.188   660   743 D SensorService: nuSensorService starting...
01-13 20:07:38.189   235   235 W /system/bin/hwservicemanager: getTransport: Cannot find entry android.hardware.sensors@1.0::ISensors/default in either framework or device manifest.
01-13 20:07:38.191   660   743 D vndksupport: Loading /vendor/lib/hw/android.hardware.sensors@1.0-impl.so from current namespace instead of sphal namespace.
01-13 20:07:38.207   660   743 D Sensors : sensor class chip path: /sys/class/sensors/accelerometer_sensor/name 
01-13 20:07:38.207   660   660 D SystemServerTiming: StartDropBoxManager took to complete: 20ms
01-13 20:07:38.207   660   660 I SystemServer: StartBatteryService
01-13 20:07:38.207   660   660 I SystemServiceManager: Starting com.android.server.BatteryService
01-13 20:07:38.207   660   743 D Sensors : sensor class chip name: K2HH 
01-13 20:07:38.208   660   743 D Sensors : sensor class chip path: /sys/class/sensors/light_sensor/name 
01-13 20:07:38.208   660   743 D Sensors : sensor class chip name: CM3323 
01-13 20:07:38.208   660   743 D Sensors : sensor class chip path: /sys/class/sensors/grip_sensor_wifi/name 
01-13 20:07:38.208   660   743 D Sensors : sensor class chip name: SX9500_WIFI 
01-13 20:07:38.208   660   743 D Sensors : sensor class chip path: /sys/class/sensors/meta_event/name 
01-13 20:07:38.208   660   743 D Sensors : sensors_poll_context_t: sensor list: 3
01-13 20:07:38.210   660   743 D Sensors : Get sensor list: 3
01-13 20:07:38.210   660   743 I Sensors : AccelerometerSensor enable: mEnabled 0, handle 0, en 0
01-13 20:07:38.210   660   743 I Sensors : LightSensor enable: mEnabled 0, handle 4, en 0
01-13 20:07:38.211   660   743 I Sensors : GripSensor_wifi enable(): mEnabled 0, handle 7, en 0
01-13 20:07:38.211   660   743 I SensorService: Generated new HMAC key.
01-13 20:07:38.211   660   743 E         : Reporting Mode incorrect: sensor CM3323 Light Sensor handle=0x00000004 type=5 actual=0 expected=1
01-13 20:07:38.213   660   743 D SystemServerTimingAsync: StartSensorService took to complete: 25ms
01-13 20:07:38.213   660   743 D SystemServerInitThreadPool: Finished executing StartSensorService
01-13 20:07:38.213   660   746 D SensorService: new thread SensorEventAckReceiver
01-13 20:07:38.214   660   747 D SensorService: nuSensorService thread starting...
01-13 20:07:38.227   660   704 W BatteryService: updateLightsLocked: mLineageBatteryLights is not yet ready; skipping
01-13 20:07:38.228   660   660 D SystemServerTiming: StartBatteryService took to complete: 21ms
01-13 20:07:38.228   660   660 I SystemServer: StartUsageService
01-13 20:07:38.228   660   660 I SystemServiceManager: Starting com.android.server.usage.UsageStatsService
01-13 20:07:38.256   660   660 D SystemServerTiming: StartUsageService took to complete: 28ms
01-13 20:07:38.256   660   660 I SystemServer: StartWebViewUpdateService
01-13 20:07:38.256   660   660 I SystemServiceManager: Starting com.android.server.webkit.WebViewUpdateService
01-13 20:07:38.270   660   660 D SystemServerTiming: StartWebViewUpdateService took to complete: 14ms
01-13 20:07:38.271   660   660 I SystemServer: StartKeyAttestationApplicationIdProviderService
01-13 20:07:38.271   660   705 D SystemServerInitThreadPool: Started executing SecondaryZygotePreload
01-13 20:07:38.271   660   705 I SystemServer: SecondaryZygotePreload
01-13 20:07:38.273   660   660 D SystemServerTiming: StartKeyAttestationApplicationIdProviderService took to complete: 2ms
01-13 20:07:38.273   660   660 I SystemServer: StartKeyChainSystemService
01-13 20:07:38.273   660   660 I SystemServiceManager: Starting com.android.server.security.KeyChainSystemService
01-13 20:07:38.275   660   660 D SystemServerTiming: StartKeyChainSystemService took to complete: 2ms
01-13 20:07:38.275   660   660 I SystemServer: StartSchedulingPolicyService
01-13 20:07:38.276   660   660 D SystemServerTiming: StartSchedulingPolicyService took to complete: 1ms
01-13 20:07:38.276   660   660 I SystemServer: StartTelecomLoaderService
01-13 20:07:38.277   660   660 I SystemServiceManager: Starting com.android.server.telecom.TelecomLoaderService
01-13 20:07:38.280   660   660 D SystemServerTiming: StartTelecomLoaderService took to complete: 3ms
01-13 20:07:38.280   660   660 I SystemServer: StartTelephonyRegistry
01-13 20:07:38.282   660   705 I Zygote  : Process: zygote socket zygote opened, supported ABIS: armeabi-v7a,armeabi
01-13 20:07:38.293   660   705 E SystemServer: Unable to preload default resources
01-13 20:07:38.293   660   705 D SystemServerTimingAsync: SecondaryZygotePreload took to complete: 22ms
01-13 20:07:38.293   660   705 D SystemServerInitThreadPool: Finished executing SecondaryZygotePreload
01-13 20:07:38.299   660   660 D SystemServerTiming: StartTelephonyRegistry took to complete: 19ms
01-13 20:07:38.299   660   660 I SystemServer: StartEntropyMixer
01-13 20:07:38.302   660   660 W EntropyMixer: No existing entropy file -- first boot?
01-13 20:07:38.303   744   744 W ResourceType: CREATING STRING CACHE OF 40500 bytes
01-13 20:07:38.306   660   660 I EntropyMixer: Added HW RNG output to entropy pool
01-13 20:07:38.306   660   660 I EntropyMixer: Writing entropy...
01-13 20:07:38.313   660   660 D SystemServerTiming: StartEntropyMixer took to complete: 14ms
01-13 20:07:38.313   660   660 I SystemServer: StartAccountManagerService
01-13 20:07:38.315   660   660 I SystemServiceManager: Starting com.android.server.accounts.AccountManagerService$Lifecycle
01-13 20:07:38.371   660   660 W SystemServiceManager: Service com.android.server.accounts.AccountManagerService$Lifecycle took 56 ms in onStart
01-13 20:07:38.371   660   660 D SystemServerTiming: StartAccountManagerService took to complete: 58ms
01-13 20:07:38.371   660   660 I SystemServer: StartContentService
01-13 20:07:38.373   660   660 I SystemServiceManager: Starting com.android.server.content.ContentService$Lifecycle
01-13 20:07:38.386   660   660 D SystemServerTiming: StartContentService took to complete: 14ms
01-13 20:07:38.386   660   660 I SystemServer: InstallSystemProviders
01-13 20:07:38.467   660   660 D ActivityThread: Loading provider settings: com.android.providers.settings.SettingsProvider
01-13 20:07:38.568   749   749 W ResourceType: CREATING STRING CACHE OF 40500 bytes
01-13 20:07:38.601   660   660 I SettingsState: No settings state /data/system/users/0/settings_system.xml
01-13 20:07:38.612   660   660 I SettingsState: No settings state /data/system/users/0/settings_secure.xml
01-13 20:07:38.617   660   660 D SettingsProvider: Generated and saved new ANDROID_ID [ca47b3e89f100ce5] for user 0
01-13 20:07:38.623   660   660 I SettingsState: No settings state /data/system/users/0/settings_global.xml
01-13 20:07:38.642   660   660 D SettingsProvider: Setting [] as Autofill Service for user 0
01-13 20:07:38.741   660   660 I SettingsState: No settings state /data/system/users/0/settings_ssaid.xml
01-13 20:07:38.830   752   752 W ResourceType: CREATING STRING CACHE OF 40500 bytes
01-13 20:07:38.869   234   234 E ServiceManager: add_service('settings',34) uid=1000 - ALREADY REGISTERED, OVERRIDE
01-13 20:07:38.869   234   234 I ServiceManager: service 'settings' died
01-13 20:07:38.826   660   660 I SettingsState: No settings state /data/system/users/0/settings_ssaid.xml
01-13 20:07:38.880   660   660 D SystemServerTiming: InstallSystemProviders took to complete: 494ms
01-13 20:07:38.880   660   660 I SystemServer: StartVibratorService
01-13 20:07:38.888   235   235 W /system/bin/hwservicemanager: getTransport: Cannot find entry android.hardware.vibrator@1.0::IVibrator/default in either framework or device manifest.
01-13 20:07:38.889   660   660 D vndksupport: Loading /vendor/lib/hw/android.hardware.vibrator@1.0-impl.so from current namespace instead of sphal namespace.
01-13 20:07:38.893   660   660 D vndksupport: Loading /vendor/lib/hw/vibrator.default.so from current namespace instead of sphal namespace.
01-13 20:07:38.895   660   660 E         : Vibrator device does not exist. Cannot start vibrator
01-13 20:07:38.895   660   660 E VibratorService: vibrator_open failed: -19
01-13 20:07:38.895   660   660 E VibratorService: Passthrough failed to open legacy HAL.
01-13 20:07:38.897   235   235 W /system/bin/hwservicemanager: getTransport: Cannot find entry android.hardware.vibrator@1.0::IVibrator/default in either framework or device manifest.
01-13 20:07:38.898   660   660 D vndksupport: Loading /vendor/lib/hw/android.hardware.vibrator@1.0-impl.so from current namespace instead of sphal namespace.
01-13 20:07:38.902   660   660 D vndksupport: Loading /vendor/lib/hw/vibrator.default.so from current namespace instead of sphal namespace.
01-13 20:07:38.902   660   660 E         : Vibrator device does not exist. Cannot start vibrator
01-13 20:07:38.902   660   660 E VibratorService: vibrator_open failed: -19
01-13 20:07:38.902   660   660 E VibratorService: Passthrough failed to open legacy HAL.
01-13 20:07:38.903   660   660 E VibratorService: vibratorOff command failed (1).
01-13 20:07:38.904   235   235 W /system/bin/hwservicemanager: getTransport: Cannot find entry android.hardware.vibrator@1.0::IVibrator/default in either framework or device manifest.
01-13 20:07:38.905   660   660 D vndksupport: Loading /vendor/lib/hw/android.hardware.vibrator@1.0-impl.so from current namespace instead of sphal namespace.
01-13 20:07:38.909   660   660 D vndksupport: Loading /vendor/lib/hw/vibrator.default.so from current namespace instead of sphal namespace.
01-13 20:07:38.910   660   660 E         : Vibrator device does not exist. Cannot start vibrator
01-13 20:07:38.910   660   660 E VibratorService: vibrator_open failed: -19
01-13 20:07:38.910   660   660 E VibratorService: Passthrough failed to open legacy HAL.
01-13 20:07:38.913   660   660 D SystemServerTiming: StartVibratorService took to complete: 33ms
01-13 20:07:38.914   660   660 I SystemServer: StartConsumerIrService
01-13 20:07:38.917   660   660 D SystemServerTiming: StartConsumerIrService took to complete: 3ms
01-13 20:07:38.917   660   660 I SystemServer: StartAlarmManagerService
01-13 20:07:38.917   660   660 I SystemServiceManager: Starting com.android.server.AlarmManagerService
01-13 20:07:38.944   660   660 D AlarmManagerService: Kernel timezone updated to 0 minutes west of GMT
01-13 20:07:38.944   660   660 I AlarmManager: Current time only 1109258944, advancing to build time 1420250621000
01-13 20:07:38.944   660   660 D AlarmManagerService: Setting time of day to sec=1420250621
01-03 02:03:41.000   660   660 W AlarmManagerService: Unable to set rtc to 1420250621: Invalid argument
01-03 02:03:41.017   660   660 D SystemServerTiming: StartAlarmManagerService took to complete: 44ms
01-03 02:03:41.017   660   660 I SystemServer: InitWatchdog
01-03 02:03:41.018   660   660 D SystemServerTiming: InitWatchdog took to complete: 1ms
01-03 02:03:41.018   660   660 I SystemServer: StartInputManagerService
01-03 02:03:41.021   660   660 I InputManager: Initializing input manager, mUseDevInputEventForAudioJack=false
01-03 02:03:41.023   660   660 D SystemServerTiming: StartInputManagerService took to complete: 4ms
01-03 02:03:41.023   660   660 I SystemServer: StartWindowManagerService
01-03 02:03:41.170   756   756 W ResourceType: CREATING STRING CACHE OF 40500 bytes
01-03 02:03:41.209   660   715 I WindowManager: No existing display settings /data/system/display_settings.xml; starting empty
01-03 02:03:41.327   660   708 I CameraManagerGlobal: Connecting to camera service
01-03 02:03:41.446   757   757 W ResourceType: CREATING STRING CACHE OF 40500 bytes
01-03 02:03:41.541   660   708 W Looper  : Dispatch took 225ms on android.ui, h=Handler (android.os.Handler) {b41919d} cb=android.os.Handler$BlockingRunnable@1b70612 msg=0
01-03 02:03:41.546   660   660 D SystemServerTiming: StartWindowManagerService took to complete: 522ms
01-03 02:03:41.546   660   660 I SystemServer: StartVrManagerService
01-03 02:03:41.547   660   660 I SystemServiceManager: Starting com.android.server.vr.VrManagerService
01-03 02:03:41.550   660   743 D SystemServerInitThreadPool: Started executing StartHidlServices
01-03 02:03:41.564   660   743 D SystemServerTimingAsync: StartHidlServices took to complete: 14ms
01-03 02:03:41.564   660   743 D SystemServerInitThreadPool: Finished executing StartHidlServices
01-03 02:03:41.566   235   235 W /system/bin/hwservicemanager: getTransport: Cannot find entry android.hardware.vr@1.0::IVr/default in either framework or device manifest.
01-03 02:03:41.567   660   660 W VrManagerService: init_native: Could not open IVr interface
01-03 02:03:41.569   660   660 D SystemServerTiming: StartVrManagerService took to complete: 22ms
01-03 02:03:41.569   660   660 I SystemServer: SetWindowManagerService
01-03 02:03:41.628   660   660 D SystemServerTiming: SetWindowManagerService took to complete: 59ms
01-03 02:03:41.628   660   660 I SystemServer: StartInputManager
01-03 02:03:41.629   660   660 I InputManager: Starting input manager
01-03 02:03:41.631   660   771 D EventHub: No input device configuration file found for device 'meta_event'.
01-03 02:03:41.649   660   660 D SystemServerTiming: StartInputManager took to complete: 21ms
01-03 02:03:41.649   660   660 I SystemServer: DisplayManagerWindowManagerAndInputReady
01-03 02:03:41.649   660   660 D SystemServerTiming: DisplayManagerWindowManagerAndInputReady took to complete: 0ms
01-03 02:03:41.649   660   660 I SystemServer: StartBluetoothService
01-03 02:03:41.649   660   660 I SystemServiceManager: Starting com.android.server.BluetoothService
01-03 02:03:41.649   660   771 D EventHub: No input device configuration file found for device 'grip_sensor_wifi'.
01-03 02:03:41.672   660   660 D BluetoothManagerService: Loading stored name and address
01-03 02:03:41.673   660   660 D BluetoothManagerService: Stored bluetooth Name=null,Address=null
01-03 02:03:41.673   660   660 D BluetoothManagerService: Bluetooth persisted state: 1
01-03 02:03:41.673   660   660 D BluetoothManagerService: Startup: Bluetooth persisted state is ON.
01-03 02:03:41.674   660   660 D SystemServerTiming: StartBluetoothService took to complete: 25ms
01-03 02:03:41.674   660   660 I SystemServer: IpConnectivityMetrics
01-03 02:03:41.674   660   660 I SystemServiceManager: Starting com.android.server.connectivity.IpConnectivityMetrics
01-03 02:03:41.679   660   660 D SystemServerTiming: IpConnectivityMetrics took to complete: 4ms
01-03 02:03:41.679   660   660 I SystemServer: PinnerService
01-03 02:03:41.679   660   660 I SystemServiceManager: Starting com.android.server.PinnerService
01-03 02:03:41.679   660   771 D EventHub: No input device configuration file found for device 'accelerometer_sensor'.
01-03 02:03:41.684   660   660 D SystemServerTiming: PinnerService took to complete: 5ms
01-03 02:03:41.684   660   660 I SystemServer: StartInputMethodManagerLifecycle
01-03 02:03:41.684   660   660 I SystemServiceManager: Starting com.android.server.InputMethodManagerService$Lifecycle
01-03 02:03:41.699   660   771 E EventHub: could not get driver version for /dev/input/mouse1, Not a typewriter
01-03 02:03:41.722   768   768 W ResourceType: CREATING STRING CACHE OF 40500 bytes
01-03 02:03:41.738   660   660 D SystemServerTiming: StartInputMethodManagerLifecycle took to complete: 54ms
01-03 02:03:41.738   660   660 I SystemServer: StartAccessibilityManagerService
01-03 02:03:41.739   660   771 D EventHub: No input device configuration file found for device 'light_sensor'.
01-03 02:03:41.759   660   771 D EventHub: No input device configuration file found for device 'qpnp_pon'.
01-03 02:03:41.770   660   771 W EventHub: Unable to disable kernel key repeat for /dev/input/event3: Function not implemented
01-03 02:03:41.770   660   771 I EventHub: wakeMechanism=EPOLLWAKEUP, usingClockIoctl=true
01-03 02:03:41.771   660   771 I EventHub: New device: id=5, fd=106, path='/dev/input/event3', name='qpnp_pon', classes=0x1, configuration='', keyLayout='/system/usr/keylayout/Generic.kl', keyCharacterMap='/system/usr/keychars/Generic.kcm', builtinKeyboard=false, 
01-03 02:03:41.771   660   771 D EventHub: No input device configuration file found for device 'hbtp_vm'.
01-03 02:03:41.771   660   771 I EventHub: wakeMechanism=EPOLLWAKEUP, usingClockIoctl=true
01-03 02:03:41.771   660   771 I EventHub: New device: id=6, fd=107, path='/dev/input/event2', name='hbtp_vm', classes=0x8, configuration='', keyLayout='', keyCharacterMap='', builtinKeyboard=false, 
01-03 02:03:41.771   660   771 E EventHub: could not get driver version for /dev/input/mice, Not a typewriter
01-03 02:03:41.775   660   660 D SystemServerTiming: StartAccessibilityManagerService took to complete: 37ms
01-03 02:03:41.775   660   660 I SystemServer: MakeDisplayReady
01-03 02:03:41.780   660   660 I ActivityManager: Config changes=5df8 {1.0 ?mcc?mnc [en_US] ldltr sw614dp w614dp h819dp 200dpi lrg port ?uimode ?night -touch -keyb/h/h -nav/h appBounds=Rect(0, 0 - 768, 1024) s.2}
01-03 02:03:41.781   660   706 I UsageStatsService: Time changed in UsageStats by 1419141362 seconds
01-03 02:03:41.788   660   660 I ActivityManager: Override config changes=40207dfc {1.0 ?mcc?mnc [en_US] ldltr sw614dp w614dp h819dp 200dpi lrg port ?uimode ?night -touch -keyb/h/h -nav/h appBounds=Rect(0, 0 - 768, 1024) s.2} for displayId=0
01-03 02:03:41.798   660   706 I UsageStatsDatabase: Upgrading from version 0 to 3
01-03 02:03:41.798   660   706 I UsageStatsDatabase: Deleting all usage stats files
01-03 02:03:41.801   660   706 I UsageStatsService: User[0] Rollover scheduled @ 2015-01-04 02:03:41(1420337021780)
01-03 02:03:41.801   660   706 D UsageStatsService: Initializing defaults for system apps on user 0
01-03 02:03:41.818   660   660 I ActivityManager: Config changes=400 {1.0 ?mcc?mnc [en_US] ldltr sw614dp w614dp h795dp 200dpi lrg port ?uimode ?night -touch -keyb/h/h -nav/h appBounds=Rect(0, 0 - 768, 1024) s.3}
01-03 02:03:41.827   660   660 I ActivityManager: Override config changes=400 {1.0 ?mcc?mnc [en_US] ldltr sw614dp w614dp h795dp 200dpi lrg port ?uimode ?night -touch -keyb/h/h -nav/h appBounds=Rect(0, 0 - 768, 1024) s.3} for displayId=0
01-03 02:03:41.829   660   771 E EventHub: could not get driver version for /dev/input/mouse0, Not a typewriter
01-03 02:03:41.841   660   660 D SystemServerTiming: MakeDisplayReady took to complete: 66ms
01-03 02:03:41.841   660   660 I SystemServer: StartStorageManagerService
01-03 02:03:41.843   660   660 I SystemServiceManager: Starting com.android.server.StorageManagerService$Lifecycle
01-03 02:03:41.858   660   706 E AppIdleHistory: Unable to read app idle file for user 0
01-03 02:03:41.869   660   771 D EventHub: No input device configuration file found for device 'sec_touchscreen'.
01-03 02:03:41.875   660   771 W EventHub: Unable to disable kernel key repeat for /dev/input/event1: Function not implemented
01-03 02:03:41.875   660   771 I EventHub: wakeMechanism=EPOLLWAKEUP, usingClockIoctl=true
01-03 02:03:41.875   660   771 I EventHub: New device: id=7, fd=108, path='/dev/input/event1', name='sec_touchscreen', classes=0x15, configuration='', keyLayout='/system/usr/keylayout/sec_touchscreen.kl', keyCharacterMap='/system/usr/keychars/Generic.kcm', builtinKeyboard=false, 
01-03 02:03:41.876   660   771 D EventHub: No input device configuration file found for device 'gpio-keys'.
01-03 02:03:41.882   660   771 W EventHub: Unable to disable kernel key repeat for /dev/input/event7: Function not implemented
01-03 02:03:41.882   660   771 I EventHub: wakeMechanism=EPOLLWAKEUP, usingClockIoctl=true
01-03 02:03:41.882   660   771 I EventHub: New device: id=8, fd=109, path='/dev/input/event7', name='gpio-keys', classes=0x1, configuration='', keyLayout='/system/usr/keylayout/gpio-keys.kl', keyCharacterMap='/system/usr/keychars/Generic.kcm', builtinKeyboard=false, 
01-03 02:03:41.883   660   771 D EventHub: No input device configuration file found for device 'hall'.
01-03 02:03:41.883   660   771 I EventHub: wakeMechanism=EPOLLWAKEUP, usingClockIoctl=true
01-03 02:03:41.883   660   771 I EventHub: New device: id=9, fd=113, path='/dev/input/event8', name='hall', classes=0x80, configuration='', keyLayout='', keyCharacterMap='', builtinKeyboard=false, 
01-03 02:03:41.895   660   771 I InputReader: Device added: id=-1, name='Virtual', sources=0x00000301
01-03 02:03:41.895   660   771 I InputReader: Device added: id=9, name='hall', sources=0x80000000
01-03 02:03:41.895   660   771 I InputReader: Device added: id=8, name='gpio-keys', sources=0x00000101
01-03 02:03:41.896   660   771 I InputReader:   Touch device 'sec_touchscreen' could not query the properties of its associated display.  The device will be inoperable until the display size becomes available.
01-03 02:03:41.896   660   771 I InputReader: Device added: id=7, name='sec_touchscreen', sources=0x00001103
01-03 02:03:41.898   660   660 W SystemServiceManager: Service com.android.server.StorageManagerService$Lifecycle took 54 ms in onStart
01-03 02:03:41.898   660   660 D SystemServerTiming: StartStorageManagerService took to complete: 57ms
01-03 02:03:41.898   660   772 D StorageManagerService: Thinking about init, mSystemReady=false, mDaemonConnected=true
01-03 02:03:41.898   660   660 I SystemServer: StartStorageStatsService
01-03 02:03:41.898   660   772 D StorageManagerService: Thinking about reset, mSystemReady=false, mDaemonConnected=true
01-03 02:03:41.900   660   660 I SystemServiceManager: Starting com.android.server.usage.StorageStatsService$Lifecycle
01-03 02:03:41.904   660   772 D StorageManagerService: Thinking about init, mSystemReady=false, mDaemonConnected=true
01-03 02:03:41.904   660   772 D StorageManagerService: Thinking about reset, mSystemReady=false, mDaemonConnected=true
01-03 02:03:41.905   660   772 D CryptdConnector: SND -> {1 cryptfs getfield SystemLocale}
01-03 02:03:41.906   660   771 I InputReader: Device added: id=6, name='hbtp_vm', sources=0x00002002
01-03 02:03:41.906   660   771 I InputReader: Device added: id=5, name='qpnp_pon', sources=0x00000101
01-03 02:03:41.907   660   771 I InputReader: Reconfiguring input devices.  changes=0x00000004
01-03 02:03:41.907   660   771 I InputReader: Device reconfigured: id=7, name='sec_touchscreen', size 768x1024, orientation 0, mode 1, display id 0
01-03 02:03:41.909   660   770 I ActivityManager: Config changes=8 {1.0 ?mcc?mnc [en_US] ldltr sw614dp w614dp h795dp 200dpi lrg port ?uimode ?night finger -keyb/h/h -nav/h appBounds=Rect(0, 0 - 768, 1024) s.4}
01-03 02:03:41.917   660   660 D SystemServerTiming: StartStorageStatsService took to complete: 19ms
01-03 02:03:41.918   660   660 I SystemServer: StartUiModeManager
01-03 02:03:41.918   660   660 I SystemServiceManager: Starting com.android.server.UiModeManagerService
01-03 02:03:41.920   660   774 D CryptdConnector: RCV <- {200 1 -1}
01-03 02:03:41.921   660   772 W StorageManagerService: No primary storage mounted!
01-03 02:03:41.921   660   772 D VoldConnector: SND -> {1 asec list}
01-03 02:03:41.925   660   770 I ActivityManager: Override config changes=8 {1.0 ?mcc?mnc [en_US] ldltr sw614dp w614dp h795dp 200dpi lrg port ?uimode ?night finger -keyb/h/h -nav/h appBounds=Rect(0, 0 - 768, 1024) s.4} for displayId=0
01-03 02:03:41.925   660   773 D VoldConnector: RCV <- {200 1 asec operation succeeded}
01-03 02:03:41.928   660   772 I PackageManager: No secure containers found
01-03 02:03:42.004   775   775 W ResourceType: CREATING STRING CACHE OF 27236 bytes
01-03 02:03:42.223   776   776 W ResourceType: CREATING STRING CACHE OF 27236 bytes
01-03 02:03:42.275   660   714 W zygote  : Long monitor contention with owner StorageManagerService (772) at void com.android.server.pm.PackageManagerService.loadMediaPackages(android.util.ArrayMap, int[], boolean)(PackageManagerService.java:23779) waiters=0 in java.lang.String com.android.server.pm.PackageManagerService.getInstantAppPackageName(int) for 337ms
01-03 02:03:42.276   660   772 W StorageManagerService: No primary storage defined yet; hacking together a stub
01-03 02:03:42.278   660   772 W StorageManagerService: No primary storage mounted!
01-03 02:03:42.278   660   772 D VoldConnector: SND -> {2 asec list}
01-03 02:03:42.280   660   773 D VoldConnector: RCV <- {200 2 asec operation succeeded}
01-03 02:03:42.277   660   772 W StorageManagerService: No primary storage defined yet; hacking together a stub
01-03 02:03:42.286   660   660 W zygote  : Long monitor contention with owner InputDispatcher (770) at boolean com.android.server.am.ActivityManagerService.updateDisplayOverrideConfiguration(android.content.res.Configuration, int)(ActivityManagerService.java:20693) waiters=1 in android.content.Intent com.android.server.am.ActivityManagerService.registerReceiver(android.app.IApplicationThread, java.lang.String, android.content.IIntentReceiver, android.content.IntentFilter, java.lang.String, int, int) for 358ms
01-03 02:03:42.288   660   705 D SystemServerInitThreadPool: Started executing UiModeManager.onStart
01-03 02:03:42.288   660   660 W SystemServiceManager: Service com.android.server.UiModeManagerService took 362 ms in onStart
01-03 02:03:42.289   660   660 D SystemServerTiming: StartUiModeManager took to complete: 370ms
01-03 02:03:42.289   660   705 I ActivityManager: Config changes=200 {1.0 ?mcc?mnc [en_US] ldltr sw614dp w614dp h795dp 200dpi lrg port finger -keyb/h/h -nav/h appBounds=Rect(0, 0 - 768, 1024) s.5}
01-03 02:03:42.289   660   660 I SystemServer: UpdatePackagesIfNeeded
01-03 02:03:42.307   660   705 I ActivityManager: Override config changes=200 {1.0 ?mcc?mnc [en_US] ldltr sw614dp w614dp h795dp 200dpi lrg port finger -keyb/h/h -nav/h appBounds=Rect(0, 0 - 768, 1024) s.5} for displayId=0
01-03 02:03:42.317   660   705 D SystemServerInitThreadPool: Finished executing UiModeManager.onStart
01-03 02:03:42.428   777   777 W ResourceType: CREATING STRING CACHE OF 27236 bytes
01-03 02:03:42.650   778   778 W ResourceType: CREATING STRING CACHE OF 40500 bytes
01-03 02:03:42.898   779   779 W ResourceType: CREATING STRING CACHE OF 40500 bytes
01-03 02:03:43.051   660   660 W zygote  : Long monitor contention with owner system-server-init-thread2 (739) at void com.android.server.pm.PackageManagerService.lambda$-com_android_server_pm_PackageManagerService_141938(java.util.List, int)(PackageManagerService.java:3017) waiters=0 in int com.android.server.pm.PackageManagerService.performDexOptInternal(com.android.server.pm.dex.DexoptOptions) for 713ms
01-03 02:03:43.148   780   780 W ResourceType: CREATING STRING CACHE OF 40500 bytes
