01-03 02:03:43.401   781   781 W ResourceType: CREATING STRING CACHE OF 40500 bytes
01-03 02:03:43.642   783   783 W ResourceType: CREATING STRING CACHE OF 40500 bytes
01-03 02:03:43.790   660   660 W zygote  : Long monitor contention with owner system-server-init-thread2 (739) at void com.android.server.pm.PackageManagerService.lambda$-com_android_server_pm_PackageManagerService_141938(java.util.List, int)(PackageManagerService.java:3017) waiters=0 in int com.android.server.pm.PackageManagerService.performDexOptInternal(com.android.server.pm.dex.DexoptOptions) for 739ms
01-03 02:03:43.894   784   784 W ResourceType: CREATING STRING CACHE OF 40500 bytes
01-03 02:03:44.168   785   785 W ResourceType: CREATING STRING CACHE OF 40500 bytes
01-03 02:03:44.419   786   786 W ResourceType: CREATING STRING CACHE OF 45088 bytes
01-03 02:03:44.585   660   660 W zygote  : Long monitor contention with owner system-server-init-thread2 (739) at void com.android.server.pm.PackageManagerService.lambda$-com_android_server_pm_PackageManagerService_141938(java.util.List, int)(PackageManagerService.java:3017) waiters=0 in int com.android.server.pm.PackageManagerService.performDexOptInternal(com.android.server.pm.dex.DexoptOptions) for 793ms
01-03 02:03:44.683   787   787 W ResourceType: CREATING STRING CACHE OF 40500 bytes
01-03 02:03:44.951   788   788 W ResourceType: CREATING STRING CACHE OF 45088 bytes
01-03 02:03:45.125   660   660 W zygote  : Long monitor contention with owner system-server-init-thread2 (739) at void com.android.server.pm.PackageManagerService.lambda$-com_android_server_pm_PackageManagerService_141938(java.util.List, int)(PackageManagerService.java:3017) waiters=0 in int com.android.server.pm.PackageManagerService.performDexOptInternal(com.android.server.pm.dex.DexoptOptions) for 540ms
01-03 02:03:45.147   660   660 I PackageManager.DexOptimizer: Running dexopt (dexoptNeeded=1) on: /system/priv-app/TelephonyProvider/TelephonyProvider.apk pkg=com.android.providers.telephony isa=arm dexoptFlags=public target-filter=quicken oatDir=null sharedLibraries=PCL[]
01-03 02:03:45.161   660   742 D SystemServerInitThreadPool: Finished executing Init OverlayManagerService
01-03 02:03:45.191   789   789 I dex2oat : /system/bin/dex2oat --input-vdex-fd=-1 --output-vdex-fd=9 --compiler-filter=quicken --classpath-dir=/system/priv-app/TelephonyProvider --class-loader-context=PCL[]
01-03 02:03:45.199   789   789 W dex2oat : Could not reserve sentinel fault page
01-03 02:03:45.329   789   789 I dex2oat : dex2oat took 138.917ms (188.417ms cpu) (threads: 4) arena alloc=67KB (69272B) java alloc=91KB (93592B) native alloc=695KB (712672B) free=1352KB (1384480B)
01-03 02:03:45.336   660   739 W zygote  : Long monitor contention with owner main (660) at int com.android.server.pm.PackageManagerService.performDexOptInternal(com.android.server.pm.dex.DexoptOptions)(PackageManagerService.java:10176) waiters=0 in void com.android.server.pm.PackageManagerService.lambda$-com_android_server_pm_PackageManagerService_141938(java.util.List, int) for 192ms
01-03 02:03:45.336   660   660 I PackageManager.DexOptimizer: Running dexopt (dexoptNeeded=1) on: /system/priv-app/MmsService/MmsService.apk pkg=com.android.mms.service isa=arm dexoptFlags=public target-filter=quicken oatDir=null sharedLibraries=PCL[]
01-03 02:03:45.380   794   794 I dex2oat : /system/bin/dex2oat --input-vdex-fd=-1 --output-vdex-fd=9 --compiler-filter=quicken --classpath-dir=/system/priv-app/MmsService --class-loader-context=PCL[]
01-03 02:03:45.386   794   794 W dex2oat : Could not reserve sentinel fault page
01-03 02:03:45.484   794   794 I dex2oat : dex2oat took 104.884ms (109.887ms cpu) (threads: 4) arena alloc=16KB (16696B) java alloc=82KB (84704B) native alloc=662KB (678840B) free=1385KB (1418312B)
01-03 02:03:45.489   660   739 W zygote  : Long monitor contention with owner main (660) at int com.android.server.pm.PackageManagerService.performDexOptInternal(com.android.server.pm.dex.DexoptOptions)(PackageManagerService.java:10176) waiters=0 in void com.android.server.pm.PackageManagerService.lambda$-com_android_server_pm_PackageManagerService_141938(java.util.List, int) for 153ms
01-03 02:03:45.490   660   660 I PackageManager.DexOptimizer: Running dexopt (dexoptNeeded=1) on: /system/priv-app/DefaultContainerService/DefaultContainerService.apk pkg=com.android.defcontainer isa=arm dexoptFlags=public target-filter=quicken oatDir=null sharedLibraries=PCL[]
01-03 02:03:45.537   799   799 I dex2oat : /system/bin/dex2oat --input-vdex-fd=-1 --output-vdex-fd=9 --compiler-filter=quicken --classpath-dir=/system/priv-app/DefaultContainerService --class-loader-context=PCL[]
01-03 02:03:45.543   799   799 W dex2oat : Could not reserve sentinel fault page
01-03 02:03:45.619   799   799 I dex2oat : dex2oat took 83.036ms (65.114ms cpu) (threads: 4) arena alloc=4KB (4960B) java alloc=49KB (51088B) native alloc=626KB (641760B) free=909KB (931104B)
01-03 02:03:45.679   660   660 I PackageManager.DexOptimizer: Running dexopt (dexoptNeeded=1) on: /system/priv-app/SettingsProvider/SettingsProvider.apk pkg=com.android.providers.settings isa=arm dexoptFlags=public target-filter=quicken oatDir=null sharedLibraries=PCL[]
01-03 02:03:45.722   804   804 I dex2oat : /system/bin/dex2oat --input-vdex-fd=-1 --output-vdex-fd=9 --compiler-filter=quicken --classpath-dir=/system/priv-app/SettingsProvider --class-loader-context=PCL[]
01-03 02:03:45.728   804   804 W dex2oat : Could not reserve sentinel fault page
01-03 02:03:45.967   804   804 I dex2oat : dex2oat took 246.445ms (418.556ms cpu) (threads: 4) arena alloc=150KB (153624B) java alloc=236KB (241672B) native alloc=1006KB (1030816B) free=1553KB (1590624B)
01-03 02:03:45.975   660   660 I PackageManager.DexOptimizer: Running dexopt (dexoptNeeded=1) on: /system/priv-app/Trebuchet/Trebuchet.apk pkg=org.lineageos.trebuchet isa=arm dexoptFlags=public target-filter=quicken oatDir=null sharedLibraries=PCL[]
01-03 02:03:45.977   660   739 W zygote  : Long monitor contention with owner main (660) at int com.android.server.pm.PackageManagerService.performDexOptInternal(com.android.server.pm.dex.DexoptOptions)(PackageManagerService.java:10176) waiters=0 in void com.android.server.pm.PackageManagerService.lambda$-com_android_server_pm_PackageManagerService_141938(java.util.List, int) for 299ms
01-03 02:03:46.017   809   809 I dex2oat : /system/bin/dex2oat --input-vdex-fd=-1 --output-vdex-fd=9 --compiler-filter=quicken --classpath-dir=/system/priv-app/Trebuchet --class-loader-context=PCL[]
01-03 02:03:46.024   809   809 W dex2oat : Could not reserve sentinel fault page
01-03 02:03:47.273   809   809 I dex2oat : dex2oat took 1.256s (3.222s cpu) (threads: 4) arena alloc=57KB (59352B) java alloc=2MB (2746208B) native alloc=3MB (3290400B) free=1394KB (1428192B)
01-03 02:03:47.285   660   739 W zygote  : Long monitor contention with owner main (660) at int com.android.server.pm.PackageManagerService.performDexOptInternal(com.android.server.pm.dex.DexoptOptions)(PackageManagerService.java:10176) waiters=0 in void com.android.server.pm.PackageManagerService.lambda$-com_android_server_pm_PackageManagerService_141938(java.util.List, int) for 1.307s
01-03 02:03:47.286   660   660 I PackageManager.DexOptimizer: Running dexopt (dexoptNeeded=1) on: /system/priv-app/InputDevices/InputDevices.apk pkg=com.android.inputdevices isa=arm dexoptFlags=public target-filter=quicken oatDir=null sharedLibraries=PCL[]
01-03 02:03:47.332   814   814 I dex2oat : /system/bin/dex2oat --input-vdex-fd=-1 --output-vdex-fd=9 --compiler-filter=quicken --classpath-dir=/system/priv-app/InputDevices --class-loader-context=PCL[]
01-03 02:03:47.338   814   814 W dex2oat : Could not reserve sentinel fault page
01-03 02:03:47.406   814   814 I dex2oat : dex2oat took 74.756ms (56.145ms cpu) (threads: 4) arena alloc=736B (736B) java alloc=32KB (33088B) native alloc=433KB (443392B) free=591KB (605184B)
01-03 02:03:47.411   660   739 W zygote  : Long monitor contention with owner main (660) at int com.android.server.pm.PackageManagerService.performDexOptInternal(com.android.server.pm.dex.DexoptOptions)(PackageManagerService.java:10176) waiters=0 in void com.android.server.pm.PackageManagerService.lambda$-com_android_server_pm_PackageManagerService_141938(java.util.List, int) for 125ms
01-03 02:03:47.411   660   660 I PackageManager.DexOptimizer: Running dexopt (dexoptNeeded=1) on: /system/app/ExtShared/ExtShared.apk pkg=android.ext.shared isa=arm dexoptFlags=public target-filter=quicken oatDir=null sharedLibraries=PCL[]
01-03 02:03:47.455   819   819 I dex2oat : /system/bin/dex2oat --input-vdex-fd=-1 --output-vdex-fd=9 --compiler-filter=quicken --classpath-dir=/system/app/ExtShared --class-loader-context=PCL[]
01-03 02:03:47.460   819   819 W dex2oat : Could not reserve sentinel fault page
01-03 02:03:47.528   819   819 I dex2oat : dex2oat took 73.717ms (56.378ms cpu) (threads: 4) arena alloc=3KB (3072B) java alloc=64KB (65552B) native alloc=433KB (443512B) free=1102KB (1129352B)
01-03 02:03:47.551   660   660 I PackageManager.DexOptimizer: Running dexopt (dexoptNeeded=1) on: /system/priv-app/Telecom/Telecom.apk pkg=com.android.server.telecom isa=arm dexoptFlags=public target-filter=quicken oatDir=null sharedLibraries=PCL[]
01-03 02:03:47.595   824   824 I dex2oat : /system/bin/dex2oat --input-vdex-fd=-1 --output-vdex-fd=9 --compiler-filter=quicken --classpath-dir=/system/priv-app/Telecom --class-loader-context=PCL[]
01-03 02:03:47.602   824   824 W dex2oat : Could not reserve sentinel fault page
01-03 02:03:48.222   824   824 I dex2oat : dex2oat took 627.994ms (1.423s cpu) (threads: 4) arena alloc=8KB (9184B) java alloc=1086KB (1112568B) native alloc=2035KB (2084376B) free=1036KB (1061352B)
01-03 02:03:48.232   660   739 W zygote  : Long monitor contention with owner main (660) at int com.android.server.pm.PackageManagerService.performDexOptInternal(com.android.server.pm.dex.DexoptOptions)(PackageManagerService.java:10176) waiters=0 in void com.android.server.pm.PackageManagerService.lambda$-com_android_server_pm_PackageManagerService_141938(java.util.List, int) for 682ms
01-03 02:03:48.233   660   660 I PackageManager.DexOptimizer: Running dexopt (dexoptNeeded=1) on: /system/priv-app/ExtServices/ExtServices.apk pkg=android.ext.services isa=arm dexoptFlags=public target-filter=quicken oatDir=null sharedLibraries=PCL[]
01-03 02:03:48.276   829   829 I dex2oat : /system/bin/dex2oat --input-vdex-fd=-1 --output-vdex-fd=9 --compiler-filter=quicken --classpath-dir=/system/priv-app/ExtServices --class-loader-context=PCL[]
01-03 02:03:48.282   829   829 W dex2oat : Could not reserve sentinel fault page
01-03 02:03:48.356   829   829 I dex2oat : dex2oat took 80.739ms (66.100ms cpu) (threads: 4) arena alloc=5KB (5464B) java alloc=70KB (72408B) native alloc=635KB (650992B) free=900KB (921872B)
01-03 02:03:48.362   660   739 W zygote  : Long monitor contention with owner main (660) at int com.android.server.pm.PackageManagerService.performDexOptInternal(com.android.server.pm.dex.DexoptOptions)(PackageManagerService.java:10176) waiters=0 in void com.android.server.pm.PackageManagerService.lambda$-com_android_server_pm_PackageManagerService_141938(java.util.List, int) for 130ms
01-03 02:03:48.364   660   660 I PackageManager.DexOptimizer: Running dexopt (dexoptNeeded=1) on: /system/priv-app/PackageInstaller/PackageInstaller.apk pkg=com.android.packageinstaller isa=arm dexoptFlags=public target-filter=quicken oatDir=null sharedLibraries=PCL[]
01-03 02:03:48.408   834   834 I dex2oat : /system/bin/dex2oat --input-vdex-fd=-1 --output-vdex-fd=9 --compiler-filter=quicken --classpath-dir=/system/priv-app/PackageInstaller --class-loader-context=PCL[]
01-03 02:03:48.414   834   834 W dex2oat : Could not reserve sentinel fault page
01-03 02:03:49.299   834   834 I dex2oat : dex2oat took 892.742ms (2.129s cpu) (threads: 4) arena alloc=19KB (19640B) java alloc=2MB (2140464B) native alloc=2MB (2419720B) free=1220KB (1250296B)
01-03 02:03:49.310   660   739 W zygote  : Long monitor contention with owner main (660) at int com.android.server.pm.PackageManagerService.performDexOptInternal(com.android.server.pm.dex.DexoptOptions)(PackageManagerService.java:10176) waiters=0 in void com.android.server.pm.PackageManagerService.lambda$-com_android_server_pm_PackageManagerService_141938(java.util.List, int) for 948ms
01-03 02:03:49.311   660   660 I PackageManager.DexOptimizer: Running dexopt (dexoptNeeded=1) on: /system/priv-app/ProxyHandler/ProxyHandler.apk pkg=com.android.proxyhandler isa=arm dexoptFlags=public target-filter=quicken oatDir=null sharedLibraries=PCL[]
01-03 02:03:49.357   839   839 I dex2oat : /system/bin/dex2oat --input-vdex-fd=-1 --output-vdex-fd=9 --compiler-filter=quicken --classpath-dir=/system/priv-app/ProxyHandler --class-loader-context=PCL[]
01-03 02:03:49.362   839   839 W dex2oat : Could not reserve sentinel fault page
01-03 02:03:49.453   839   839 I dex2oat : dex2oat took 97.107ms (65.947ms cpu) (threads: 4) arena alloc=19KB (19984B) java alloc=65KB (67472B) native alloc=634KB (650216B) free=901KB (922648B)
01-03 02:03:49.601   660   660 I PackageManager.DexOptimizer: Running dexopt (dexoptNeeded=1) on: /system/app/LatinIME/LatinIME.apk pkg=com.android.inputmethod.latin isa=arm dexoptFlags=public target-filter=quicken oatDir=null sharedLibraries=PCL[]
01-03 02:03:49.646   844   844 I dex2oat : /system/bin/dex2oat --input-vdex-fd=-1 --output-vdex-fd=9 --compiler-filter=quicken --classpath-dir=/system/app/LatinIME --class-loader-context=PCL[]
01-03 02:03:49.653   844   844 W dex2oat : Could not reserve sentinel fault page
01-03 02:03:50.062   844   844 I dex2oat : dex2oat took 417.206ms (905.803ms cpu) (threads: 4) arena alloc=322KB (330296B) java alloc=767KB (785888B) native alloc=1475KB (1511296B) free=2MB (2158720B)
01-03 02:03:50.071   660   739 W zygote  : Long monitor contention with owner main (660) at int com.android.server.pm.PackageManagerService.performDexOptInternal(com.android.server.pm.dex.DexoptOptions)(PackageManagerService.java:10176) waiters=0 in void com.android.server.pm.PackageManagerService.lambda$-com_android_server_pm_PackageManagerService_141938(java.util.List, int) for 473ms
01-03 02:03:50.073   660   660 I PackageManager.DexOptimizer: Running dexopt (dexoptNeeded=1) on: /system/priv-app/Settings/Settings.apk pkg=com.android.settings isa=arm dexoptFlags=public target-filter=quicken oatDir=null sharedLibraries=PCL[]
01-03 02:03:50.115   849   849 I dex2oat : /system/bin/dex2oat --input-vdex-fd=-1 --output-vdex-fd=9 --compiler-filter=quicken --classpath-dir=/system/priv-app/Settings --class-loader-context=PCL[]
01-03 02:03:50.122   849   849 W dex2oat : Could not reserve sentinel fault page
01-03 02:03:52.345   660   704 W BatteryService: updateLightsLocked: mLineageBatteryLights is not yet ready; skipping
01-03 02:03:52.793   849   849 I dex2oat : dex2oat took 2.679s (6.532s cpu) (threads: 4) arena alloc=6KB (6328B) java alloc=7MB (7429320B) native alloc=6MB (6530248B) free=1814KB (1858360B)
01-03 02:03:52.813   660   739 W zygote  : Long monitor contention with owner main (660) at int com.android.server.pm.PackageManagerService.performDexOptInternal(com.android.server.pm.dex.DexoptOptions)(PackageManagerService.java:10176) waiters=0 in void com.android.server.pm.PackageManagerService.lambda$-com_android_server_pm_PackageManagerService_141938(java.util.List, int) for 2.741s
01-03 02:03:52.814   660   660 I PackageManager.DexOptimizer: Running dexopt (dexoptNeeded=1) on: /system/priv-app/LineageSettingsProvider/LineageSettingsProvider.apk pkg=org.lineageos.lineagesettings isa=arm dexoptFlags=public target-filter=quicken oatDir=null sharedLibraries=PCL[]
01-03 02:03:52.858   854   854 I dex2oat : /system/bin/dex2oat --input-vdex-fd=-1 --output-vdex-fd=9 --compiler-filter=quicken --classpath-dir=/system/priv-app/LineageSettingsProvider --class-loader-context=PCL[]
01-03 02:03:52.864   854   854 W dex2oat : Could not reserve sentinel fault page
01-03 02:03:53.064   854   854 I dex2oat : dex2oat took 207.195ms (326.016ms cpu) (threads: 4) arena alloc=23KB (23896B) java alloc=186KB (191336B) native alloc=966KB (989208B) free=1081KB (1107944B)
01-03 02:03:53.070   660   739 W zygote  : Long monitor contention with owner main (660) at int com.android.server.pm.PackageManagerService.performDexOptInternal(com.android.server.pm.dex.DexoptOptions)(PackageManagerService.java:10176) waiters=0 in void com.android.server.pm.PackageManagerService.lambda$-com_android_server_pm_PackageManagerService_141938(java.util.List, int) for 256ms
01-03 02:03:53.071   660   660 I PackageManager.DexOptimizer: Running dexopt (dexoptNeeded=1) on: /system/priv-app/TeleService/TeleService.apk pkg=com.android.phone isa=arm dexoptFlags=public target-filter=quicken oatDir=null sharedLibraries=PCL[]
01-03 02:03:53.115   859   859 I dex2oat : /system/bin/dex2oat --input-vdex-fd=-1 --output-vdex-fd=9 --compiler-filter=quicken --classpath-dir=/system/priv-app/TeleService --class-loader-context=PCL[]
01-03 02:03:53.121   859   859 W dex2oat : Could not reserve sentinel fault page
01-03 02:03:53.906   859   859 I dex2oat : dex2oat took 792.111ms (1.912s cpu) (threads: 4) arena alloc=6KB (6936B) java alloc=1680KB (1720456B) native alloc=2MB (2641344B) free=1004KB (1028672B)
01-03 02:03:53.919   660   739 W zygote  : Long monitor contention with owner main (660) at int com.android.server.pm.PackageManagerService.performDexOptInternal(com.android.server.pm.dex.DexoptOptions)(PackageManagerService.java:10176) waiters=0 in void com.android.server.pm.PackageManagerService.lambda$-com_android_server_pm_PackageManagerService_141938(java.util.List, int) for 849ms
01-03 02:03:53.919   660   660 I PackageManager.DexOptimizer: Running dexopt (dexoptNeeded=1) on: /system/priv-app/Shell/Shell.apk pkg=com.android.shell isa=arm dexoptFlags=public target-filter=quicken oatDir=null sharedLibraries=PCL[]
01-03 02:03:53.964   864   864 I dex2oat : /system/bin/dex2oat --input-vdex-fd=-1 --output-vdex-fd=9 --compiler-filter=quicken --classpath-dir=/system/priv-app/Shell --class-loader-context=PCL[]
01-03 02:03:53.970   864   864 W dex2oat : Could not reserve sentinel fault page
01-03 02:03:54.107   864   864 I dex2oat : dex2oat took 144.873ms (182.479ms cpu) (threads: 4) arena alloc=14KB (14344B) java alloc=135KB (138560B) native alloc=714KB (731656B) free=1333KB (1365496B)
01-03 02:03:54.117   660   660 I PackageManager.DexOptimizer: Running dexopt (dexoptNeeded=1) on: /system/priv-app/FusedLocation/FusedLocation.apk pkg=com.android.location.fused isa=arm dexoptFlags=public target-filter=quicken oatDir=null sharedLibraries=PCL[/system/framework/com.android.location.provider.jar]
01-03 02:03:54.161   869   869 I dex2oat : /system/bin/dex2oat --input-vdex-fd=-1 --output-vdex-fd=9 --compiler-filter=quicken --classpath-dir=/system/priv-app/FusedLocation --class-loader-context=PCL[/system/framework/com.android.location.provider.jar]
01-03 02:03:54.167   869   869 W dex2oat : Could not reserve sentinel fault page
01-03 02:03:54.244   869   869 I dex2oat : dex2oat took 84.131ms (66.036ms cpu) (threads: 4) arena alloc=5KB (6056B) java alloc=50KB (51288B) native alloc=636KB (651512B) free=899KB (921352B)
01-03 02:03:54.249   660   739 W zygote  : Long monitor contention with owner main (660) at int com.android.server.pm.PackageManagerService.performDexOptInternal(com.android.server.pm.dex.DexoptOptions)(PackageManagerService.java:10176) waiters=0 in void com.android.server.pm.PackageManagerService.lambda$-com_android_server_pm_PackageManagerService_141938(java.util.List, int) for 132ms
01-03 02:03:54.251   660   660 I PackageManager.DexOptimizer: Running dexopt (dexoptNeeded=1) on: /system/priv-app/SystemUI/SystemUI.apk pkg=com.android.systemui isa=arm dexoptFlags=public target-filter=quicken oatDir=null sharedLibraries=PCL[]
01-03 02:03:54.295   874   874 I dex2oat : /system/bin/dex2oat --input-vdex-fd=-1 --output-vdex-fd=9 --compiler-filter=quicken --classpath-dir=/system/priv-app/SystemUI --class-loader-context=PCL[]
01-03 02:03:54.302   874   874 W dex2oat : Could not reserve sentinel fault page
01-03 02:03:57.124   874   874 I dex2oat : dex2oat took 2.830s (6.922s cpu) (threads: 4) arena alloc=7KB (8096B) java alloc=6MB (6590928B) native alloc=6MB (6878048B) free=1475KB (1510560B)
01-03 02:03:57.145   660   739 W zygote  : Long monitor contention with owner main (660) at int com.android.server.pm.PackageManagerService.performDexOptInternal(com.android.server.pm.dex.DexoptOptions)(PackageManagerService.java:10176) waiters=0 in void com.android.server.pm.PackageManagerService.lambda$-com_android_server_pm_PackageManagerService_141938(java.util.List, int) for 2.896s
01-03 02:03:57.147   660   660 I PackageManager.DexOptimizer: Running dexopt (dexoptNeeded=1) on: /system/app/OmniJaws/OmniJaws.apk pkg=org.omnirom.omnijaws isa=arm dexoptFlags=public target-filter=quicken oatDir=null sharedLibraries=PCL[]
01-03 02:03:57.192   879   879 I dex2oat : /system/bin/dex2oat --input-vdex-fd=-1 --output-vdex-fd=9 --compiler-filter=quicken --classpath-dir=/system/app/OmniJaws --class-loader-context=PCL[]
01-03 02:03:57.198   879   879 W dex2oat : Could not reserve sentinel fault page
01-03 02:03:57.303   879   879 I dex2oat : dex2oat took 112.113ms (124.662ms cpu) (threads: 4) arena alloc=11KB (11872B) java alloc=118KB (121032B) native alloc=669KB (685592B) free=1378KB (1411560B)
01-03 02:03:57.331   660   660 I PackageManager.DexOptimizer: Running dexopt (dexoptNeeded=1) on: /system/priv-app/CalendarProvider/CalendarProvider.apk pkg=com.android.providers.calendar isa=arm dexoptFlags=public target-filter=quicken oatDir=null sharedLibraries=PCL[/system/framework/android.test.mock.jar:/system/framework/android.test.runner.jar]
01-03 02:03:57.374   884   884 I dex2oat : /system/bin/dex2oat --input-vdex-fd=-1 --output-vdex-fd=9 --compiler-filter=quicken --classpath-dir=/system/priv-app/CalendarProvider --class-loader-context=PCL[/system/framework/android.test.mock.jar:/system/framework/android.test.runner.jar]
01-03 02:03:57.381   884   884 W dex2oat : Could not reserve sentinel fault page
01-03 02:03:57.637   884   884 I dex2oat : dex2oat took 263.939ms (448.898ms cpu) (threads: 4) arena alloc=7KB (7904B) java alloc=317KB (324960B) native alloc=1029KB (1054656B) free=1530KB (1566784B)
01-03 02:03:57.646   660   660 I PackageManager.DexOptimizer: Running dexopt (dexoptNeeded=1) on: /system/priv-app/MediaProvider/MediaProvider.apk pkg=com.android.providers.media isa=arm dexoptFlags=public target-filter=quicken oatDir=null sharedLibraries=PCL[]
01-03 02:03:57.690   889   889 I dex2oat : /system/bin/dex2oat --input-vdex-fd=-1 --output-vdex-fd=9 --compiler-filter=quicken --classpath-dir=/system/priv-app/MediaProvider --class-loader-context=PCL[]
01-03 02:03:57.696   889   889 W dex2oat : Could not reserve sentinel fault page
01-03 02:03:57.834   889   889 I dex2oat : dex2oat took 144.794ms (169.589ms cpu) (threads: 4) arena alloc=106KB (109264B) java alloc=121KB (124872B) native alloc=686KB (703232B) free=1361KB (1393920B)
01-03 02:03:57.841   660   660 I PackageManager.DexOptimizer: Running dexopt (dexoptNeeded=1) on: /system/priv-app/WallpaperCropper/WallpaperCropper.apk pkg=com.android.wallpapercropper isa=arm dexoptFlags=public target-filter=quicken oatDir=null sharedLibraries=PCL[]
01-03 02:03:57.841   660   739 W zygote  : Long monitor contention with owner main (660) at int com.android.server.pm.PackageManagerService.performDexOptInternal(com.android.server.pm.dex.DexoptOptions)(PackageManagerService.java:10176) waiters=0 in void com.android.server.pm.PackageManagerService.lambda$-com_android_server_pm_PackageManagerService_141938(java.util.List, int) for 196ms
01-03 02:03:57.884   894   894 I dex2oat : /system/bin/dex2oat --input-vdex-fd=-1 --output-vdex-fd=9 --compiler-filter=quicken --classpath-dir=/system/priv-app/WallpaperCropper --class-loader-context=PCL[]
01-03 02:03:57.890   894   894 W dex2oat : Could not reserve sentinel fault page
01-03 02:03:57.994   894   894 I dex2oat : dex2oat took 111.199ms (133.605ms cpu) (threads: 4) arena alloc=4KB (4496B) java alloc=97KB (100120B) native alloc=682KB (698992B) free=1365KB (1398160B)
01-03 02:03:58.000   660   739 W zygote  : Long monitor contention with owner main (660) at int com.android.server.pm.PackageManagerService.performDexOptInternal(com.android.server.pm.dex.DexoptOptions)(PackageManagerService.java:10176) waiters=0 in void com.android.server.pm.PackageManagerService.lambda$-com_android_server_pm_PackageManagerService_141938(java.util.List, int) for 158ms
01-03 02:03:58.001   660   660 I PackageManager.DexOptimizer: Running dexopt (dexoptNeeded=1) on: /system/priv-app/DocumentsUI/DocumentsUI.apk pkg=com.android.documentsui isa=arm dexoptFlags=public target-filter=quicken oatDir=null sharedLibraries=PCL[]
01-03 02:03:58.043   899   899 I dex2oat : /system/bin/dex2oat --input-vdex-fd=-1 --output-vdex-fd=9 --compiler-filter=quicken --classpath-dir=/system/priv-app/DocumentsUI --class-loader-context=PCL[]
01-03 02:03:58.050   899   899 W dex2oat : Could not reserve sentinel fault page
01-03 02:03:58.970   899   899 I dex2oat : dex2oat took 928.409ms (2.152s cpu) (threads: 4) arena alloc=6KB (6344B) java alloc=1887KB (1932336B) native alloc=2MB (2694568B) free=952KB (975448B)
01-03 02:03:58.982   660   739 W zygote  : Long monitor contention with owner main (660) at int com.android.server.pm.PackageManagerService.performDexOptInternal(com.android.server.pm.dex.DexoptOptions)(PackageManagerService.java:10176) waiters=0 in void com.android.server.pm.PackageManagerService.lambda$-com_android_server_pm_PackageManagerService_141938(java.util.List, int) for 982ms
01-03 02:03:58.984   660   660 I PackageManager.DexOptimizer: Running dexopt (dexoptNeeded=1) on: /system/priv-app/ExternalStorageProvider/ExternalStorageProvider.apk pkg=com.android.externalstorage isa=arm dexoptFlags=public target-filter=quicken oatDir=null sharedLibraries=PCL[]
01-03 02:03:59.026   904   904 I dex2oat : /system/bin/dex2oat --input-vdex-fd=-1 --output-vdex-fd=9 --compiler-filter=quicken --classpath-dir=/system/priv-app/ExternalStorageProvider --class-loader-context=PCL[]
01-03 02:03:59.033   904   904 W dex2oat : Could not reserve sentinel fault page
01-03 02:03:59.116   904   904 I dex2oat : dex2oat took 91.332ms (75.336ms cpu) (threads: 4) arena alloc=9KB (9760B) java alloc=68KB (69856B) native alloc=641KB (657280B) free=894KB (915584B)
01-03 02:03:59.122   660   739 W zygote  : Long monitor contention with owner main (660) at int com.android.server.pm.PackageManagerService.performDexOptInternal(com.android.server.pm.dex.DexoptOptions)(PackageManagerService.java:10176) waiters=0 in void com.android.server.pm.PackageManagerService.lambda$-com_android_server_pm_PackageManagerService_141938(java.util.List, int) for 140ms
01-03 02:03:59.123   660   660 I PackageManager.DexOptimizer: Running dexopt (dexoptNeeded=1) on: /system/app/HTMLViewer/HTMLViewer.apk pkg=com.android.htmlviewer isa=arm dexoptFlags=public target-filter=quicken oatDir=null sharedLibraries=PCL[]
01-03 02:03:59.165   909   909 I dex2oat : /system/bin/dex2oat --input-vdex-fd=-1 --output-vdex-fd=9 --compiler-filter=quicken --classpath-dir=/system/app/HTMLViewer --class-loader-context=PCL[]
01-03 02:03:59.171   909   909 W dex2oat : Could not reserve sentinel fault page
01-03 02:03:59.250   909   909 I dex2oat : dex2oat took 85.731ms (69.312ms cpu) (threads: 4) arena alloc=9KB (9752B) java alloc=48KB (49872B) native alloc=625KB (640472B) free=910KB (932392B)
01-03 02:03:59.276   660   660 I PackageManager.DexOptimizer: Running dexopt (dexoptNeeded=1) on: /system/priv-app/SubstratumService/SubstratumService.apk pkg=android.substratum.service isa=arm dexoptFlags=public target-filter=quicken oatDir=null sharedLibraries=PCL[]
01-03 02:03:59.319   914   914 I dex2oat : /system/bin/dex2oat --input-vdex-fd=-1 --output-vdex-fd=9 --compiler-filter=quicken --classpath-dir=/system/priv-app/SubstratumService --class-loader-context=PCL[]
01-03 02:03:59.324   914   914 W dex2oat : Could not reserve sentinel fault page
01-03 02:03:59.400   914   914 I dex2oat : dex2oat took 82.420ms (58.691ms cpu) (threads: 4) arena alloc=3KB (3672B) java alloc=33KB (34592B) native alloc=615KB (629760B) free=921KB (943104B)
01-03 02:03:59.408   660   660 I PackageManager.DexOptimizer: Running dexopt (dexoptNeeded=1) on: /system/app/CompanionDeviceManager/CompanionDeviceManager.apk pkg=com.android.companiondevicemanager isa=arm dexoptFlags=public target-filter=quicken oatDir=null sharedLibraries=PCL[]
01-03 02:03:59.450   919   919 I dex2oat : /system/bin/dex2oat --input-vdex-fd=-1 --output-vdex-fd=9 --compiler-filter=quicken --classpath-dir=/system/app/CompanionDeviceManager --class-loader-context=PCL[]
01-03 02:03:59.456   919   919 W dex2oat : Could not reserve sentinel fault page
01-03 02:03:59.538   919   919 I dex2oat : dex2oat took 88.872ms (77.506ms cpu) (threads: 4) arena alloc=4KB (4360B) java alloc=67KB (68680B) native alloc=641KB (657224B) free=1406KB (1439928B)
01-03 02:03:59.562   660   660 I PackageManager.DexOptimizer: Running dexopt (dexoptNeeded=1) on: /system/priv-app/DownloadProvider/DownloadProvider.apk pkg=com.android.providers.downloads isa=arm dexoptFlags=public target-filter=quicken oatDir=null sharedLibraries=PCL[]
01-03 02:03:59.605   924   924 I dex2oat : /system/bin/dex2oat --input-vdex-fd=-1 --output-vdex-fd=9 --compiler-filter=quicken --classpath-dir=/system/priv-app/DownloadProvider --class-loader-context=PCL[]
01-03 02:03:59.611   924   924 W dex2oat : Could not reserve sentinel fault page
01-03 02:03:59.845   924   924 I dex2oat : dex2oat took 240.452ms (379.141ms cpu) (threads: 4) arena alloc=9KB (9336B) java alloc=270KB (276536B) native alloc=1005KB (1029944B) free=1554KB (1591496B)
01-03 02:03:59.853   660   660 I PackageManager.DexOptimizer: Running dexopt (dexoptNeeded=1) on: /system/app/Terminal/Terminal.apk pkg=com.android.terminal isa=arm dexoptFlags=public target-filter=quicken oatDir=null sharedLibraries=PCL[]
01-03 02:03:59.895   929   929 I dex2oat : /system/bin/dex2oat --input-vdex-fd=-1 --output-vdex-fd=9 --compiler-filter=quicken --classpath-dir=/system/app/Terminal --class-loader-context=PCL[]
01-03 02:03:59.901   929   929 W dex2oat : Could not reserve sentinel fault page
01-03 02:04:00.454   929   929 I dex2oat : dex2oat took 560.319ms (1.198s cpu) (threads: 4) arena alloc=13KB (13768B) java alloc=794KB (813248B) native alloc=1870KB (1915856B) free=1201KB (1229872B)
01-03 02:04:00.463   660   739 W zygote  : Long monitor contention with owner main (660) at int com.android.server.pm.PackageManagerService.performDexOptInternal(com.android.server.pm.dex.DexoptOptions)(PackageManagerService.java:10176) waiters=0 in void com.android.server.pm.PackageManagerService.lambda$-com_android_server_pm_PackageManagerService_141938(java.util.List, int) for 609ms
01-03 02:04:00.465   660   660 I PackageManager.DexOptimizer: Running dexopt (dexoptNeeded=1) on: /system/app/LockClock/LockClock.apk pkg=org.lineageos.lockclock isa=arm dexoptFlags=public target-filter=quicken oatDir=null sharedLibraries=PCL[]
01-03 02:04:00.510   934   934 I dex2oat : /system/bin/dex2oat --input-vdex-fd=-1 --output-vdex-fd=9 --compiler-filter=quicken --classpath-dir=/system/app/LockClock --class-loader-context=PCL[]
01-03 02:04:00.516   934   934 W dex2oat : Could not reserve sentinel fault page
01-03 02:04:00.742   934   934 I dex2oat : dex2oat took 233.765ms (442.664ms cpu) (threads: 4) arena alloc=24KB (24856B) java alloc=321KB (328928B) native alloc=1032KB (1057144B) free=1015KB (1040008B)
01-03 02:04:00.752   660   660 I PackageManager.DexOptimizer: Running dexopt (dexoptNeeded=1) on: /system/app/DownloadProviderUi/DownloadProviderUi.apk pkg=com.android.providers.downloads.ui isa=arm dexoptFlags=public target-filter=quicken oatDir=null sharedLibraries=PCL[]
01-03 02:04:00.794   939   939 I dex2oat : /system/bin/dex2oat --input-vdex-fd=-1 --output-vdex-fd=9 --compiler-filter=quicken --classpath-dir=/system/app/DownloadProviderUi --class-loader-context=PCL[]
01-03 02:04:00.800   939   939 W dex2oat : Could not reserve sentinel fault page
01-03 02:04:00.874   939   939 I dex2oat : dex2oat took 80.813ms (67.988ms cpu) (threads: 4) arena alloc=17KB (17712B) java alloc=48KB (49792B) native alloc=636KB (651624B) free=1411KB (1445528B)
01-03 02:04:00.949   660   660 I PackageManager.DexOptimizer: Running dexopt (dexoptNeeded=1) on: /system/app/PacProcessor/PacProcessor.apk pkg=com.android.pacprocessor isa=arm dexoptFlags=public target-filter=quicken oatDir=null sharedLibraries=PCL[]
01-03 02:04:00.992   944   944 I dex2oat : /system/bin/dex2oat --input-vdex-fd=-1 --output-vdex-fd=9 --compiler-filter=quicken --classpath-dir=/system/app/PacProcessor --class-loader-context=PCL[]
01-03 02:04:00.998   944   944 W dex2oat : Could not reserve sentinel fault page
01-03 02:04:01.083   944   944 I dex2oat : dex2oat took 91.843ms (60.092ms cpu) (threads: 4) arena alloc=5KB (5312B) java alloc=49KB (50984B) native alloc=639KB (654912B) free=1408KB (1442240B)
01-03 02:04:01.089   660   660 I PackageManager.DexOptimizer: Running dexopt (dexoptNeeded=1) on: /system/priv-app/OmniStyle/OmniStyle.apk pkg=org.omnirom.omnistyle isa=arm dexoptFlags=public target-filter=quicken oatDir=null sharedLibraries=PCL[]
01-03 02:04:01.131   949   949 I dex2oat : /system/bin/dex2oat --input-vdex-fd=-1 --output-vdex-fd=9 --compiler-filter=quicken --classpath-dir=/system/priv-app/OmniStyle --class-loader-context=PCL[]
01-03 02:04:01.137   949   949 W dex2oat : Could not reserve sentinel fault page
01-03 02:04:01.257   949   949 I dex2oat : dex2oat took 127.392ms (172.193ms cpu) (threads: 4) arena alloc=13KB (13720B) java alloc=147KB (151344B) native alloc=701KB (718392B) free=1346KB (1378760B)
01-03 02:04:01.265   660   739 W zygote  : Long monitor contention with owner main (660) at int com.android.server.pm.PackageManagerService.performDexOptInternal(com.android.server.pm.dex.DexoptOptions)(PackageManagerService.java:10176) waiters=0 in void com.android.server.pm.PackageManagerService.lambda$-com_android_server_pm_PackageManagerService_141938(java.util.List, int) for 176ms
01-03 02:04:01.266   660   660 I PackageManager.DexOptimizer: Running dexopt (dexoptNeeded=1) on: /system/app/Profiles/Profiles.apk pkg=org.lineageos.profiles isa=arm dexoptFlags=public target-filter=quicken oatDir=null sharedLibraries=PCL[]
01-03 02:04:01.310   954   954 I dex2oat : /system/bin/dex2oat --input-vdex-fd=-1 --output-vdex-fd=9 --compiler-filter=quicken --classpath-dir=/system/app/Profiles --class-loader-context=PCL[]
01-03 02:04:01.316   954   954 W dex2oat : Could not reserve sentinel fault page
01-03 02:04:01.508   954   954 I dex2oat : dex2oat took 199.187ms (324.380ms cpu) (threads: 4) arena alloc=4KB (5048B) java alloc=204KB (209792B) native alloc=964KB (987816B) free=1083KB (1109336B)
01-03 02:04:01.516   660   739 W zygote  : Long monitor contention with owner main (660) at int com.android.server.pm.PackageManagerService.performDexOptInternal(com.android.server.pm.dex.DexoptOptions)(PackageManagerService.java:10176) waiters=0 in void com.android.server.pm.PackageManagerService.lambda$-com_android_server_pm_PackageManagerService_141938(java.util.List, int) for 249ms
01-03 02:04:01.517   660   660 I PackageManager.DexOptimizer: Running dexopt (dexoptNeeded=1) on: /system/app/CertInstaller/CertInstaller.apk pkg=com.android.certinstaller isa=arm dexoptFlags=public target-filter=quicken oatDir=null sharedLibraries=PCL[]
01-03 02:04:01.559   959   959 I dex2oat : /system/bin/dex2oat --input-vdex-fd=-1 --output-vdex-fd=9 --compiler-filter=quicken --classpath-dir=/system/app/CertInstaller --class-loader-context=PCL[]
01-03 02:04:01.565   959   959 W dex2oat : Could not reserve sentinel fault page
01-03 02:04:01.655   959   959 I dex2oat : dex2oat took 98.008ms (101.032ms cpu) (threads: 4) arena alloc=17KB (17848B) java alloc=116KB (119488B) native alloc=653KB (668752B) free=882KB (904112B)
01-03 02:04:01.666   660   660 I PackageManager.DexOptimizer: Running dexopt (dexoptNeeded=1) on: /system/priv-app/Contacts/Contacts.apk pkg=com.android.contacts isa=arm dexoptFlags=public target-filter=quicken oatDir=null sharedLibraries=PCL[]
01-03 02:04:01.708   964   964 I dex2oat : /system/bin/dex2oat --input-vdex-fd=-1 --output-vdex-fd=9 --compiler-filter=quicken --classpath-dir=/system/priv-app/Contacts --class-loader-context=PCL[]
01-03 02:04:01.715   964   964 W dex2oat : Could not reserve sentinel fault page
01-03 02:04:03.398   964   964 I dex2oat : dex2oat took 1.691s (4.041s cpu) (threads: 4) arena alloc=8KB (8680B) java alloc=3MB (3442768B) native alloc=4MB (4786200B) free=1469KB (1505256B)
01-03 02:04:03.411   660   739 W zygote  : Long monitor contention with owner main (660) at int com.android.server.pm.PackageManagerService.performDexOptInternal(com.android.server.pm.dex.DexoptOptions)(PackageManagerService.java:10176) waiters=0 in void com.android.server.pm.PackageManagerService.lambda$-com_android_server_pm_PackageManagerService_141938(java.util.List, int) for 1.747s
01-03 02:04:03.412   660   660 I PackageManager.DexOptimizer: Running dexopt (dexoptNeeded=1) on: /system/priv-app/Camera2/Camera2.apk pkg=com.android.camera2 isa=arm dexoptFlags=public target-filter=quicken oatDir=null sharedLibraries=PCL[]
01-03 02:04:03.456   969   969 I dex2oat : /system/bin/dex2oat --input-vdex-fd=-1 --output-vdex-fd=9 --compiler-filter=quicken --classpath-dir=/system/priv-app/Camera2 --class-loader-context=PCL[]
01-03 02:04:03.462   969   969 W dex2oat : Could not reserve sentinel fault page
01-03 02:04:04.314   969   969 I dex2oat : dex2oat took 859.165ms (1.921s cpu) (threads: 4) arena alloc=7KB (7496B) java alloc=1465KB (1500456B) native alloc=2MB (2837448B) free=1325KB (1356856B)
01-03 02:04:04.323   660   739 W zygote  : Long monitor contention with owner main (660) at int com.android.server.pm.PackageManagerService.performDexOptInternal(com.android.server.pm.dex.DexoptOptions)(PackageManagerService.java:10176) waiters=0 in void com.android.server.pm.PackageManagerService.lambda$-com_android_server_pm_PackageManagerService_141938(java.util.List, int) for 912ms
01-03 02:04:04.325   660   660 I PackageManager.DexOptimizer: Running dexopt (dexoptNeeded=1) on: /system/priv-app/Recorder/Recorder.apk pkg=org.lineageos.recorder isa=arm dexoptFlags=public target-filter=quicken oatDir=null sharedLibraries=PCL[]
01-03 02:04:04.367   974   974 I dex2oat : /system/bin/dex2oat --input-vdex-fd=-1 --output-vdex-fd=9 --compiler-filter=quicken --classpath-dir=/system/priv-app/Recorder --class-loader-context=PCL[]
01-03 02:04:04.373   974   974 W dex2oat : Could not reserve sentinel fault page
01-03 02:04:05.113   974   974 I dex2oat : dex2oat took 746.917ms (1.699s cpu) (threads: 4) arena alloc=5KB (5848B) java alloc=1454KB (1489320B) native alloc=1991KB (2039344B) free=1080KB (1106384B)
01-03 02:04:05.122   660   739 W zygote  : Long monitor contention with owner main (660) at int com.android.server.pm.PackageManagerService.performDexOptInternal(com.android.server.pm.dex.DexoptOptions)(PackageManagerService.java:10176) waiters=0 in void com.android.server.pm.PackageManagerService.lambda$-com_android_server_pm_PackageManagerService_141938(java.util.List, int) for 798ms
01-03 02:04:05.124   660   660 I PackageManager.DexOptimizer: Running dexopt (dexoptNeeded=1) on: /system/app/EasterEgg/EasterEgg.apk pkg=com.android.egg isa=arm dexoptFlags=public target-filter=quicken oatDir=null sharedLibraries=PCL[]
01-03 02:04:05.167   979   979 I dex2oat : /system/bin/dex2oat --input-vdex-fd=-1 --output-vdex-fd=9 --compiler-filter=quicken --classpath-dir=/system/app/EasterEgg --class-loader-context=PCL[]
01-03 02:04:05.173   979   979 W dex2oat : Could not reserve sentinel fault page
01-03 02:04:05.407   979   979 I dex2oat : dex2oat took 241.413ms (415.509ms cpu) (threads: 4) arena alloc=5KB (5656B) java alloc=242KB (248024B) native alloc=1021KB (1045872B) free=1538KB (1575568B)
01-03 02:04:05.432   660   660 I PackageManager.DexOptimizer: Running dexopt (dexoptNeeded=1) on: /system/priv-app/MtpDocumentsProvider/MtpDocumentsProvider.apk pkg=com.android.mtp isa=arm dexoptFlags=public target-filter=quicken oatDir=null sharedLibraries=PCL[]
01-03 02:04:05.474   984   984 I dex2oat : /system/bin/dex2oat --input-vdex-fd=-1 --output-vdex-fd=9 --compiler-filter=quicken --classpath-dir=/system/priv-app/MtpDocumentsProvider --class-loader-context=PCL[]
01-03 02:04:05.480   984   984 W dex2oat : Could not reserve sentinel fault page
01-03 02:04:05.582   984   984 I dex2oat : dex2oat took 109.136ms (110.683ms cpu) (threads: 4) arena alloc=16KB (16392B) java alloc=68KB (70376B) native alloc=660KB (676328B) free=1387KB (1420824B)
01-03 02:04:05.589   660   660 I PackageManager.DexOptimizer: Running dexopt (dexoptNeeded=1) on: /system/priv-app/BackupRestoreConfirmation/BackupRestoreConfirmation.apk pkg=com.android.backupconfirm isa=arm dexoptFlags=public target-filter=quicken oatDir=null sharedLibraries=PCL[]
01-03 02:04:05.633   989   989 I dex2oat : /system/bin/dex2oat --input-vdex-fd=-1 --output-vdex-fd=9 --compiler-filter=quicken --classpath-dir=/system/priv-app/BackupRestoreConfirmation --class-loader-context=PCL[]
01-03 02:04:05.639   989   989 W dex2oat : Could not reserve sentinel fault page
01-03 02:04:05.711   989   989 I dex2oat : dex2oat took 79.201ms (66.047ms cpu) (threads: 4) arena alloc=7KB (7336B) java alloc=64KB (66048B) native alloc=634KB (649424B) free=901KB (923440B)
01-03 02:04:05.719   660   739 W zygote  : Long monitor contention with owner main (660) at int com.android.server.pm.PackageManagerService.performDexOptInternal(com.android.server.pm.dex.DexoptOptions)(PackageManagerService.java:10176) waiters=0 in void com.android.server.pm.PackageManagerService.lambda$-com_android_server_pm_PackageManagerService_141938(java.util.List, int) for 130ms
01-03 02:04:05.720   660   660 I PackageManager.DexOptimizer: Running dexopt (dexoptNeeded=1) on: /system/priv-app/WeatherProvider/WeatherProvider.apk pkg=org.lineageos.weather.provider isa=arm dexoptFlags=public target-filter=quicken oatDir=null sharedLibraries=PCL[]
01-03 02:04:05.761   994   994 I dex2oat : /system/bin/dex2oat --input-vdex-fd=-1 --output-vdex-fd=9 --compiler-filter=quicken --classpath-dir=/system/priv-app/WeatherProvider --class-loader-context=PCL[]
01-03 02:04:05.768   994   994 W dex2oat : Could not reserve sentinel fault page
01-03 02:04:05.962   994   994 I dex2oat : dex2oat took 202.435ms (302.469ms cpu) (threads: 4) arena alloc=7KB (7872B) java alloc=186KB (190488B) native alloc=958KB (981960B) free=1089KB (1115192B)
01-03 02:04:06.024   660   660 I PackageManager.DexOptimizer: Running dexopt (dexoptNeeded=1) on: /system/app/GoogleClock/GoogleClock.apk pkg=com.google.android.deskclock isa=arm dexoptFlags=public target-filter=quicken oatDir=null sharedLibraries=PCL[]
01-03 02:04:06.067   999   999 I dex2oat : /system/bin/dex2oat --input-vdex-fd=-1 --output-vdex-fd=9 --compiler-filter=quicken --classpath-dir=/system/app/GoogleClock --class-loader-context=PCL[]
01-03 02:04:06.075   999   999 W dex2oat : Could not reserve sentinel fault page
01-03 02:04:07.265   999   999 I dex2oat : dex2oat took 1.199s (2.986s cpu) (threads: 4) arena alloc=6KB (6832B) java alloc=2MB (2597312B) native alloc=3MB (3207472B) free=1475KB (1511120B)
01-03 02:04:07.278   660   660 I PackageManager.DexOptimizer: Running dexopt (dexoptNeeded=1) on: /system/priv-app/Provision/Provision.apk pkg=com.android.provision isa=arm dexoptFlags=public target-filter=quicken oatDir=null sharedLibraries=PCL[]
01-03 02:04:07.278   660   739 W zygote  : Long monitor contention with owner main (660) at int com.android.server.pm.PackageManagerService.performDexOptInternal(com.android.server.pm.dex.DexoptOptions)(PackageManagerService.java:10176) waiters=0 in void com.android.server.pm.PackageManagerService.lambda$-com_android_server_pm_PackageManagerService_141938(java.util.List, int) for 1.256s
01-03 02:04:07.321  1004  1004 I dex2oat : /system/bin/dex2oat --input-vdex-fd=-1 --output-vdex-fd=9 --compiler-filter=quicken --classpath-dir=/system/priv-app/Provision --class-loader-context=PCL[]
01-03 02:04:07.326  1004  1004 W dex2oat : Could not reserve sentinel fault page
01-03 02:04:07.394  1004  1004 I dex2oat : dex2oat took 74.426ms (57.290ms cpu) (threads: 4) arena alloc=2200B (2200B) java alloc=16KB (16784B) native alloc=445KB (456200B) free=578KB (592376B)
01-03 02:04:07.421   660   660 I PackageManager.DexOptimizer: Running dexopt (dexoptNeeded=1) on: /system/priv-app/StatementService/StatementService.apk pkg=com.android.statementservice isa=arm dexoptFlags=public target-filter=quicken oatDir=null sharedLibraries=PCL[]
01-03 02:04:07.463  1009  1009 I dex2oat : /system/bin/dex2oat --input-vdex-fd=-1 --output-vdex-fd=9 --compiler-filter=quicken --classpath-dir=/system/priv-app/StatementService --class-loader-context=PCL[]
01-03 02:04:07.468  1009  1009 W dex2oat : Could not reserve sentinel fault page
01-03 02:04:07.570  1009  1009 I dex2oat : dex2oat took 108.473ms (97.552ms cpu) (threads: 4) arena alloc=6KB (6656B) java alloc=66KB (67704B) native alloc=661KB (677280B) free=1386KB (1419872B)
01-03 02:04:07.577   660   660 I PackageManager.DexOptimizer: Running dexopt (dexoptNeeded=1) on: /system/priv-app/SharedStorageBackup/SharedStorageBackup.apk pkg=com.android.sharedstoragebackup isa=arm dexoptFlags=public target-filter=quicken oatDir=null sharedLibraries=PCL[]
01-03 02:04:07.619  1014  1014 I dex2oat : /system/bin/dex2oat --input-vdex-fd=-1 --output-vdex-fd=9 --compiler-filter=quicken --classpath-dir=/system/priv-app/SharedStorageBackup --class-loader-context=PCL[]
01-03 02:04:07.625  1014  1014 W dex2oat : Could not reserve sentinel fault page
01-03 02:04:07.700  1014  1014 I dex2oat : dex2oat took 82.997ms (62.726ms cpu) (threads: 4) arena alloc=15KB (15544B) java alloc=51KB (52552B) native alloc=633KB (648512B) free=902KB (924352B)
01-03 02:04:07.718   367   751 W installd: Requested default storage /data/user_de/0/org.lineageos.weather.provider is not active; migrating from /data/data/org.lineageos.weather.provider
01-03 02:04:07.729   660   660 I PackageManager.DexOptimizer: Running dexopt (dexoptNeeded=1) on: /system/app/PrintSpooler/PrintSpooler.apk pkg=com.android.printspooler isa=arm dexoptFlags=public target-filter=quicken oatDir=null sharedLibraries=PCL[]
01-03 02:04:07.771  1019  1019 I dex2oat : /system/bin/dex2oat --input-vdex-fd=-1 --output-vdex-fd=9 --compiler-filter=quicken --classpath-dir=/system/app/PrintSpooler --class-loader-context=PCL[]
01-03 02:04:07.777  1019  1019 W dex2oat : Could not reserve sentinel fault page
01-03 02:04:08.088  1019  1019 I dex2oat : dex2oat took 318.075ms (621.419ms cpu) (threads: 4) arena alloc=81KB (83000B) java alloc=409KB (418984B) native alloc=1120KB (1147152B) free=1439KB (1474288B)
01-03 02:04:08.096   660   660 I PackageManager.DexOptimizer: Running dexopt (dexoptNeeded=1) on: /system/app/BasicDreams/BasicDreams.apk pkg=com.android.dreams.basic isa=arm dexoptFlags=public target-filter=quicken oatDir=null sharedLibraries=PCL[]
01-03 02:04:08.139  1024  1024 I dex2oat : /system/bin/dex2oat --input-vdex-fd=-1 --output-vdex-fd=9 --compiler-filter=quicken --classpath-dir=/system/app/BasicDreams --class-loader-context=PCL[]
01-03 02:04:08.145  1024  1024 W dex2oat : Could not reserve sentinel fault page
01-03 02:04:08.221  1024  1024 I dex2oat : dex2oat took 83.757ms (66.808ms cpu) (threads: 4) arena alloc=9KB (9288B) java alloc=67KB (68792B) native alloc=636KB (651856B) free=899KB (921008B)
01-03 02:04:08.229   660   739 W zygote  : Long monitor contention with owner main (660) at int com.android.server.pm.PackageManagerService.performDexOptInternal(com.android.server.pm.dex.DexoptOptions)(PackageManagerService.java:10176) waiters=0 in void com.android.server.pm.PackageManagerService.lambda$-com_android_server_pm_PackageManagerService_141938(java.util.List, int) for 133ms
01-03 02:04:08.229   660   660 I PackageManager.DexOptimizer: Running dexopt (dexoptNeeded=1) on: /system/app/webview/webview.apk pkg=com.android.webview isa=arm dexoptFlags=public target-filter=quicken oatDir=null sharedLibraries=PCL[]
01-03 02:04:08.273  1029  1029 I dex2oat : /system/bin/dex2oat --input-vdex-fd=-1 --output-vdex-fd=9 --compiler-filter=quicken --classpath-dir=/system/app/webview --class-loader-context=PCL[]
01-03 02:04:08.279  1029  1029 W dex2oat : Could not reserve sentinel fault page
01-03 02:04:09.105  1029  1029 I dex2oat : dex2oat took 833.312ms (1.962s cpu) (threads: 4) arena alloc=8KB (9136B) java alloc=1702KB (1743168B) native alloc=2MB (2734368B) free=1937KB (1984224B)
01-03 02:04:09.119   660   739 W zygote  : Long monitor contention with owner main (660) at int com.android.server.pm.PackageManagerService.performDexOptInternal(com.android.server.pm.dex.DexoptOptions)(PackageManagerService.java:10176) waiters=0 in void com.android.server.pm.PackageManagerService.lambda$-com_android_server_pm_PackageManagerService_141938(java.util.List, int) for 890ms
01-03 02:04:09.120   660   660 I PackageManager.DexOptimizer: Running dexopt (dexoptNeeded=1) on: /system/app/BuiltInPrintService/BuiltInPrintService.apk pkg=com.android.bips isa=arm dexoptFlags=public target-filter=quicken oatDir=null sharedLibraries=PCL[]
01-03 02:04:09.161  1034  1034 I dex2oat : /system/bin/dex2oat --input-vdex-fd=-1 --output-vdex-fd=9 --compiler-filter=quicken --classpath-dir=/system/app/BuiltInPrintService --class-loader-context=PCL[]
01-03 02:04:09.168  1034  1034 W dex2oat : Could not reserve sentinel fault page
